ARM Linker, 4.1 [Build 481] [Standard]

==============================================================================

Section Cross References

    stm32f10x_it.o(.text) refers to main.o(.text) for Decrement_TimingDelay
    stm32f10x_it.o(.text) refers to sdcard.o(.text) for SD_ProcessIRQSrc
    main.o(.text) refers to stm32f10x_systick.o(.text) for SysTick_ITConfig
    main.o(.text) refers to disp.o(.text) for Disp_BMP
    main.o(.text) refers to lcd.o(.text) for SSD1963GPIOOUTCOM
    main.o(.text) refers to main.o(.data) for TimingDelay
    main.o(.text) refers to disp.o(.data) for image_count
    main.o(.text) refers to main.o(.bss) for DATA_SUM1
    main.o(.text) refers to tsl2583.o(.text) for I2C_READ_BYTE
    main.o(.text) refers to sdcard.o(.text) for SD_Init
    main.o(.text) refers to stm32f10x_rcc.o(.text) for RCC_APB2PeriphClockCmd
    main.o(.text) refers to stm32f10x_gpio.o(.text) for GPIO_Init
    main.o(.text) refers to stm32f10x_nvic.o(.text) for NVIC_PriorityGroupConfig
    main.o(.text) refers to stm32f10x_flash.o(.text) for FLASH_PrefetchBufferCmd
    main.o(.text) refers to fat.o(.text) for FAT_Init
    main.o(.text) refers to lcd.o(.data) for FontR
    main.o(.text) refers to stm32f10x_usart.o(.text) for USART_ClockInit
    lcd.o(.text) refers to stm32f10x_gpio.o(.text) for GPIO_Write
    lcd.o(.text) refers to main.o(.text) for Delay
    lcd.o(.text) refers to lcd.o(.data) for HPW
    lcd.o(.text) refers to stm32f10x_rcc.o(.text) for RCC_APB2PeriphClockCmd
    lcd.o(.text) refers to fflti.o(.text) for __aeabi_i2f
    lcd.o(.text) refers to ffixui.o(.text) for __aeabi_f2uiz
    lcd.o(.text) refers to main.o(.data) for SDShowTimes
    lcd.o(.text) refers to lcd.o(.constdata) for ASCII_Table
    stm32f10x_adc.o(.text) refers to stm32f10x_rcc.o(.text) for RCC_APB2PeriphResetCmd
    stm32f10x_bkp.o(.text) refers to stm32f10x_rcc.o(.text) for RCC_BackupResetCmd
    stm32f10x_can.o(.text) refers to stm32f10x_rcc.o(.text) for RCC_APB1PeriphResetCmd
    stm32f10x_dac.o(.text) refers to stm32f10x_rcc.o(.text) for RCC_APB1PeriphResetCmd
    stm32f10x_gpio.o(.text) refers to stm32f10x_rcc.o(.text) for RCC_APB2PeriphResetCmd
    stm32f10x_i2c.o(.text) refers to stm32f10x_rcc.o(.text) for RCC_APB1PeriphResetCmd
    stm32f10x_nvic.o(.text) refers to cortexm3_macro.o(.text) for __SETPRIMASK
    stm32f10x_pwr.o(.text) refers to stm32f10x_rcc.o(.text) for RCC_APB1PeriphResetCmd
    stm32f10x_pwr.o(.text) refers to cortexm3_macro.o(.text) for __WFI
    stm32f10x_rcc.o(.text) refers to stm32f10x_rcc.o(.constdata) for APBAHBPrescTable
    stm32f10x_spi.o(.text) refers to stm32f10x_rcc.o(.text) for RCC_APB2PeriphResetCmd
    stm32f10x_tim.o(.text) refers to stm32f10x_rcc.o(.text) for RCC_APB2PeriphResetCmd
    stm32f10x_usart.o(.text) refers to stm32f10x_rcc.o(.text) for RCC_APB2PeriphResetCmd
    stm32f10x_wwdg.o(.text) refers to stm32f10x_rcc.o(.text) for RCC_APB1PeriphResetCmd
    stm32f10x_vector.o(RESET) refers to stm32f10x_vector.o(STACK) for __initial_sp
    stm32f10x_vector.o(RESET) refers to stm32f10x_vector.o(.text) for Reset_Handler
    stm32f10x_vector.o(RESET) refers to stm32f10x_it.o(.text) for NMIException
    stm32f10x_vector.o(.text) refers to entry.o(.ARM.Collect$$$$00000000) for __main
    sdcard.o(.text) refers to stm32f10x_sdio.o(.text) for SDIO_GetPowerState
    sdcard.o(.text) refers to sdcard.o(.data) for .data
    sdcard.o(.text) refers to sdcard.o(.bss) for .bss
    sdcard.o(.text) refers to stm32f10x_rcc.o(.text) for RCC_APB2PeriphClockCmd
    sdcard.o(.text) refers to stm32f10x_gpio.o(.text) for GPIO_Init
    sdcard.o(.text) refers to main.o(.data) for sd_Capacity
    sdcard.o(.text) refers to stm32f10x_dma.o(.text) for DMA_ClearFlag
    fat.o(.text) refers to sdcard.o(.text) for SD_ReadBlock
    fat.o(.text) refers to malloc.o(i.malloc) for malloc
    fat.o(.text) refers to malloc.o(i.free) for free
    fat.o(.text) refers to main.o(.data) for sd_Capacity
    fat.o(.text) refers to fat.o(.data) for .data
    fat.o(.text) refers to fat.o(i.__ARM_common_memset4_12) for __ARM_common_memset4_12
    fat.o(.text) refers to memseta.o(.text) for __aeabi_memclr
    fat.o(.text) refers to fat.o(.bss) for .bss
    disp.o(.text) refers to fat.o(.text) for Search_man
    disp.o(.text) refers to malloc.o(i.malloc) for malloc
    disp.o(.text) refers to lcd.o(.text) for LCD_DisplayStringLine
    disp.o(.text) refers to malloc.o(i.free) for free
    disp.o(.text) refers to disp.o(.data) for .data
    disp.o(.text) refers to disp.o(.bss) for .bss
    disp.o(.text) refers to fat.o(.data) for SectorsPerClust
    tsl2583.o(.text) refers to stm32f10x_gpio.o(.text) for GPIO_Init
    tsl2583.o(.text) refers to main.o(.text) for MDelay
    tsl2583.o(.text) refers to tsl2583.o(.data) for slave_addr_use
    tsl2583.o(.text) refers to tsl2583.o(.bss) for DATA_SUM
    entry.o(.ARM.Collect$$$$00000000) refers (Special) to entry7.o(.ARM.Collect$$$$00000007) for _main_init
    entry.o(.ARM.Collect$$$$00000000) refers (Special) to entry5.o(.ARM.Collect$$$$00000004) for _main_scatterload
    entry.o(.ARM.Collect$$$$00000000) refers (Special) to entry2.o(.ARM.Collect$$$$00000001) for _main_stk
    malloc.o(i.free) refers to mvars.o(.data) for __microlib_freelist
    malloc.o(i.malloc) refers to mvars.o(.data) for __microlib_freelist_initialised
    malloc.o(i.malloc) refers to mvars.o(.data) for __microlib_freelist
    malloc.o(i.malloc) refers to stm32f10x_vector.o(HEAP) for __heap_base
    mallocr.o(i.__free$realloc) refers to mvars.o(.data) for __microlib_freelist
    mallocr.o(i.__malloc$realloc) refers to mallocr.o(i.internal_alloc) for internal_alloc
    mallocr.o(i.__malloc$realloc) refers to mvars.o(.data) for __microlib_freelist_initialised
    mallocr.o(i.__malloc$realloc) refers to stm32f10x_vector.o(HEAP) for __heap_base
    mallocr.o(i.__malloc$realloc) refers to mvars.o(.data) for __microlib_freelist
    mallocr.o(i.internal_alloc) refers to memcpya.o(.text) for __aeabi_memcpy
    mallocr.o(i.internal_alloc) refers to mvars.o(.data) for __microlib_freelist
    mallocr.o(i.realloc) refers to mallocr.o(i.__free$realloc) for __free$realloc
    mallocr.o(i.realloc) refers to mallocr.o(i.internal_alloc) for internal_alloc
    mallocr.o(i.realloc) refers to mallocr.o(i.__malloc$realloc) for __malloc$realloc
    mallocr.o(i.realloc) refers to mvars.o(.data) for __microlib_freelist
    malloca.o(i.__aligned_malloc) refers to mvars.o(.data) for __microlib_freelist_initialised
    malloca.o(i.__aligned_malloc) refers to mvars.o(.data) for __microlib_freelist
    malloca.o(i.__aligned_malloc) refers to stm32f10x_vector.o(HEAP) for __heap_base
    malloca.o(i.__free$memalign) refers to mvars.o(.data) for __microlib_freelist
    malloca.o(i.__malloc$memalign) refers to malloca.o(i.__aligned_malloc) for __aligned_malloc
    mallocra.o(i.__aligned_malloc$realloc) refers to mallocra.o(i.internal_alloc) for internal_alloc
    mallocra.o(i.__aligned_malloc$realloc) refers to mvars.o(.data) for __microlib_freelist_initialised
    mallocra.o(i.__aligned_malloc$realloc) refers to stm32f10x_vector.o(HEAP) for __heap_base
    mallocra.o(i.__aligned_malloc$realloc) refers to mvars.o(.data) for __microlib_freelist
    mallocra.o(i.__free$realloc$memalign) refers to mvars.o(.data) for __microlib_freelist
    mallocra.o(i.__malloc$realloc$memalign) refers to mallocra.o(i.__aligned_malloc$realloc) for __aligned_malloc$realloc
    mallocra.o(i.__realloc$memalign) refers to mallocra.o(i.__free$realloc$memalign) for __free$realloc$memalign
    mallocra.o(i.__realloc$memalign) refers to mallocra.o(i.internal_alloc) for internal_alloc
    mallocra.o(i.__realloc$memalign) refers to mallocra.o(i.__malloc$realloc$memalign) for __malloc$realloc$memalign
    mallocra.o(i.__realloc$memalign) refers to mvars.o(.data) for __microlib_freelist
    mallocra.o(i.internal_alloc) refers to memcpya.o(.text) for __aeabi_memcpy
    mallocra.o(i.internal_alloc) refers to mvars.o(.data) for __microlib_freelist
    fflti.o(.text) refers (Special) to iusefp.o(.text) for __I$use$fp
    fflti.o(.text) refers to fepilogue.o(.text) for _float_epilogue
    ffixui.o(.text) refers (Special) to iusefp.o(.text) for __I$use$fp
    entry2.o(.ARM.Collect$$$$00000001) refers to entry2.o(.ARM.Collect$$$$00002712) for __lit__00000000
    entry2.o(.ARM.Collect$$$$00002712) refers to stm32f10x_vector.o(STACK) for __initial_sp
    entry2.o(__vectab_stack_and_reset_area) refers to stm32f10x_vector.o(STACK) for __initial_sp
    entry2.o(__vectab_stack_and_reset_area) refers to entry.o(.ARM.Collect$$$$00000000) for __main
    entry5.o(.ARM.Collect$$$$00000004) refers to init.o(.text) for __scatterload
    entry7.o(.ARM.Collect$$$$00000007) refers to main.o(.text) for main
    init.o(.text) refers to entry5.o(.ARM.Collect$$$$00000004) for __main_after_scatterload


==============================================================================

Removing Unused input sections from the image.

    Removing main.o(.constdata), (151200 bytes).
    Removing stm32f10x_adc.o(.text), (1076 bytes).
    Removing stm32f10x_bkp.o(.text), (192 bytes).
    Removing stm32f10x_can.o(.text), (2188 bytes).
    Removing stm32f10x_crc.o(.text), (72 bytes).
    Removing stm32f10x_dac.o(.text), (408 bytes).
    Removing stm32f10x_dbgmcu.o(.text), (48 bytes).
    Removing stm32f10x_exti.o(.text), (352 bytes).
    Removing stm32f10x_fsmc.o(.text), (1564 bytes).
    Removing stm32f10x_i2c.o(.text), (984 bytes).
    Removing stm32f10x_iwdg.o(.text), (64 bytes).
    Removing stm32f10x_pwr.o(.text), (208 bytes).
    Removing stm32f10x_rtc.o(.text), (376 bytes).
    Removing stm32f10x_spi.o(.text), (772 bytes).
    Removing stm32f10x_tim.o(.text), (2916 bytes).
    Removing stm32f10x_wwdg.o(.text), (136 bytes).
    Removing fat.o(.bss), (512 bytes).
    Removing fat.o(.data), (1 bytes).
    Removing fat.o(.data), (4 bytes).

19 unused section(s) (total 163073 bytes) removed from the image.

==============================================================================

Image Symbol Table

    Local Symbols

    Symbol Name                              Value     Ov Type        Size  Object(Section)

    ../../microlib/fpepilogue.c              0x00000000   Number         0  fepilogue.o ABSOLUTE
    ../../microlib/fpfix.c                   0x00000000   Number         0  ffixui.o ABSOLUTE
    ../../microlib/fpflt.c                   0x00000000   Number         0  fflti.o ABSOLUTE
    ../../microlib/init/entry.s              0x00000000   Number         0  entry.o ABSOLUTE
    ../../microlib/init/entry.s              0x00000000   Number         0  entry5.o ABSOLUTE
    ../../microlib/init/entry.s              0x00000000   Number         0  entry7.o ABSOLUTE
    ../../microlib/init/entry.s              0x00000000   Number         0  entry2.o ABSOLUTE
    ../../microlib/malloc/malloc.c           0x00000000   Number         0  malloc.o ABSOLUTE
    ../../microlib/malloc/malloc.c           0x00000000   Number         0  malloca.o ABSOLUTE
    ../../microlib/malloc/malloc.c           0x00000000   Number         0  mallocr.o ABSOLUTE
    ../../microlib/malloc/malloc.c           0x00000000   Number         0  mallocra.o ABSOLUTE
    ../../microlib/malloc/mvars.c            0x00000000   Number         0  mvars.o ABSOLUTE
    ../../microlib/string/memcpy.c           0x00000000   Number         0  memcpya.o ABSOLUTE
    ../../microlib/string/memcpy.c           0x00000000   Number         0  memcpyb.o ABSOLUTE
    ../../microlib/string/memset.c           0x00000000   Number         0  memseta.o ABSOLUTE
    ../../microlib/stubs.s                   0x00000000   Number         0  iusefp.o ABSOLUTE
    ..\..\library\src\stm32f10x_adc.c        0x00000000   Number         0  stm32f10x_adc.o ABSOLUTE
    ..\..\library\src\stm32f10x_bkp.c        0x00000000   Number         0  stm32f10x_bkp.o ABSOLUTE
    ..\..\library\src\stm32f10x_can.c        0x00000000   Number         0  stm32f10x_can.o ABSOLUTE
    ..\..\library\src\stm32f10x_crc.c        0x00000000   Number         0  stm32f10x_crc.o ABSOLUTE
    ..\..\library\src\stm32f10x_dac.c        0x00000000   Number         0  stm32f10x_dac.o ABSOLUTE
    ..\..\library\src\stm32f10x_dbgmcu.c     0x00000000   Number         0  stm32f10x_dbgmcu.o ABSOLUTE
    ..\..\library\src\stm32f10x_dma.c        0x00000000   Number         0  stm32f10x_dma.o ABSOLUTE
    ..\..\library\src\stm32f10x_exti.c       0x00000000   Number         0  stm32f10x_exti.o ABSOLUTE
    ..\..\library\src\stm32f10x_flash.c      0x00000000   Number         0  stm32f10x_flash.o ABSOLUTE
    ..\..\library\src\stm32f10x_fsmc.c       0x00000000   Number         0  stm32f10x_fsmc.o ABSOLUTE
    ..\..\library\src\stm32f10x_gpio.c       0x00000000   Number         0  stm32f10x_gpio.o ABSOLUTE
    ..\..\library\src\stm32f10x_i2c.c        0x00000000   Number         0  stm32f10x_i2c.o ABSOLUTE
    ..\..\library\src\stm32f10x_iwdg.c       0x00000000   Number         0  stm32f10x_iwdg.o ABSOLUTE
    ..\..\library\src\stm32f10x_lib.c        0x00000000   Number         0  stm32f10x_lib.o ABSOLUTE
    ..\..\library\src\stm32f10x_nvic.c       0x00000000   Number         0  stm32f10x_nvic.o ABSOLUTE
    ..\..\library\src\stm32f10x_pwr.c        0x00000000   Number         0  stm32f10x_pwr.o ABSOLUTE
    ..\..\library\src\stm32f10x_rcc.c        0x00000000   Number         0  stm32f10x_rcc.o ABSOLUTE
    ..\..\library\src\stm32f10x_rtc.c        0x00000000   Number         0  stm32f10x_rtc.o ABSOLUTE
    ..\..\library\src\stm32f10x_sdio.c       0x00000000   Number         0  stm32f10x_sdio.o ABSOLUTE
    ..\..\library\src\stm32f10x_spi.c        0x00000000   Number         0  stm32f10x_spi.o ABSOLUTE
    ..\..\library\src\stm32f10x_systick.c    0x00000000   Number         0  stm32f10x_systick.o ABSOLUTE
    ..\..\library\src\stm32f10x_tim.c        0x00000000   Number         0  stm32f10x_tim.o ABSOLUTE
    ..\..\library\src\stm32f10x_usart.c      0x00000000   Number         0  stm32f10x_usart.o ABSOLUTE
    ..\..\library\src\stm32f10x_wwdg.c       0x00000000   Number         0  stm32f10x_wwdg.o ABSOLUTE
    ..\LCD.c                                 0x00000000   Number         0  lcd.o ABSOLUTE
    ..\main.c                                0x00000000   Number         0  main.o ABSOLUTE
    ..\stm32f10x_it.c                        0x00000000   Number         0  stm32f10x_it.o ABSOLUTE
    cortexm3_macro.s                         0x00000000   Number         0  cortexm3_macro.o ABSOLUTE
    dc.s                                     0x00000000   Number         0  dc.o ABSOLUTE
    demo\disp.c                              0x00000000   Number         0  disp.o ABSOLUTE
    handlers.s                               0x00000000   Number         0  handlers.o ABSOLUTE
    init.s                                   0x00000000   Number         0  init.o ABSOLUTE
    project\FAT.c                            0x00000000   Number         0  fat.o ABSOLUTE
    project\sdcard.c                         0x00000000   Number         0  sdcard.o ABSOLUTE
    stm32f10x_vector.s                       0x00000000   Number         0  stm32f10x_vector.o ABSOLUTE
    tsl2583.c                                0x00000000   Number         0  tsl2583.o ABSOLUTE
    RESET                                    0x08000000   Section      304  stm32f10x_vector.o(RESET)
    .ARM.Collect$$$$00000000                 0x08000130   Section        0  entry.o(.ARM.Collect$$$$00000000)
    .ARM.Collect$$$$00000001                 0x08000130   Section        4  entry2.o(.ARM.Collect$$$$00000001)
    .ARM.Collect$$$$00000004                 0x08000134   Section        4  entry5.o(.ARM.Collect$$$$00000004)
    .ARM.Collect$$$$00000007                 0x08000138   Section        8  entry7.o(.ARM.Collect$$$$00000007)
    .ARM.Collect$$$$00002712                 0x08000140   Section        4  entry2.o(.ARM.Collect$$$$00002712)
    __lit__00000000                          0x08000140   Data           4  entry2.o(.ARM.Collect$$$$00002712)
    .text                                    0x08000144   Section        0  stm32f10x_it.o(.text)
    .text                                    0x080001e4   Section        0  main.o(.text)
    .text                                    0x08000c2c   Section        0  lcd.o(.text)
    .text                                    0x08002954   Section        0  stm32f10x_dma.o(.text)
    .text                                    0x08002b98   Section        0  stm32f10x_flash.o(.text)
    .text                                    0x08002be0   Section        0  stm32f10x_gpio.o(.text)
    .text                                    0x08002f0c   Section        0  stm32f10x_nvic.o(.text)
    .text                                    0x08003364   Section        0  stm32f10x_rcc.o(.text)
    .text                                    0x08003704   Section        0  stm32f10x_sdio.o(.text)
    .text                                    0x080038d8   Section        0  stm32f10x_systick.o(.text)
    .text                                    0x0800399c   Section        0  stm32f10x_usart.o(.text)
    .text                                    0x08003d14   Section        8  stm32f10x_vector.o(.text)
    .text                                    0x08003d1c   Section      122  cortexm3_macro.o(.text)
    .text                                    0x08003d98   Section        0  sdcard.o(.text)
    CmdResp1Error                            0x08003f4d   Thumb Code   296  sdcard.o(.text)
    SDEnWideBus                              0x08004553   Thumb Code   548  sdcard.o(.text)
    IsCardProgramming                        0x08004d41   Thumb Code   364  sdcard.o(.text)
    .text                                    0x08005ad4   Section        0  fat.o(.text)
    .text                                    0x08007654   Section        0  disp.o(.text)
    .text                                    0x08007920   Section        0  tsl2583.o(.text)
    .text                                    0x08007d50   Section        0  memseta.o(.text)
    .text                                    0x08007d76   Section        0  fflti.o(.text)
    .text                                    0x08007d88   Section        0  ffixui.o(.text)
    .text                                    0x08007db0   Section        0  fepilogue.o(.text)
    .text                                    0x08007db0   Section        0  iusefp.o(.text)
    .text                                    0x08007e20   Section       36  init.o(.text)
    i.__ARM_common_memset4_12                0x08007e44   Section        0  fat.o(i.__ARM_common_memset4_12)
    i.__scatterload_copy                     0x08007e56   Section       14  handlers.o(i.__scatterload_copy)
    i.__scatterload_null                     0x08007e64   Section        2  handlers.o(i.__scatterload_null)
    i.__scatterload_zeroinit                 0x08007e66   Section       14  handlers.o(i.__scatterload_zeroinit)
    i.free                                   0x08007e74   Section        0  malloc.o(i.free)
    i.malloc                                 0x08007ec4   Section        0  malloc.o(i.malloc)
    .constdata                               0x08007f30   Section     4560  lcd.o(.constdata)
    .constdata                               0x08009100   Section       20  stm32f10x_rcc.o(.constdata)
    APBAHBPrescTable                         0x08009100   Data          16  stm32f10x_rcc.o(.constdata)
    ADCPrescTable                            0x08009110   Data           4  stm32f10x_rcc.o(.constdata)
    .data                                    0x20000000   Section       28  main.o(.data)
    TimingDelay                              0x20000000   Data           4  main.o(.data)
    .data                                    0x2000001c   Section       29  lcd.o(.data)
    TextColor                                0x2000002e   Data           2  lcd.o(.data)
    BackColor                                0x20000030   Data           2  lcd.o(.data)
    .data                                    0x2000003c   Section       40  sdcard.o(.data)
    CardType                                 0x20000040   Data           4  sdcard.o(.data)
    RCA                                      0x20000044   Data           4  sdcard.o(.data)
    DeviceMode                               0x20000048   Data           4  sdcard.o(.data)
    TotalNumberOfBytes                       0x2000004c   Data           4  sdcard.o(.data)
    StopCondition                            0x20000050   Data           4  sdcard.o(.data)
    .data                                    0x20000064   Section       36  fat.o(.data)
    .data                                    0x20000088   Section        4  disp.o(.data)
    .data                                    0x2000008c   Section        2  tsl2583.o(.data)
    .data                                    0x20000090   Section        4  mvars.o(.data)
    .data                                    0x20000094   Section        4  mvars.o(.data)
    .bss                                     0x20000098   Section      260  main.o(.bss)
    .bss                                     0x200001c0   Section      100  sdcard.o(.bss)
    CSD_Tab                                  0x200001c0   Data          16  sdcard.o(.bss)
    CID_Tab                                  0x200001d0   Data          16  sdcard.o(.bss)
    .bss                                     0x20000240   Section     1171  fat.o(.bss)
    .bss                                     0x20000700   Section       32  disp.o(.bss)
    .bss                                     0x20000720   Section       20  tsl2583.o(.bss)
    HEAP                                     0x20000738   Section     1024  stm32f10x_vector.o(HEAP)
    STACK                                    0x20000b38   Section     1024  stm32f10x_vector.o(STACK)

    Global Symbols

    Symbol Name                              Value     Ov Type        Size  Object(Section)

    BuildAttributes$$THM_ISAv4$P$D$K$B$S$PE$A:L22UL41UL21$X:L11$S22US41US21$IEEE1$IW$USESV6$~STKCKD$USESV7$~SHL$OTIME$ROPI$EBA8$MICROLIB$REQ8$PRES8$EABIv2 0x00000000   Number         0  anon$$obj.o ABSOLUTE
    __ARM_use_no_argv                        0x00000000   Number         0  main.o ABSOLUTE
    __decompress                              - Undefined Weak Reference
    __Vectors                                0x08000000   Data           4  stm32f10x_vector.o(RESET)
    __main                                   0x08000131   Thumb Code     0  entry.o(.ARM.Collect$$$$00000000)
    _main_stk                                0x08000131   Thumb Code     0  entry2.o(.ARM.Collect$$$$00000001)
    _main_scatterload                        0x08000135   Thumb Code     0  entry5.o(.ARM.Collect$$$$00000004)
    __main_after_scatterload                 0x08000139   Thumb Code     0  entry5.o(.ARM.Collect$$$$00000004)
    _main_init                               0x08000139   Thumb Code     0  entry7.o(.ARM.Collect$$$$00000007)
    NMIException                             0x08000145   Thumb Code     2  stm32f10x_it.o(.text)
    HardFaultException                       0x08000147   Thumb Code     4  stm32f10x_it.o(.text)
    MemManageException                       0x0800014b   Thumb Code     4  stm32f10x_it.o(.text)
    BusFaultException                        0x0800014f   Thumb Code     4  stm32f10x_it.o(.text)
    UsageFaultException                      0x08000153   Thumb Code     4  stm32f10x_it.o(.text)
    DebugMonitor                             0x08000157   Thumb Code     2  stm32f10x_it.o(.text)
    SVCHandler                               0x08000159   Thumb Code     2  stm32f10x_it.o(.text)
    PendSVC                                  0x0800015b   Thumb Code     2  stm32f10x_it.o(.text)
    SysTickHandler                           0x0800015d   Thumb Code     8  stm32f10x_it.o(.text)
    WWDG_IRQHandler                          0x08000165   Thumb Code     2  stm32f10x_it.o(.text)
    PVD_IRQHandler                           0x08000167   Thumb Code     2  stm32f10x_it.o(.text)
    TAMPER_IRQHandler                        0x08000169   Thumb Code     2  stm32f10x_it.o(.text)
    RTC_IRQHandler                           0x0800016b   Thumb Code     2  stm32f10x_it.o(.text)
    FLASH_IRQHandler                         0x0800016d   Thumb Code     2  stm32f10x_it.o(.text)
    RCC_IRQHandler                           0x0800016f   Thumb Code     2  stm32f10x_it.o(.text)
    EXTI0_IRQHandler                         0x08000171   Thumb Code     2  stm32f10x_it.o(.text)
    EXTI1_IRQHandler                         0x08000173   Thumb Code     2  stm32f10x_it.o(.text)
    EXTI2_IRQHandler                         0x08000175   Thumb Code     2  stm32f10x_it.o(.text)
    EXTI3_IRQHandler                         0x08000177   Thumb Code     2  stm32f10x_it.o(.text)
    EXTI4_IRQHandler                         0x08000179   Thumb Code     2  stm32f10x_it.o(.text)
    DMA1_Channel1_IRQHandler                 0x0800017b   Thumb Code     2  stm32f10x_it.o(.text)
    DMA1_Channel2_IRQHandler                 0x0800017d   Thumb Code     2  stm32f10x_it.o(.text)
    DMA1_Channel3_IRQHandler                 0x0800017f   Thumb Code     2  stm32f10x_it.o(.text)
    DMA1_Channel4_IRQHandler                 0x08000181   Thumb Code     2  stm32f10x_it.o(.text)
    DMA1_Channel5_IRQHandler                 0x08000183   Thumb Code     2  stm32f10x_it.o(.text)
    DMA1_Channel6_IRQHandler                 0x08000185   Thumb Code     2  stm32f10x_it.o(.text)
    DMA1_Channel7_IRQHandler                 0x08000187   Thumb Code     2  stm32f10x_it.o(.text)
    ADC1_2_IRQHandler                        0x08000189   Thumb Code     2  stm32f10x_it.o(.text)
    USB_HP_CAN_TX_IRQHandler                 0x0800018b   Thumb Code     2  stm32f10x_it.o(.text)
    USB_LP_CAN_RX0_IRQHandler                0x0800018d   Thumb Code     2  stm32f10x_it.o(.text)
    CAN_RX1_IRQHandler                       0x0800018f   Thumb Code     2  stm32f10x_it.o(.text)
    CAN_SCE_IRQHandler                       0x08000191   Thumb Code     2  stm32f10x_it.o(.text)
    EXTI9_5_IRQHandler                       0x08000193   Thumb Code     2  stm32f10x_it.o(.text)
    TIM1_BRK_IRQHandler                      0x08000195   Thumb Code     2  stm32f10x_it.o(.text)
    TIM1_UP_IRQHandler                       0x08000197   Thumb Code     2  stm32f10x_it.o(.text)
    TIM1_TRG_COM_IRQHandler                  0x08000199   Thumb Code     2  stm32f10x_it.o(.text)
    TIM1_CC_IRQHandler                       0x0800019b   Thumb Code     2  stm32f10x_it.o(.text)
    TIM2_IRQHandler                          0x0800019d   Thumb Code     2  stm32f10x_it.o(.text)
    TIM3_IRQHandler                          0x0800019f   Thumb Code     2  stm32f10x_it.o(.text)
    TIM4_IRQHandler                          0x080001a1   Thumb Code     2  stm32f10x_it.o(.text)
    I2C1_EV_IRQHandler                       0x080001a3   Thumb Code     2  stm32f10x_it.o(.text)
    I2C1_ER_IRQHandler                       0x080001a5   Thumb Code     2  stm32f10x_it.o(.text)
    I2C2_EV_IRQHandler                       0x080001a7   Thumb Code     2  stm32f10x_it.o(.text)
    I2C2_ER_IRQHandler                       0x080001a9   Thumb Code     2  stm32f10x_it.o(.text)
    SPI1_IRQHandler                          0x080001ab   Thumb Code     2  stm32f10x_it.o(.text)
    SPI2_IRQHandler                          0x080001ad   Thumb Code     2  stm32f10x_it.o(.text)
    USART1_IRQHandler                        0x080001af   Thumb Code     2  stm32f10x_it.o(.text)
    USART2_IRQHandler                        0x080001b1   Thumb Code     2  stm32f10x_it.o(.text)
    USART3_IRQHandler                        0x080001b3   Thumb Code     2  stm32f10x_it.o(.text)
    EXTI15_10_IRQHandler                     0x080001b5   Thumb Code     2  stm32f10x_it.o(.text)
    RTCAlarm_IRQHandler                      0x080001b7   Thumb Code     2  stm32f10x_it.o(.text)
    USBWakeUp_IRQHandler                     0x080001b9   Thumb Code     2  stm32f10x_it.o(.text)
    TIM8_BRK_IRQHandler                      0x080001bb   Thumb Code     2  stm32f10x_it.o(.text)
    TIM8_UP_IRQHandler                       0x080001bd   Thumb Code     2  stm32f10x_it.o(.text)
    TIM8_TRG_COM_IRQHandler                  0x080001bf   Thumb Code     2  stm32f10x_it.o(.text)
    TIM8_CC_IRQHandler                       0x080001c1   Thumb Code     2  stm32f10x_it.o(.text)
    ADC3_IRQHandler                          0x080001c3   Thumb Code     2  stm32f10x_it.o(.text)
    FSMC_IRQHandler                          0x080001c5   Thumb Code     2  stm32f10x_it.o(.text)
    SDIO_IRQHandler                          0x080001c7   Thumb Code     8  stm32f10x_it.o(.text)
    TIM5_IRQHandler                          0x080001cf   Thumb Code     2  stm32f10x_it.o(.text)
    SPI3_IRQHandler                          0x080001d1   Thumb Code     2  stm32f10x_it.o(.text)
    UART4_IRQHandler                         0x080001d3   Thumb Code     2  stm32f10x_it.o(.text)
    UART5_IRQHandler                         0x080001d5   Thumb Code     2  stm32f10x_it.o(.text)
    TIM6_IRQHandler                          0x080001d7   Thumb Code     2  stm32f10x_it.o(.text)
    TIM7_IRQHandler                          0x080001d9   Thumb Code     2  stm32f10x_it.o(.text)
    DMA2_Channel1_IRQHandler                 0x080001db   Thumb Code     2  stm32f10x_it.o(.text)
    DMA2_Channel2_IRQHandler                 0x080001dd   Thumb Code     2  stm32f10x_it.o(.text)
    DMA2_Channel3_IRQHandler                 0x080001df   Thumb Code     2  stm32f10x_it.o(.text)
    DMA2_Channel4_5_IRQHandler               0x080001e1   Thumb Code     2  stm32f10x_it.o(.text)
    Delay                                    0x080001e5   Thumb Code    36  main.o(.text)
    DelayKEY                                 0x08000209   Thumb Code    52  main.o(.text)
    SDPicShow                                0x0800023d   Thumb Code    72  main.o(.text)
    MDelay                                   0x08000285   Thumb Code    30  main.o(.text)
    MTP                                      0x080002a3   Thumb Code   622  main.o(.text)
    SHOW_value                               0x08000511   Thumb Code   116  main.o(.text)
    I2C_DATAL_COMPARE                        0x08000585   Thumb Code    54  main.o(.text)
    I2C_MEMSURE1                             0x080005bb   Thumb Code   184  main.o(.text)
    I2C_DATAL_COMPAREX                       0x08000673   Thumb Code    74  main.o(.text)
    SD_InitAndConfig                         0x080006bd   Thumb Code    96  main.o(.text)
    KEYGPIO_Init                             0x0800071d   Thumb Code    54  main.o(.text)
    SysTick_Config                           0x08000753   Thumb Code    28  main.o(.text)
    NVIC_Configuration                       0x0800076f   Thumb Code    80  main.o(.text)
    RCC_Configuration                        0x080007bf   Thumb Code   120  main.o(.text)
    main                                     0x08000837   Thumb Code   670  main.o(.text)
    READ_SSD2825                             0x08000ad5   Thumb Code   148  main.o(.text)
    InterruptConfig                          0x08000b69   Thumb Code    22  main.o(.text)
    Decrement_TimingDelay                    0x08000b7f   Thumb Code    18  main.o(.text)
    USART_Configuration                      0x08000b91   Thumb Code    86  main.o(.text)
    USART1GPIO_Configuration                 0x08000be7   Thumb Code    54  main.o(.text)
    SSD1963Data_8                            0x08000c2d   Thumb Code    86  lcd.o(.text)
    SSD1963Command_8                         0x08000c83   Thumb Code    86  lcd.o(.text)
    SSD1963GPIOOUTDATA_16                    0x08000cd9   Thumb Code   292  lcd.o(.text)
    SSD1963GPIOOUTCOM                        0x08000dfd   Thumb Code   164  lcd.o(.text)
    VIDEO_ON                                 0x08000ea1   Thumb Code   242  lcd.o(.text)
    SSD1963GPIOOUTDATA_18                    0x08000f93   Thumb Code   198  lcd.o(.text)
    SSD2825INITIAL_HX8369B                   0x08001059   Thumb Code  2272  lcd.o(.text)
    SSD1963INITSSD2825                       0x08001939   Thumb Code   262  lcd.o(.text)
    LCD_CtrlLinesConfig                      0x08001a3f   Thumb Code    74  lcd.o(.text)
    STM32_SSD1963_Init                       0x08001a89   Thumb Code   736  lcd.o(.text)
    SSD1963toSSD2825DATA_8BIT                0x08001d69   Thumb Code   152  lcd.o(.text)
    SSD1963GPIOOUTDATA_8                     0x08001e01   Thumb Code   286  lcd.o(.text)
    SPISDASetInput                           0x08001f1f   Thumb Code    24  lcd.o(.text)
    SPISDASetOutput                          0x08001f37   Thumb Code    30  lcd.o(.text)
    SSD2825_READ                             0x08001f55   Thumb Code   476  lcd.o(.text)
    READ_IC                                  0x08002131   Thumb Code     4  lcd.o(.text)
    ENTER_LP_mode                            0x08002135   Thumb Code    76  lcd.o(.text)
    ENTER_READ_mode                          0x08002181   Thumb Code    18  lcd.o(.text)
    HX8369_cmd_4                             0x08002193   Thumb Code    58  lcd.o(.text)
    enter_sleep_mode                         0x080021cd   Thumb Code   300  lcd.o(.text)
    exit_sleep_mode                          0x080022f9   Thumb Code     8  lcd.o(.text)
    LCD_SetDisplayWindow                     0x08002301   Thumb Code   110  lcd.o(.text)
    LCD_WriteRAM_Prepare                     0x0800236f   Thumb Code    10  lcd.o(.text)
    LCD_DrawPoint                            0x08002379   Thumb Code    46  lcd.o(.text)
    LCD_WriteArea                            0x080023a7   Thumb Code    98  lcd.o(.text)
    Flicker_sub_pixel                        0x08002409   Thumb Code    86  lcd.o(.text)
    Flicker_PIXEL                            0x0800245f   Thumb Code    86  lcd.o(.text)
    Flicker_COLUMN                           0x080024b5   Thumb Code   102  lcd.o(.text)
    RGB_color                                0x0800251b   Thumb Code   214  lcd.o(.text)
    CT                                       0x080025f1   Thumb Code   126  lcd.o(.text)
    All_Color                                0x0800266f   Thumb Code    66  lcd.o(.text)
    LCD_Clear                                0x080026b1   Thumb Code    14  lcd.o(.text)
    LCD_WriteBMP                             0x080026bf   Thumb Code   110  lcd.o(.text)
    LCD_PutChar                              0x0800272d   Thumb Code   154  lcd.o(.text)
    LCD_DisplayStringLine                    0x080027c7   Thumb Code    58  lcd.o(.text)
    LCD_PutChar_A                            0x08002801   Thumb Code   226  lcd.o(.text)
    LCD_DisplayStringLine_A                  0x080028e3   Thumb Code    98  lcd.o(.text)
    DMA_DeInit                               0x08002955   Thumb Code   316  stm32f10x_dma.o(.text)
    DMA_Init                                 0x08002a91   Thumb Code    60  stm32f10x_dma.o(.text)
    DMA_StructInit                           0x08002acd   Thumb Code    26  stm32f10x_dma.o(.text)
    DMA_Cmd                                  0x08002ae7   Thumb Code    22  stm32f10x_dma.o(.text)
    DMA_ITConfig                             0x08002afd   Thumb Code    18  stm32f10x_dma.o(.text)
    DMA_GetCurrDataCounter                   0x08002b0f   Thumb Code     8  stm32f10x_dma.o(.text)
    DMA_GetFlagStatus                        0x08002b17   Thumb Code    34  stm32f10x_dma.o(.text)
    DMA_ClearFlag                            0x08002b39   Thumb Code    18  stm32f10x_dma.o(.text)
    DMA_GetITStatus                          0x08002b4b   Thumb Code    34  stm32f10x_dma.o(.text)
    DMA_ClearITPendingBit                    0x08002b6d   Thumb Code    18  stm32f10x_dma.o(.text)
    FLASH_SetLatency                         0x08002b99   Thumb Code    22  stm32f10x_flash.o(.text)
    FLASH_HalfCycleAccessCmd                 0x08002baf   Thumb Code    22  stm32f10x_flash.o(.text)
    FLASH_PrefetchBufferCmd                  0x08002bc5   Thumb Code    22  stm32f10x_flash.o(.text)
    GPIO_DeInit                              0x08002be1   Thumb Code   188  stm32f10x_gpio.o(.text)
    GPIO_AFIODeInit                          0x08002c9d   Thumb Code    20  stm32f10x_gpio.o(.text)
    GPIO_Init                                0x08002cb1   Thumb Code   274  stm32f10x_gpio.o(.text)
    GPIO_StructInit                          0x08002dc3   Thumb Code    16  stm32f10x_gpio.o(.text)
    GPIO_ReadInputDataBit                    0x08002dd3   Thumb Code    18  stm32f10x_gpio.o(.text)
    GPIO_ReadInputData                       0x08002de5   Thumb Code     8  stm32f10x_gpio.o(.text)
    GPIO_ReadOutputDataBit                   0x08002ded   Thumb Code    18  stm32f10x_gpio.o(.text)
    GPIO_ReadOutputData                      0x08002dff   Thumb Code     8  stm32f10x_gpio.o(.text)
    GPIO_SetBits                             0x08002e07   Thumb Code     4  stm32f10x_gpio.o(.text)
    GPIO_ResetBits                           0x08002e0b   Thumb Code     4  stm32f10x_gpio.o(.text)
    GPIO_WriteBit                            0x08002e0f   Thumb Code    10  stm32f10x_gpio.o(.text)
    GPIO_Write                               0x08002e19   Thumb Code     4  stm32f10x_gpio.o(.text)
    GPIO_PinLockConfig                       0x08002e1d   Thumb Code    18  stm32f10x_gpio.o(.text)
    GPIO_EventOutputConfig                   0x08002e2f   Thumb Code    26  stm32f10x_gpio.o(.text)
    GPIO_EventOutputCmd                      0x08002e49   Thumb Code     6  stm32f10x_gpio.o(.text)
    GPIO_PinRemapConfig                      0x08002e4f   Thumb Code   106  stm32f10x_gpio.o(.text)
    GPIO_EXTILineConfig                      0x08002eb9   Thumb Code    66  stm32f10x_gpio.o(.text)
    NVIC_DeInit                              0x08002f0d   Thumb Code    58  stm32f10x_nvic.o(.text)
    NVIC_SCBDeInit                           0x08002f47   Thumb Code    92  stm32f10x_nvic.o(.text)
    NVIC_PriorityGroupConfig                 0x08002fa3   Thumb Code    10  stm32f10x_nvic.o(.text)
    NVIC_Init                                0x08002fad   Thumb Code   192  stm32f10x_nvic.o(.text)
    NVIC_StructInit                          0x0800306d   Thumb Code    12  stm32f10x_nvic.o(.text)
    NVIC_SETPRIMASK                          0x08003079   Thumb Code     8  stm32f10x_nvic.o(.text)
    NVIC_RESETPRIMASK                        0x08003081   Thumb Code     8  stm32f10x_nvic.o(.text)
    NVIC_SETFAULTMASK                        0x08003089   Thumb Code     8  stm32f10x_nvic.o(.text)
    NVIC_RESETFAULTMASK                      0x08003091   Thumb Code     8  stm32f10x_nvic.o(.text)
    NVIC_BASEPRICONFIG                       0x08003099   Thumb Code    12  stm32f10x_nvic.o(.text)
    NVIC_GetBASEPRI                          0x080030a5   Thumb Code     8  stm32f10x_nvic.o(.text)
    NVIC_GetCurrentPendingIRQChannel         0x080030ad   Thumb Code    10  stm32f10x_nvic.o(.text)
    NVIC_GetIRQChannelPendingBitStatus       0x080030b7   Thumb Code    42  stm32f10x_nvic.o(.text)
    NVIC_SetIRQChannelPendingBit             0x080030e1   Thumb Code     6  stm32f10x_nvic.o(.text)
    NVIC_ClearIRQChannelPendingBit           0x080030e7   Thumb Code    20  stm32f10x_nvic.o(.text)
    NVIC_GetCurrentActiveHandler             0x080030fb   Thumb Code    10  stm32f10x_nvic.o(.text)
    NVIC_GetIRQChannelActiveBitStatus        0x08003105   Thumb Code    42  stm32f10x_nvic.o(.text)
    NVIC_GetCPUID                            0x0800312f   Thumb Code     6  stm32f10x_nvic.o(.text)
    NVIC_SetVectorTable                      0x08003135   Thumb Code    12  stm32f10x_nvic.o(.text)
    NVIC_GenerateSystemReset                 0x08003141   Thumb Code    10  stm32f10x_nvic.o(.text)
    NVIC_GenerateCoreReset                   0x0800314b   Thumb Code    10  stm32f10x_nvic.o(.text)
    NVIC_SystemLPConfig                      0x08003155   Thumb Code    38  stm32f10x_nvic.o(.text)
    NVIC_SystemHandlerConfig                 0x0800317b   Thumb Code    52  stm32f10x_nvic.o(.text)
    NVIC_SystemHandlerPriorityConfig         0x080031af   Thumb Code   122  stm32f10x_nvic.o(.text)
    NVIC_GetSystemHandlerPendingBitStatus    0x08003229   Thumb Code    42  stm32f10x_nvic.o(.text)
    NVIC_SetSystemHandlerPendingBit          0x08003253   Thumb Code    32  stm32f10x_nvic.o(.text)
    NVIC_ClearSystemHandlerPendingBit        0x08003273   Thumb Code    38  stm32f10x_nvic.o(.text)
    NVIC_GetSystemHandlerActiveBitStatus     0x08003299   Thumb Code    40  stm32f10x_nvic.o(.text)
    NVIC_GetFaultHandlerSources              0x080032c1   Thumb Code   126  stm32f10x_nvic.o(.text)
    NVIC_GetFaultAddress                     0x0800333f   Thumb Code    24  stm32f10x_nvic.o(.text)
    RCC_DeInit                               0x08003365   Thumb Code    62  stm32f10x_rcc.o(.text)
    RCC_HSEConfig                            0x080033a3   Thumb Code    70  stm32f10x_rcc.o(.text)
    RCC_GetFlagStatus                        0x080033e9   Thumb Code    56  stm32f10x_rcc.o(.text)
    RCC_WaitForHSEStartUp                    0x08003421   Thumb Code    46  stm32f10x_rcc.o(.text)
    RCC_AdjustHSICalibrationValue            0x0800344f   Thumb Code    20  stm32f10x_rcc.o(.text)
    RCC_HSICmd                               0x08003463   Thumb Code     6  stm32f10x_rcc.o(.text)
    RCC_PLLConfig                            0x08003469   Thumb Code    24  stm32f10x_rcc.o(.text)
    RCC_PLLCmd                               0x08003481   Thumb Code     6  stm32f10x_rcc.o(.text)
    RCC_SYSCLKConfig                         0x08003487   Thumb Code    18  stm32f10x_rcc.o(.text)
    RCC_GetSYSCLKSource                      0x08003499   Thumb Code    10  stm32f10x_rcc.o(.text)
    RCC_HCLKConfig                           0x080034a3   Thumb Code    18  stm32f10x_rcc.o(.text)
    RCC_PCLK1Config                          0x080034b5   Thumb Code    18  stm32f10x_rcc.o(.text)
    RCC_PCLK2Config                          0x080034c7   Thumb Code    20  stm32f10x_rcc.o(.text)
    RCC_ITConfig                             0x080034db   Thumb Code    30  stm32f10x_rcc.o(.text)
    RCC_USBCLKConfig                         0x080034f9   Thumb Code     6  stm32f10x_rcc.o(.text)
    RCC_ADCCLKConfig                         0x080034ff   Thumb Code    18  stm32f10x_rcc.o(.text)
    RCC_LSEConfig                            0x08003511   Thumb Code    44  stm32f10x_rcc.o(.text)
    RCC_LSICmd                               0x0800353d   Thumb Code     6  stm32f10x_rcc.o(.text)
    RCC_RTCCLKConfig                         0x08003543   Thumb Code    12  stm32f10x_rcc.o(.text)
    RCC_RTCCLKCmd                            0x0800354f   Thumb Code     6  stm32f10x_rcc.o(.text)
    RCC_GetClocksFreq                        0x08003555   Thumb Code   192  stm32f10x_rcc.o(.text)
    RCC_AHBPeriphClockCmd                    0x08003615   Thumb Code    26  stm32f10x_rcc.o(.text)
    RCC_APB2PeriphClockCmd                   0x0800362f   Thumb Code    26  stm32f10x_rcc.o(.text)
    RCC_APB1PeriphClockCmd                   0x08003649   Thumb Code    26  stm32f10x_rcc.o(.text)
    RCC_APB2PeriphResetCmd                   0x08003663   Thumb Code    26  stm32f10x_rcc.o(.text)
    RCC_APB1PeriphResetCmd                   0x0800367d   Thumb Code    26  stm32f10x_rcc.o(.text)
    RCC_BackupResetCmd                       0x08003697   Thumb Code     6  stm32f10x_rcc.o(.text)
    RCC_ClockSecuritySystemCmd               0x0800369d   Thumb Code     6  stm32f10x_rcc.o(.text)
    RCC_MCOConfig                            0x080036a3   Thumb Code     6  stm32f10x_rcc.o(.text)
    RCC_ClearFlag                            0x080036a9   Thumb Code    14  stm32f10x_rcc.o(.text)
    RCC_GetITStatus                          0x080036b7   Thumb Code    20  stm32f10x_rcc.o(.text)
    RCC_ClearITPendingBit                    0x080036cb   Thumb Code     6  stm32f10x_rcc.o(.text)
    SDIO_DeInit                              0x08003705   Thumb Code    28  stm32f10x_sdio.o(.text)
    SDIO_Init                                0x08003721   Thumb Code    42  stm32f10x_sdio.o(.text)
    SDIO_StructInit                          0x0800374b   Thumb Code    16  stm32f10x_sdio.o(.text)
    SDIO_ClockCmd                            0x0800375b   Thumb Code     6  stm32f10x_sdio.o(.text)
    SDIO_SetPowerState                       0x08003761   Thumb Code    22  stm32f10x_sdio.o(.text)
    SDIO_GetPowerState                       0x08003777   Thumb Code    10  stm32f10x_sdio.o(.text)
    SDIO_ITConfig                            0x08003781   Thumb Code    26  stm32f10x_sdio.o(.text)
    SDIO_DMACmd                              0x0800379b   Thumb Code     6  stm32f10x_sdio.o(.text)
    SDIO_SendCommand                         0x080037a1   Thumb Code    38  stm32f10x_sdio.o(.text)
    SDIO_CmdStructInit                       0x080037c7   Thumb Code    14  stm32f10x_sdio.o(.text)
    SDIO_GetCommandResponse                  0x080037d5   Thumb Code     8  stm32f10x_sdio.o(.text)
    SDIO_GetResponse                         0x080037dd   Thumb Code    10  stm32f10x_sdio.o(.text)
    SDIO_DataConfig                          0x080037e7   Thumb Code    42  stm32f10x_sdio.o(.text)
    SDIO_DataStructInit                      0x08003811   Thumb Code    20  stm32f10x_sdio.o(.text)
    SDIO_GetDataCounter                      0x08003825   Thumb Code     6  stm32f10x_sdio.o(.text)
    SDIO_ReadData                            0x0800382b   Thumb Code     6  stm32f10x_sdio.o(.text)
    SDIO_WriteData                           0x08003831   Thumb Code     6  stm32f10x_sdio.o(.text)
    SDIO_GetFIFOCount                        0x08003837   Thumb Code     6  stm32f10x_sdio.o(.text)
    SDIO_StartSDIOReadWait                   0x0800383d   Thumb Code     6  stm32f10x_sdio.o(.text)
    SDIO_StopSDIOReadWait                    0x08003843   Thumb Code     6  stm32f10x_sdio.o(.text)
    SDIO_SetSDIOReadWaitMode                 0x08003849   Thumb Code     6  stm32f10x_sdio.o(.text)
    SDIO_SetSDIOOperation                    0x0800384f   Thumb Code     6  stm32f10x_sdio.o(.text)
    SDIO_SendSDIOSuspendCmd                  0x08003855   Thumb Code     6  stm32f10x_sdio.o(.text)
    SDIO_CommandCompletionCmd                0x0800385b   Thumb Code     6  stm32f10x_sdio.o(.text)
    SDIO_CEATAITCmd                          0x08003861   Thumb Code    10  stm32f10x_sdio.o(.text)
    SDIO_SendCEATACmd                        0x0800386b   Thumb Code     6  stm32f10x_sdio.o(.text)
    SDIO_GetFlagStatus                       0x08003871   Thumb Code    20  stm32f10x_sdio.o(.text)
    SDIO_ClearFlag                           0x08003885   Thumb Code     6  stm32f10x_sdio.o(.text)
    SDIO_GetITStatus                         0x0800388b   Thumb Code    20  stm32f10x_sdio.o(.text)
    SDIO_ClearITPendingBit                   0x0800389f   Thumb Code     6  stm32f10x_sdio.o(.text)
    SysTick_CLKSourceConfig                  0x080038d9   Thumb Code    40  stm32f10x_systick.o(.text)
    SysTick_SetReload                        0x08003901   Thumb Code     8  stm32f10x_systick.o(.text)
    SysTick_CounterCmd                       0x08003909   Thumb Code    54  stm32f10x_systick.o(.text)
    SysTick_ITConfig                         0x0800393f   Thumb Code    38  stm32f10x_systick.o(.text)
    SysTick_GetCounter                       0x08003965   Thumb Code     8  stm32f10x_systick.o(.text)
    SysTick_GetFlagStatus                    0x0800396d   Thumb Code    46  stm32f10x_systick.o(.text)
    USART_DeInit                             0x0800399d   Thumb Code   146  stm32f10x_usart.o(.text)
    USART_Init                               0x08003a2f   Thumb Code   150  stm32f10x_usart.o(.text)
    USART_StructInit                         0x08003ac5   Thumb Code    24  stm32f10x_usart.o(.text)
    USART_ClockInit                          0x08003add   Thumb Code    34  stm32f10x_usart.o(.text)
    USART_ClockStructInit                    0x08003aff   Thumb Code    12  stm32f10x_usart.o(.text)
    USART_Cmd                                0x08003b0b   Thumb Code    24  stm32f10x_usart.o(.text)
    USART_ITConfig                           0x08003b23   Thumb Code    64  stm32f10x_usart.o(.text)
    USART_DMACmd                             0x08003b63   Thumb Code    24  stm32f10x_usart.o(.text)
    USART_SetAddress                         0x08003b7b   Thumb Code    18  stm32f10x_usart.o(.text)
    USART_WakeUpConfig                       0x08003b8d   Thumb Code    18  stm32f10x_usart.o(.text)
    USART_ReceiverWakeUpCmd                  0x08003b9f   Thumb Code    24  stm32f10x_usart.o(.text)
    USART_LINBreakDetectLengthConfig         0x08003bb7   Thumb Code    18  stm32f10x_usart.o(.text)
    USART_LINCmd                             0x08003bc9   Thumb Code    24  stm32f10x_usart.o(.text)
    USART_SendData                           0x08003be1   Thumb Code     8  stm32f10x_usart.o(.text)
    USART_ReceiveData                        0x08003be9   Thumb Code    10  stm32f10x_usart.o(.text)
    USART_SendBreak                          0x08003bf3   Thumb Code    10  stm32f10x_usart.o(.text)
    USART_SetGuardTime                       0x08003bfd   Thumb Code    16  stm32f10x_usart.o(.text)
    USART_SetPrescaler                       0x08003c0d   Thumb Code    16  stm32f10x_usart.o(.text)
    USART_SmartCardCmd                       0x08003c1d   Thumb Code    24  stm32f10x_usart.o(.text)
    USART_SmartCardNACKCmd                   0x08003c35   Thumb Code    24  stm32f10x_usart.o(.text)
    USART_HalfDuplexCmd                      0x08003c4d   Thumb Code    24  stm32f10x_usart.o(.text)
    USART_IrDAConfig                         0x08003c65   Thumb Code    18  stm32f10x_usart.o(.text)
    USART_IrDACmd                            0x08003c77   Thumb Code    24  stm32f10x_usart.o(.text)
    USART_GetFlagStatus                      0x08003c8f   Thumb Code    18  stm32f10x_usart.o(.text)
    USART_ClearFlag                          0x08003ca1   Thumb Code     6  stm32f10x_usart.o(.text)
    USART_GetITStatus                        0x08003ca7   Thumb Code    76  stm32f10x_usart.o(.text)
    USART_ClearITPendingBit                  0x08003cf3   Thumb Code    20  stm32f10x_usart.o(.text)
    Reset_Handler                            0x08003d15   Thumb Code     4  stm32f10x_vector.o(.text)
    __WFI                                    0x08003d1d   Thumb Code     0  cortexm3_macro.o(.text)
    __WFE                                    0x08003d21   Thumb Code     0  cortexm3_macro.o(.text)
    __SEV                                    0x08003d25   Thumb Code     0  cortexm3_macro.o(.text)
    __ISB                                    0x08003d29   Thumb Code     0  cortexm3_macro.o(.text)
    __DSB                                    0x08003d2f   Thumb Code     0  cortexm3_macro.o(.text)
    __DMB                                    0x08003d35   Thumb Code     0  cortexm3_macro.o(.text)
    __SVC                                    0x08003d3b   Thumb Code     0  cortexm3_macro.o(.text)
    __MRS_CONTROL                            0x08003d3f   Thumb Code     0  cortexm3_macro.o(.text)
    __MSR_CONTROL                            0x08003d45   Thumb Code     0  cortexm3_macro.o(.text)
    __MRS_PSP                                0x08003d4f   Thumb Code     0  cortexm3_macro.o(.text)
    __MSR_PSP                                0x08003d55   Thumb Code     0  cortexm3_macro.o(.text)
    __MRS_MSP                                0x08003d5b   Thumb Code     0  cortexm3_macro.o(.text)
    __MSR_MSP                                0x08003d61   Thumb Code     0  cortexm3_macro.o(.text)
    __RESETPRIMASK                           0x08003d67   Thumb Code     0  cortexm3_macro.o(.text)
    __SETPRIMASK                             0x08003d6b   Thumb Code     0  cortexm3_macro.o(.text)
    __READ_PRIMASK                           0x08003d6f   Thumb Code     0  cortexm3_macro.o(.text)
    __SETFAULTMASK                           0x08003d75   Thumb Code     0  cortexm3_macro.o(.text)
    __RESETFAULTMASK                         0x08003d79   Thumb Code     0  cortexm3_macro.o(.text)
    __READ_FAULTMASK                         0x08003d7d   Thumb Code     0  cortexm3_macro.o(.text)
    __BASEPRICONFIG                          0x08003d83   Thumb Code     0  cortexm3_macro.o(.text)
    __GetBASEPRI                             0x08003d89   Thumb Code     0  cortexm3_macro.o(.text)
    __REV_HalfWord                           0x08003d8f   Thumb Code     0  cortexm3_macro.o(.text)
    __REV_Word                               0x08003d93   Thumb Code     0  cortexm3_macro.o(.text)
    SD_InitializeCards                       0x08003d99   Thumb Code   436  sdcard.o(.text)
    SD_PowerON                               0x08004075   Thumb Code   484  sdcard.o(.text)
    SD_Init                                  0x08004259   Thumb Code   122  sdcard.o(.text)
    SD_PowerOFF                              0x080042d3   Thumb Code    14  sdcard.o(.text)
    SD_GetCardInfo                           0x080042e1   Thumb Code   626  sdcard.o(.text)
    SD_EnableWideBusOperation                0x08004777   Thumb Code   124  sdcard.o(.text)
    SD_SetDeviceMode                         0x080047f3   Thumb Code    28  sdcard.o(.text)
    SD_SelectDeselect                        0x0800480f   Thumb Code    40  sdcard.o(.text)
    SD_ReadBlock                             0x08004837   Thumb Code   612  sdcard.o(.text)
    SD_ReadMultiBlocks                       0x08004a9b   Thumb Code   678  sdcard.o(.text)
    SD_WriteBlock                            0x08004ead   Thumb Code   868  sdcard.o(.text)
    SD_WriteMultiBlocks                      0x08005211   Thumb Code   988  sdcard.o(.text)
    SD_GetTransferState                      0x080055ed   Thumb Code    14  sdcard.o(.text)
    SD_StopTransfer                          0x080055fb   Thumb Code    36  sdcard.o(.text)
    SD_Erase                                 0x0800561f   Thumb Code   294  sdcard.o(.text)
    SD_SendStatus                            0x08005745   Thumb Code    72  sdcard.o(.text)
    SD_SendSDStatus                          0x0800578d   Thumb Code   370  sdcard.o(.text)
    SD_ProcessIRQSrc                         0x080058ff   Thumb Code   450  sdcard.o(.text)
    FAT_Init                                 0x08005ad5   Thumb Code   190  fat.o(.text)
    FAT_LoadPartCluster                      0x08005b93   Thumb Code    36  fat.o(.text)
    FAT_NextCluster                          0x08005bb7   Thumb Code    78  fat.o(.text)
    FAT_FindFreeCluster                      0x08005c05   Thumb Code   146  fat.o(.text)
    FAT_FindFreeItem                         0x08005c97   Thumb Code   414  fat.o(.text)
    FAT_FindItem                             0x08005e35   Thumb Code   526  fat.o(.text)
    FAT_SelectOneItem                        0x08006043   Thumb Code   440  fat.o(.text)
    FAT_ModifyFAT                            0x080061fb   Thumb Code   146  fat.o(.text)
    FAT_MkDir                                0x0800628d   Thumb Code   724  fat.o(.text)
    FAT_DelItem                              0x08006561   Thumb Code   338  fat.o(.text)
    FAT_OpenDir                              0x080066b3   Thumb Code   232  fat.o(.text)
    FAT_RmDir                                0x0800679b   Thumb Code    24  fat.o(.text)
    FAT_Create                               0x080067b3   Thumb Code   490  fat.o(.text)
    FAT_Open                                 0x0800699d   Thumb Code   280  fat.o(.text)
    FAT_Close                                0x08006ab5   Thumb Code     8  fat.o(.text)
    FAT_Write                                0x08006abd   Thumb Code    90  fat.o(.text)
    FAT_Delete                               0x08006b17   Thumb Code    24  fat.o(.text)
    FAT_Rename                               0x08006b2f   Thumb Code   454  fat.o(.text)
    CopyDirentruyItem                        0x08006cf5   Thumb Code   172  fat.o(.text)
    WriteFolderCluster                       0x08006da1   Thumb Code     6  fat.o(.text)
    GetFolderCluster                         0x08006da7   Thumb Code     6  fat.o(.text)
    SearchFolder                             0x08006dad   Thumb Code   438  fat.o(.text)
    SearchInit                               0x08006f63   Thumb Code    74  fat.o(.text)
    Search                                   0x08006fad   Thumb Code  1202  fat.o(.text)
    Search_man                               0x0800745f   Thumb Code   488  fat.o(.text)
    Disp_BMP                                 0x08007655   Thumb Code   656  disp.o(.text)
    I2CSDASetInput                           0x08007921   Thumb Code    24  tsl2583.o(.text)
    I2CSDASetOutput                          0x08007939   Thumb Code    30  tsl2583.o(.text)
    Dly_10ns                                 0x08007957   Thumb Code    22  tsl2583.o(.text)
    I2CStart                                 0x0800796d   Thumb Code    46  tsl2583.o(.text)
    I2CStop                                  0x0800799b   Thumb Code    46  tsl2583.o(.text)
    I2CSendByte                              0x080079c9   Thumb Code   150  tsl2583.o(.text)
    I2CSendByte1                             0x08007a5f   Thumb Code   150  tsl2583.o(.text)
    I2CReciveByte                            0x08007af5   Thumb Code   136  tsl2583.o(.text)
    I2C_WRITE_BYTE                           0x08007b7d   Thumb Code    56  tsl2583.o(.text)
    I2C_READ_BYTE                            0x08007bb5   Thumb Code    76  tsl2583.o(.text)
    GET_LIGHT                                0x08007c01   Thumb Code    66  tsl2583.o(.text)
    TSL2583_address_set                      0x08007c43   Thumb Code     8  tsl2583.o(.text)
    TSL2583_init                             0x08007c4b   Thumb Code    50  tsl2583.o(.text)
    GET_FLICKER                              0x08007c7d   Thumb Code   206  tsl2583.o(.text)
    __aeabi_memset                           0x08007d51   Thumb Code    14  memseta.o(.text)
    __aeabi_memset4                          0x08007d51   Thumb Code     0  memseta.o(.text)
    __aeabi_memset8                          0x08007d51   Thumb Code     0  memseta.o(.text)
    __aeabi_memclr                           0x08007d5f   Thumb Code     4  memseta.o(.text)
    __aeabi_memclr4                          0x08007d5f   Thumb Code     0  memseta.o(.text)
    __aeabi_memclr8                          0x08007d5f   Thumb Code     0  memseta.o(.text)
    _memset$wrapper                          0x08007d63   Thumb Code    20  memseta.o(.text)
    __aeabi_i2f                              0x08007d77   Thumb Code    18  fflti.o(.text)
    __aeabi_f2uiz                            0x08007d89   Thumb Code    40  ffixui.o(.text)
    __I$use$fp                               0x08007db1   Thumb Code     0  iusefp.o(.text)
    _float_round                             0x08007db1   Thumb Code    18  fepilogue.o(.text)
    _float_epilogue                          0x08007dc3   Thumb Code    94  fepilogue.o(.text)
    __scatterload                            0x08007e21   Thumb Code    28  init.o(.text)
    __scatterload_rt2                        0x08007e21   Thumb Code     0  init.o(.text)
    __ARM_common_memset4_12                  0x08007e45   Thumb Code    18  fat.o(i.__ARM_common_memset4_12)
    __scatterload_copy                       0x08007e57   Thumb Code    14  handlers.o(i.__scatterload_copy)
    __scatterload_null                       0x08007e65   Thumb Code     2  handlers.o(i.__scatterload_null)
    __scatterload_zeroinit                   0x08007e67   Thumb Code    14  handlers.o(i.__scatterload_zeroinit)
    free                                     0x08007e75   Thumb Code    76  malloc.o(i.free)
    malloc                                   0x08007ec5   Thumb Code    92  malloc.o(i.malloc)
    ASCII_Table                              0x08007f30   Data        4560  lcd.o(.constdata)
    Region$$Table$$Base                      0x08009114   Number         0  anon$$obj.o(Region$$Table)
    Region$$Table$$Limit                     0x08009134   Number         0  anon$$obj.o(Region$$Table)
    Status                                   0x20000004   Data           1  main.o(.data)
    SDConfigFlag                             0x20000005   Data           1  main.o(.data)
    SDShowFlag                               0x20000006   Data           1  main.o(.data)
    SDShowTimes                              0x20000007   Data           1  main.o(.data)
    count1                                   0x20000008   Data           2  main.o(.data)
    count2                                   0x2000000a   Data           2  main.o(.data)
    vcomdc_value                             0x2000000c   Data           2  main.o(.data)
    VCOMDC                                   0x2000000e   Data           1  main.o(.data)
    VCOMDC1                                  0x20000010   Data           2  main.o(.data)
    GPIO_InitStructure                       0x20000012   Data           4  main.o(.data)
    HSEStartUpStatus                         0x20000016   Data           1  main.o(.data)
    sd_Capacity                              0x20000018   Data           4  main.o(.data)
    DotclkValue                              0x2000001c   Data           1  lcd.o(.data)
    VDP                                      0x2000001e   Data           2  lcd.o(.data)
    VBP                                      0x20000020   Data           2  lcd.o(.data)
    VFP                                      0x20000022   Data           2  lcd.o(.data)
    HDP                                      0x20000024   Data           2  lcd.o(.data)
    HBP                                      0x20000026   Data           2  lcd.o(.data)
    HFP                                      0x20000028   Data           2  lcd.o(.data)
    VPW                                      0x2000002a   Data           2  lcd.o(.data)
    HPW                                      0x2000002c   Data           2  lcd.o(.data)
    mm                                       0x20000032   Data           2  lcd.o(.data)
    DeviceCode                               0x20000034   Data           2  lcd.o(.data)
    FontR                                    0x20000036   Data           1  lcd.o(.data)
    FontG                                    0x20000037   Data           1  lcd.o(.data)
    FontB                                    0x20000038   Data           1  lcd.o(.data)
    TransferError                            0x2000003c   Data           1  sdcard.o(.data)
    TransferEnd                              0x20000054   Data           4  sdcard.o(.data)
    NumberOfBytes                            0x20000058   Data           4  sdcard.o(.data)
    SrcBuffer                                0x2000005c   Data           4  sdcard.o(.data)
    DestBuffer                               0x20000060   Data           4  sdcard.o(.data)
    LongNameFlag                             0x20000064   Data           1  fat.o(.data)
    FAT32_Enable                             0x20000065   Data           1  fat.o(.data)
    BytesPerSector                           0x20000066   Data           2  fat.o(.data)
    SectorsPerClust                          0x20000068   Data           2  fat.o(.data)
    FirstDirClust                            0x2000006c   Data           4  fat.o(.data)
    FirstDataSector                          0x20000070   Data           4  fat.o(.data)
    FATsectors                               0x20000074   Data           4  fat.o(.data)
    FirstFATSector                           0x20000078   Data           4  fat.o(.data)
    FirstDirSector                           0x2000007c   Data           4  fat.o(.data)
    RootDirSectors                           0x20000080   Data           4  fat.o(.data)
    RootDirCount                             0x20000084   Data           4  fat.o(.data)
    image_count                              0x20000088   Data           2  disp.o(.data)
    image_all                                0x2000008a   Data           2  disp.o(.data)
    slave_addr_use                           0x2000008c   Data           2  tsl2583.o(.data)
    __microlib_freelist                      0x20000090   Data           4  mvars.o(.data)
    __microlib_freelist_initialised          0x20000094   Data           4  mvars.o(.data)
    SDCardInfo                               0x20000098   Data          80  main.o(.bss)
    DATA_SUM1                                0x200000e8   Data          60  main.o(.bss)
    DATA_SUMY                                0x20000124   Data          60  main.o(.bss)
    SURE                                     0x20000160   Data          60  main.o(.bss)
    SDIO_InitStructure                       0x200001e0   Data          24  sdcard.o(.bss)
    SDIO_CmdInitStructure                    0x200001f8   Data          20  sdcard.o(.bss)
    SDIO_DataInitStructure                   0x2000020c   Data          24  sdcard.o(.bss)
    LongNameBuffer                           0x20000240   Data         132  fat.o(.bss)
    FileInfo                                 0x200002c4   Data          15  fat.o(.bss)
    recordBuf                                0x200002d3   Data        1024  fat.o(.bss)
    BMPInfo                                  0x20000700   Data          32  disp.o(.bss)
    DATA_SUM                                 0x20000720   Data          20  tsl2583.o(.bss)
    __heap_base                              0x20000738   Data           0  stm32f10x_vector.o(HEAP)
    __heap_limit                             0x20000b38   Data           0  stm32f10x_vector.o(HEAP)
    __initial_sp                             0x20000f38   Data           0  stm32f10x_vector.o(STACK)



==============================================================================

Memory Map of the image

  Image Entry point : 0x08000131

  Load Region LR_IROM1 (Base: 0x08000000, Size: 0x000091cc, Max: 0x00080000, ABSOLUTE)

    Execution Region ER_IROM1 (Base: 0x08000000, Size: 0x00009134, Max: 0x00080000, ABSOLUTE)

    Base Addr    Size         Type   Attr      Idx    E Section Name        Object

    0x08000000   0x00000130   Data   RO          503    RESET               stm32f10x_vector.o
    0x08000130   0x00000000   Code   RO          773  * .ARM.Collect$$$$00000000  mc_w.l(entry.o)(mc_w.l)
    0x08000130   0x00000004   Code   RO          810    .ARM.Collect$$$$00000001  mc_w.l(entry2.o)(mc_w.l)
    0x08000134   0x00000004   Code   RO          813    .ARM.Collect$$$$00000004  mc_w.l(entry5.o)(mc_w.l)
    0x08000138   0x00000008   Code   RO          814    .ARM.Collect$$$$00000007  mc_w.l(entry7.o)(mc_w.l)
    0x08000140   0x00000004   Code   RO          811    .ARM.Collect$$$$00002712  mc_w.l(entry2.o)(mc_w.l)
    0x08000144   0x0000009e   Code   RO            1    .text               stm32f10x_it.o
    0x080001e2   0x00000002   PAD
    0x080001e4   0x00000a48   Code   RO          103    .text               main.o
    0x08000c2c   0x00001d28   Code   RO          194    .text               lcd.o
    0x08002954   0x00000244   Code   RO          286    .text               stm32f10x_dma.o
    0x08002b98   0x00000048   Code   RO          310    .text               stm32f10x_flash.o
    0x08002be0   0x0000032c   Code   RO          334    .text               stm32f10x_gpio.o
    0x08002f0c   0x00000458   Code   RO          379    .text               stm32f10x_nvic.o
    0x08003364   0x000003a0   Code   RO          403    .text               stm32f10x_rcc.o
    0x08003704   0x000001d4   Code   RO          429    .text               stm32f10x_sdio.o
    0x080038d8   0x000000c2   Code   RO          453    .text               stm32f10x_systick.o
    0x0800399a   0x00000002   PAD
    0x0800399c   0x00000378   Code   RO          477    .text               stm32f10x_usart.o
    0x08003d14   0x00000008   Code   RO          504    .text               stm32f10x_vector.o
    0x08003d1c   0x0000007a   Code   RO          509    .text               cortexm3_macro.o
    0x08003d96   0x00000002   PAD
    0x08003d98   0x00001d3c   Code   RO          512    .text               SDFAT.lib(sdcard.o)(SDFAT.lib)
    0x08005ad4   0x00001b80   Code   RO          616    .text               SDFAT.lib(fat.o)(SDFAT.lib)
    0x08007654   0x000002cc   Code   RO          644    .text               DispBMPv01.lib(disp.o)(DispBMPv01.lib)
    0x08007920   0x00000430   Code   RO          670    .text               TSL2583.lib(tsl2583.o)(TSL2583.lib)
    0x08007d50   0x00000026   Code   RO          776    .text               mc_w.l(memseta.o)(mc_w.l)
    0x08007d76   0x00000012   Code   RO          806    .text               mf_w.l(fflti.o)(mf_w.l)
    0x08007d88   0x00000028   Code   RO          808    .text               mf_w.l(ffixui.o)(mf_w.l)
    0x08007db0   0x00000000   Code   RO          821    .text               mc_w.l(iusefp.o)(mc_w.l)
    0x08007db0   0x00000070   Code   RO          822    .text               mf_w.l(fepilogue.o)(mf_w.l)
    0x08007e20   0x00000024   Code   RO          824    .text               mc_w.l(init.o)(mc_w.l)
    0x08007e44   0x00000012   Code   RO          632    i.__ARM_common_memset4_12  SDFAT.lib(fat.o)(SDFAT.lib)
    0x08007e56   0x0000000e   Code   RO          828    i.__scatterload_copy  mc_w.l(handlers.o)(mc_w.l)
    0x08007e64   0x00000002   Code   RO          829    i.__scatterload_null  mc_w.l(handlers.o)(mc_w.l)
    0x08007e66   0x0000000e   Code   RO          830    i.__scatterload_zeroinit  mc_w.l(handlers.o)(mc_w.l)
    0x08007e74   0x00000050   Code   RO          778    i.free              mc_w.l(malloc.o)(mc_w.l)
    0x08007ec4   0x0000006c   Code   RO          779    i.malloc            mc_w.l(malloc.o)(mc_w.l)
    0x08007f30   0x000011d0   Data   RO          195    .constdata          lcd.o
    0x08009100   0x00000014   Data   RO          404    .constdata          stm32f10x_rcc.o
    0x08009114   0x00000020   Data   RO          826    Region$$Table       anon$$obj.o


    Execution Region RW_IRAM1 (Base: 0x20000000, Size: 0x00000f38, Max: 0x00010000, ABSOLUTE)

    Base Addr    Size         Type   Attr      Idx    E Section Name        Object

    0x20000000   0x0000001c   Data   RW          106    .data               main.o
    0x2000001c   0x0000001d   Data   RW          196    .data               lcd.o
    0x20000039   0x00000003   PAD
    0x2000003c   0x00000028   Data   RW          514    .data               SDFAT.lib(sdcard.o)(SDFAT.lib)
    0x20000064   0x00000024   Data   RW          621    .data               SDFAT.lib(fat.o)(SDFAT.lib)
    0x20000088   0x00000004   Data   RW          646    .data               DispBMPv01.lib(disp.o)(DispBMPv01.lib)
    0x2000008c   0x00000002   Data   RW          672    .data               TSL2583.lib(tsl2583.o)(TSL2583.lib)
    0x2000008e   0x00000002   PAD
    0x20000090   0x00000004   Data   RW          819    .data               mc_w.l(mvars.o)(mc_w.l)
    0x20000094   0x00000004   Data   RW          820    .data               mc_w.l(mvars.o)(mc_w.l)
    0x20000098   0x00000104   Zero   RW          104    .bss                main.o
    0x2000019c   0x00000024   PAD
    0x200001c0   0x00000064   Zero   RW          513    .bss                SDFAT.lib(sdcard.o)(SDFAT.lib)
    0x20000224   0x0000001c   PAD
    0x20000240   0x00000493   Zero   RW          618    .bss                SDFAT.lib(fat.o)(SDFAT.lib)
    0x200006d3   0x0000002d   PAD
    0x20000700   0x00000020   Zero   RW          645    .bss                DispBMPv01.lib(disp.o)(DispBMPv01.lib)
    0x20000720   0x00000014   Zero   RW          671    .bss                TSL2583.lib(tsl2583.o)(TSL2583.lib)
    0x20000734   0x00000004   PAD
    0x20000738   0x00000400   Zero   RW          502    HEAP                stm32f10x_vector.o
    0x20000b38   0x00000400   Zero   RW          501    STACK               stm32f10x_vector.o


==============================================================================

Image component sizes


      Code (inc. data)   RO Data    RW Data    ZI Data      Debug   Object Name

       122          0          0          0          0          0   cortexm3_macro.o
      7464        146       4560         29          0          0   lcd.o
      2632        182          0         28        260          0   main.o
       580         26          0          0          0          0   stm32f10x_dma.o
        72          6          0          0          0          0   stm32f10x_flash.o
       812         18          0          0          0          0   stm32f10x_gpio.o
       158          0          0          0          0          0   stm32f10x_it.o
      1112         78          0          0          0          0   stm32f10x_nvic.o
       928         52         20          0          0          0   stm32f10x_rcc.o
       468         52          0          0          0          0   stm32f10x_sdio.o
       194          0          0          0          0          0   stm32f10x_systick.o
       888         14          0          0          0          0   stm32f10x_usart.o
         8          4        304          0       2048          0   stm32f10x_vector.o

    ----------------------------------------------------------------------
     15444        578       4916         60       2344          0   Object Totals
         0          0         32          0          0          0   (incl. Generated)
         6          0          0          3         36          0   (incl. Padding)

    ----------------------------------------------------------------------

      Code (inc. data)   RO Data    RW Data    ZI Data      Debug   Library Member Name

       716         60          0          4         32          0   disp.o
      7058         78          0         36       1171          0   fat.o
      7484        232          0         40        100          0   sdcard.o
      1072         18          0          2         20          0   tsl2583.o
         0          0          0          0          0          0   entry.o
         8          4          0          0          0          0   entry2.o
         4          0          0          0          0          0   entry5.o
         8          4          0          0          0          0   entry7.o
        30          0          0          0          0          0   handlers.o
        36          8          0          0          0          0   init.o
         0          0          0          0          0          0   iusefp.o
       188         20          0          0          0          0   malloc.o
        38          0          0          0          0          0   memseta.o
         0          0          0          8          0          0   mvars.o
       112          0          0          0          0          0   fepilogue.o
        40          0          0          0          0          0   ffixui.o
        18          0          0          0          0          0   fflti.o

    ----------------------------------------------------------------------
     16812        424          0         92       1400          0   Library Totals
         0          0          0          2         77          0   (incl. Padding)

    ----------------------------------------------------------------------

      Code (inc. data)   RO Data    RW Data    ZI Data      Debug   Library Name

       716         60          0          4         32       6402   DispBMPv01.lib
     14542        310          0         76       1271      76719   SDFAT.lib
      1072         18          0          2         20      11628   TSL2583.lib
       312         36          0          8          0        336   mc_w.l
       170          0          0          0          0        304   mf_w.l

    ----------------------------------------------------------------------
     16812        424          0         92       1400          0   Library Totals

    ----------------------------------------------------------------------

==============================================================================


      Code (inc. data)   RO Data    RW Data    ZI Data      Debug   

     32256       1002       4916        152       3744     416604   Grand Totals
     32256       1002       4916        152       3744     416604   ELF Image Totals
     32256       1002       4916        152          0          0   ROM Totals

==============================================================================

    Total RO  Size (Code + RO Data)                37172 (  36.30kB)
    Total RW  Size (RW Data + ZI Data)              3896 (   3.80kB)
    Total ROM Size (Code + RO Data + RW Data)      37324 (  36.45kB)

==============================================================================

