ARM Linker, 4.1 [Build 481] [Standard]

==============================================================================

Section Cross References

    stm32f10x_it.o(.text) refers to main.o(.text) for Decrement_TimingDelay
    stm32f10x_it.o(.text) refers to sdcard.o(.text) for SD_ProcessIRQSrc
    main.o(.text) refers to stm32f10x_systick.o(.text) for SysTick_ITConfig
    main.o(.text) refers to sdcard.o(.text) for SD_Init
    main.o(.text) refers to stm32f10x_rcc.o(.text) for RCC_APB2PeriphClockCmd
    main.o(.text) refers to stm32f10x_gpio.o(.text) for GPIO_Init
    main.o(.text) refers to stm32f10x_nvic.o(.text) for NVIC_PriorityGroupConfig
    main.o(.text) refers to stm32f10x_flash.o(.text) for FLASH_PrefetchBufferCmd
    main.o(.text) refers to lcd.o(.text) for STM32_SSD1963_Init
    main.o(.text) refers to fat.o(.text) for FAT_Init
    main.o(.text) refers to disp.o(.text) for Disp_BMP
    main.o(.text) refers to stm32f10x_usart.o(.text) for USART_ClockInit
    main.o(.text) refers to main.o(.data) for TimingDelay
    main.o(.text) refers to main.o(.bss) for SDCardInfo
    main.o(.text) refers to main.o(.constdata) for picc1
    main.o(.text) refers to disp.o(.data) for image_count
    lcd.o(.text) refers to stm32f10x_gpio.o(.text) for GPIO_Write
    lcd.o(.text) refers to main.o(.text) for Delay
    lcd.o(.text) refers to lcd.o(.data) for HPW
    lcd.o(.text) refers to stm32f10x_rcc.o(.text) for RCC_APB2PeriphClockCmd
    lcd.o(.text) refers to fflti.o(.text) for __aeabi_i2f
    lcd.o(.text) refers to ffixui.o(.text) for __aeabi_f2uiz
    lcd.o(.text) refers to lcd.o(.constdata) for ASCII_Table
    stm32f10x_adc.o(.text) refers to stm32f10x_rcc.o(.text) for RCC_APB2PeriphResetCmd
    stm32f10x_bkp.o(.text) refers to stm32f10x_rcc.o(.text) for RCC_BackupResetCmd
    stm32f10x_can.o(.text) refers to stm32f10x_rcc.o(.text) for RCC_APB1PeriphResetCmd
    stm32f10x_dac.o(.text) refers to stm32f10x_rcc.o(.text) for RCC_APB1PeriphResetCmd
    stm32f10x_gpio.o(.text) refers to stm32f10x_rcc.o(.text) for RCC_APB2PeriphResetCmd
    stm32f10x_i2c.o(.text) refers to stm32f10x_rcc.o(.text) for RCC_APB1PeriphResetCmd
    stm32f10x_nvic.o(.text) refers to cortexm3_macro.o(.text) for __SETPRIMASK
    stm32f10x_pwr.o(.text) refers to stm32f10x_rcc.o(.text) for RCC_APB1PeriphResetCmd
    stm32f10x_pwr.o(.text) refers to cortexm3_macro.o(.text) for __WFI
    stm32f10x_rcc.o(.text) refers to stm32f10x_rcc.o(.constdata) for APBAHBPrescTable
    stm32f10x_spi.o(.text) refers to stm32f10x_rcc.o(.text) for RCC_APB2PeriphResetCmd
    stm32f10x_tim.o(.text) refers to stm32f10x_rcc.o(.text) for RCC_APB2PeriphResetCmd
    stm32f10x_usart.o(.text) refers to stm32f10x_rcc.o(.text) for RCC_APB2PeriphResetCmd
    stm32f10x_wwdg.o(.text) refers to stm32f10x_rcc.o(.text) for RCC_APB1PeriphResetCmd
    stm32f10x_vector.o(RESET) refers to stm32f10x_vector.o(STACK) for __initial_sp
    stm32f10x_vector.o(RESET) refers to stm32f10x_vector.o(.text) for Reset_Handler
    stm32f10x_vector.o(RESET) refers to stm32f10x_it.o(.text) for NMIException
    stm32f10x_vector.o(.text) refers to entry.o(.ARM.Collect$$$$00000000) for __main
    sdcard.o(.text) refers to stm32f10x_sdio.o(.text) for SDIO_GetPowerState
    sdcard.o(.text) refers to sdcard.o(.data) for .data
    sdcard.o(.text) refers to sdcard.o(.bss) for .bss
    sdcard.o(.text) refers to stm32f10x_rcc.o(.text) for RCC_APB2PeriphClockCmd
    sdcard.o(.text) refers to stm32f10x_gpio.o(.text) for GPIO_Init
    sdcard.o(.text) refers to main.o(.data) for sd_Capacity
    sdcard.o(.text) refers to stm32f10x_dma.o(.text) for DMA_ClearFlag
    fat.o(.text) refers to sdcard.o(.text) for SD_ReadBlock
    fat.o(.text) refers to malloc.o(i.malloc) for malloc
    fat.o(.text) refers to malloc.o(i.free) for free
    fat.o(.text) refers to main.o(.data) for sd_Capacity
    fat.o(.text) refers to fat.o(.data) for .data
    fat.o(.text) refers to fat.o(i.__ARM_common_memset4_12) for __ARM_common_memset4_12
    fat.o(.text) refers to memseta.o(.text) for __aeabi_memclr
    fat.o(.text) refers to fat.o(.bss) for .bss
    disp.o(.text) refers to fat.o(.text) for Search_man
    disp.o(.text) refers to malloc.o(i.malloc) for malloc
    disp.o(.text) refers to lcd.o(.text) for LCD_DisplayStringLine
    disp.o(.text) refers to malloc.o(i.free) for free
    disp.o(.text) refers to disp.o(.data) for .data
    disp.o(.text) refers to disp.o(.bss) for .bss
    disp.o(.text) refers to fat.o(.data) for SectorsPerClust
    entry.o(.ARM.Collect$$$$00000000) refers (Special) to entry7.o(.ARM.Collect$$$$00000007) for _main_init
    entry.o(.ARM.Collect$$$$00000000) refers (Special) to entry5.o(.ARM.Collect$$$$00000004) for _main_scatterload
    entry.o(.ARM.Collect$$$$00000000) refers (Special) to entry2.o(.ARM.Collect$$$$00000001) for _main_stk
    malloc.o(i.free) refers to mvars.o(.data) for __microlib_freelist
    malloc.o(i.malloc) refers to mvars.o(.data) for __microlib_freelist_initialised
    malloc.o(i.malloc) refers to mvars.o(.data) for __microlib_freelist
    malloc.o(i.malloc) refers to stm32f10x_vector.o(HEAP) for __heap_base
    mallocr.o(i.__free$realloc) refers to mvars.o(.data) for __microlib_freelist
    mallocr.o(i.__malloc$realloc) refers to mallocr.o(i.internal_alloc) for internal_alloc
    mallocr.o(i.__malloc$realloc) refers to mvars.o(.data) for __microlib_freelist_initialised
    mallocr.o(i.__malloc$realloc) refers to stm32f10x_vector.o(HEAP) for __heap_base
    mallocr.o(i.__malloc$realloc) refers to mvars.o(.data) for __microlib_freelist
    mallocr.o(i.internal_alloc) refers to memcpya.o(.text) for __aeabi_memcpy
    mallocr.o(i.internal_alloc) refers to mvars.o(.data) for __microlib_freelist
    mallocr.o(i.realloc) refers to mallocr.o(i.__free$realloc) for __free$realloc
    mallocr.o(i.realloc) refers to mallocr.o(i.internal_alloc) for internal_alloc
    mallocr.o(i.realloc) refers to mallocr.o(i.__malloc$realloc) for __malloc$realloc
    mallocr.o(i.realloc) refers to mvars.o(.data) for __microlib_freelist
    malloca.o(i.__aligned_malloc) refers to mvars.o(.data) for __microlib_freelist_initialised
    malloca.o(i.__aligned_malloc) refers to mvars.o(.data) for __microlib_freelist
    malloca.o(i.__aligned_malloc) refers to stm32f10x_vector.o(HEAP) for __heap_base
    malloca.o(i.__free$memalign) refers to mvars.o(.data) for __microlib_freelist
    malloca.o(i.__malloc$memalign) refers to malloca.o(i.__aligned_malloc) for __aligned_malloc
    mallocra.o(i.__aligned_malloc$realloc) refers to mallocra.o(i.internal_alloc) for internal_alloc
    mallocra.o(i.__aligned_malloc$realloc) refers to mvars.o(.data) for __microlib_freelist_initialised
    mallocra.o(i.__aligned_malloc$realloc) refers to stm32f10x_vector.o(HEAP) for __heap_base
    mallocra.o(i.__aligned_malloc$realloc) refers to mvars.o(.data) for __microlib_freelist
    mallocra.o(i.__free$realloc$memalign) refers to mvars.o(.data) for __microlib_freelist
    mallocra.o(i.__malloc$realloc$memalign) refers to mallocra.o(i.__aligned_malloc$realloc) for __aligned_malloc$realloc
    mallocra.o(i.__realloc$memalign) refers to mallocra.o(i.__free$realloc$memalign) for __free$realloc$memalign
    mallocra.o(i.__realloc$memalign) refers to mallocra.o(i.internal_alloc) for internal_alloc
    mallocra.o(i.__realloc$memalign) refers to mallocra.o(i.__malloc$realloc$memalign) for __malloc$realloc$memalign
    mallocra.o(i.__realloc$memalign) refers to mvars.o(.data) for __microlib_freelist
    mallocra.o(i.internal_alloc) refers to memcpya.o(.text) for __aeabi_memcpy
    mallocra.o(i.internal_alloc) refers to mvars.o(.data) for __microlib_freelist
    fflti.o(.text) refers (Special) to iusefp.o(.text) for __I$use$fp
    fflti.o(.text) refers to fepilogue.o(.text) for _float_epilogue
    ffixui.o(.text) refers (Special) to iusefp.o(.text) for __I$use$fp
    entry2.o(.ARM.Collect$$$$00000001) refers to entry2.o(.ARM.Collect$$$$00002712) for __lit__00000000
    entry2.o(.ARM.Collect$$$$00002712) refers to stm32f10x_vector.o(STACK) for __initial_sp
    entry2.o(__vectab_stack_and_reset_area) refers to stm32f10x_vector.o(STACK) for __initial_sp
    entry2.o(__vectab_stack_and_reset_area) refers to entry.o(.ARM.Collect$$$$00000000) for __main
    entry5.o(.ARM.Collect$$$$00000004) refers to init.o(.text) for __scatterload
    entry7.o(.ARM.Collect$$$$00000007) refers to main.o(.text) for main
    init.o(.text) refers to entry5.o(.ARM.Collect$$$$00000004) for __main_after_scatterload


==============================================================================

Removing Unused input sections from the image.

    Removing stm32f10x_adc.o(.text), (1076 bytes).
    Removing stm32f10x_bkp.o(.text), (192 bytes).
    Removing stm32f10x_can.o(.text), (2188 bytes).
    Removing stm32f10x_crc.o(.text), (72 bytes).
    Removing stm32f10x_dac.o(.text), (408 bytes).
    Removing stm32f10x_dbgmcu.o(.text), (48 bytes).
    Removing stm32f10x_exti.o(.text), (352 bytes).
    Removing stm32f10x_fsmc.o(.text), (1564 bytes).
    Removing stm32f10x_i2c.o(.text), (984 bytes).
    Removing stm32f10x_iwdg.o(.text), (64 bytes).
    Removing stm32f10x_pwr.o(.text), (208 bytes).
    Removing stm32f10x_rtc.o(.text), (376 bytes).
    Removing stm32f10x_spi.o(.text), (772 bytes).
    Removing stm32f10x_tim.o(.text), (2916 bytes).
    Removing stm32f10x_wwdg.o(.text), (136 bytes).
    Removing fat.o(.bss), (512 bytes).
    Removing fat.o(.data), (1 bytes).
    Removing fat.o(.data), (4 bytes).

18 unused section(s) (total 11873 bytes) removed from the image.

==============================================================================

Image Symbol Table

    Local Symbols

    Symbol Name                              Value     Ov Type        Size  Object(Section)

    ../../microlib/fpepilogue.c              0x00000000   Number         0  fepilogue.o ABSOLUTE
    ../../microlib/fpfix.c                   0x00000000   Number         0  ffixui.o ABSOLUTE
    ../../microlib/fpflt.c                   0x00000000   Number         0  fflti.o ABSOLUTE
    ../../microlib/init/entry.s              0x00000000   Number         0  entry.o ABSOLUTE
    ../../microlib/init/entry.s              0x00000000   Number         0  entry7.o ABSOLUTE
    ../../microlib/init/entry.s              0x00000000   Number         0  entry5.o ABSOLUTE
    ../../microlib/init/entry.s              0x00000000   Number         0  entry2.o ABSOLUTE
    ../../microlib/malloc/malloc.c           0x00000000   Number         0  mallocra.o ABSOLUTE
    ../../microlib/malloc/malloc.c           0x00000000   Number         0  malloca.o ABSOLUTE
    ../../microlib/malloc/malloc.c           0x00000000   Number         0  mallocr.o ABSOLUTE
    ../../microlib/malloc/malloc.c           0x00000000   Number         0  malloc.o ABSOLUTE
    ../../microlib/malloc/mvars.c            0x00000000   Number         0  mvars.o ABSOLUTE
    ../../microlib/string/memcpy.c           0x00000000   Number         0  memcpyb.o ABSOLUTE
    ../../microlib/string/memcpy.c           0x00000000   Number         0  memcpya.o ABSOLUTE
    ../../microlib/string/memset.c           0x00000000   Number         0  memseta.o ABSOLUTE
    ../../microlib/stubs.s                   0x00000000   Number         0  iusefp.o ABSOLUTE
    ..\..\library\src\stm32f10x_adc.c        0x00000000   Number         0  stm32f10x_adc.o ABSOLUTE
    ..\..\library\src\stm32f10x_bkp.c        0x00000000   Number         0  stm32f10x_bkp.o ABSOLUTE
    ..\..\library\src\stm32f10x_can.c        0x00000000   Number         0  stm32f10x_can.o ABSOLUTE
    ..\..\library\src\stm32f10x_crc.c        0x00000000   Number         0  stm32f10x_crc.o ABSOLUTE
    ..\..\library\src\stm32f10x_dac.c        0x00000000   Number         0  stm32f10x_dac.o ABSOLUTE
    ..\..\library\src\stm32f10x_dbgmcu.c     0x00000000   Number         0  stm32f10x_dbgmcu.o ABSOLUTE
    ..\..\library\src\stm32f10x_dma.c        0x00000000   Number         0  stm32f10x_dma.o ABSOLUTE
    ..\..\library\src\stm32f10x_exti.c       0x00000000   Number         0  stm32f10x_exti.o ABSOLUTE
    ..\..\library\src\stm32f10x_flash.c      0x00000000   Number         0  stm32f10x_flash.o ABSOLUTE
    ..\..\library\src\stm32f10x_fsmc.c       0x00000000   Number         0  stm32f10x_fsmc.o ABSOLUTE
    ..\..\library\src\stm32f10x_gpio.c       0x00000000   Number         0  stm32f10x_gpio.o ABSOLUTE
    ..\..\library\src\stm32f10x_i2c.c        0x00000000   Number         0  stm32f10x_i2c.o ABSOLUTE
    ..\..\library\src\stm32f10x_iwdg.c       0x00000000   Number         0  stm32f10x_iwdg.o ABSOLUTE
    ..\..\library\src\stm32f10x_lib.c        0x00000000   Number         0  stm32f10x_lib.o ABSOLUTE
    ..\..\library\src\stm32f10x_nvic.c       0x00000000   Number         0  stm32f10x_nvic.o ABSOLUTE
    ..\..\library\src\stm32f10x_pwr.c        0x00000000   Number         0  stm32f10x_pwr.o ABSOLUTE
    ..\..\library\src\stm32f10x_rcc.c        0x00000000   Number         0  stm32f10x_rcc.o ABSOLUTE
    ..\..\library\src\stm32f10x_rtc.c        0x00000000   Number         0  stm32f10x_rtc.o ABSOLUTE
    ..\..\library\src\stm32f10x_sdio.c       0x00000000   Number         0  stm32f10x_sdio.o ABSOLUTE
    ..\..\library\src\stm32f10x_spi.c        0x00000000   Number         0  stm32f10x_spi.o ABSOLUTE
    ..\..\library\src\stm32f10x_systick.c    0x00000000   Number         0  stm32f10x_systick.o ABSOLUTE
    ..\..\library\src\stm32f10x_tim.c        0x00000000   Number         0  stm32f10x_tim.o ABSOLUTE
    ..\..\library\src\stm32f10x_usart.c      0x00000000   Number         0  stm32f10x_usart.o ABSOLUTE
    ..\..\library\src\stm32f10x_wwdg.c       0x00000000   Number         0  stm32f10x_wwdg.o ABSOLUTE
    ..\LCD.c                                 0x00000000   Number         0  lcd.o ABSOLUTE
    ..\main.c                                0x00000000   Number         0  main.o ABSOLUTE
    ..\stm32f10x_it.c                        0x00000000   Number         0  stm32f10x_it.o ABSOLUTE
    cortexm3_macro.s                         0x00000000   Number         0  cortexm3_macro.o ABSOLUTE
    dc.s                                     0x00000000   Number         0  dc.o ABSOLUTE
    demo\disp.c                              0x00000000   Number         0  disp.o ABSOLUTE
    handlers.s                               0x00000000   Number         0  handlers.o ABSOLUTE
    init.s                                   0x00000000   Number         0  init.o ABSOLUTE
    project\FAT.c                            0x00000000   Number         0  fat.o ABSOLUTE
    project\sdcard.c                         0x00000000   Number         0  sdcard.o ABSOLUTE
    stm32f10x_vector.s                       0x00000000   Number         0  stm32f10x_vector.o ABSOLUTE
    RESET                                    0x08000000   Section      304  stm32f10x_vector.o(RESET)
    .ARM.Collect$$$$00000000                 0x08000130   Section        0  entry.o(.ARM.Collect$$$$00000000)
    .ARM.Collect$$$$00000001                 0x08000130   Section        4  entry2.o(.ARM.Collect$$$$00000001)
    .ARM.Collect$$$$00000004                 0x08000134   Section        4  entry5.o(.ARM.Collect$$$$00000004)
    .ARM.Collect$$$$00000007                 0x08000138   Section        8  entry7.o(.ARM.Collect$$$$00000007)
    .ARM.Collect$$$$00002712                 0x08000140   Section        4  entry2.o(.ARM.Collect$$$$00002712)
    __lit__00000000                          0x08000140   Data           4  entry2.o(.ARM.Collect$$$$00002712)
    .text                                    0x08000144   Section        0  stm32f10x_it.o(.text)
    .text                                    0x080001e4   Section        0  main.o(.text)
    .text                                    0x080005c4   Section        0  lcd.o(.text)
    .text                                    0x080018ac   Section        0  stm32f10x_dma.o(.text)
    .text                                    0x08001af0   Section        0  stm32f10x_flash.o(.text)
    .text                                    0x08001b38   Section        0  stm32f10x_gpio.o(.text)
    .text                                    0x08001e64   Section        0  stm32f10x_nvic.o(.text)
    .text                                    0x080022bc   Section        0  stm32f10x_rcc.o(.text)
    .text                                    0x0800265c   Section        0  stm32f10x_sdio.o(.text)
    .text                                    0x08002830   Section        0  stm32f10x_systick.o(.text)
    .text                                    0x080028f4   Section        0  stm32f10x_usart.o(.text)
    .text                                    0x08002c6c   Section        8  stm32f10x_vector.o(.text)
    .text                                    0x08002c74   Section      122  cortexm3_macro.o(.text)
    .text                                    0x08002cf0   Section        0  sdcard.o(.text)
    CmdResp1Error                            0x08002ea5   Thumb Code   296  sdcard.o(.text)
    SDEnWideBus                              0x080034ab   Thumb Code   548  sdcard.o(.text)
    IsCardProgramming                        0x08003c99   Thumb Code   364  sdcard.o(.text)
    .text                                    0x08004a2c   Section        0  fat.o(.text)
    .text                                    0x080065ac   Section        0  disp.o(.text)
    .text                                    0x08006878   Section        0  memseta.o(.text)
    .text                                    0x0800689e   Section        0  fflti.o(.text)
    .text                                    0x080068b0   Section        0  ffixui.o(.text)
    .text                                    0x080068d8   Section        0  iusefp.o(.text)
    .text                                    0x080068d8   Section        0  fepilogue.o(.text)
    .text                                    0x08006948   Section       36  init.o(.text)
    i.__ARM_common_memset4_12                0x0800696c   Section        0  fat.o(i.__ARM_common_memset4_12)
    i.__scatterload_copy                     0x0800697e   Section       14  handlers.o(i.__scatterload_copy)
    i.__scatterload_null                     0x0800698c   Section        2  handlers.o(i.__scatterload_null)
    i.__scatterload_zeroinit                 0x0800698e   Section       14  handlers.o(i.__scatterload_zeroinit)
    i.free                                   0x0800699c   Section        0  malloc.o(i.free)
    i.malloc                                 0x080069ec   Section        0  malloc.o(i.malloc)
    .constdata                               0x08006a58   Section    460800  main.o(.constdata)
    .constdata                               0x08077258   Section     4560  lcd.o(.constdata)
    .constdata                               0x08078428   Section       20  stm32f10x_rcc.o(.constdata)
    APBAHBPrescTable                         0x08078428   Data          16  stm32f10x_rcc.o(.constdata)
    ADCPrescTable                            0x08078438   Data           4  stm32f10x_rcc.o(.constdata)
    .data                                    0x20000000   Section       16  main.o(.data)
    TimingDelay                              0x20000000   Data           4  main.o(.data)
    .data                                    0x20000010   Section       24  lcd.o(.data)
    TextColor                                0x20000022   Data           2  lcd.o(.data)
    BackColor                                0x20000024   Data           2  lcd.o(.data)
    .data                                    0x20000028   Section       40  sdcard.o(.data)
    CardType                                 0x2000002c   Data           4  sdcard.o(.data)
    RCA                                      0x20000030   Data           4  sdcard.o(.data)
    DeviceMode                               0x20000034   Data           4  sdcard.o(.data)
    TotalNumberOfBytes                       0x20000038   Data           4  sdcard.o(.data)
    StopCondition                            0x2000003c   Data           4  sdcard.o(.data)
    .data                                    0x20000050   Section       36  fat.o(.data)
    .data                                    0x20000074   Section        4  disp.o(.data)
    .data                                    0x20000078   Section        4  mvars.o(.data)
    .data                                    0x2000007c   Section        4  mvars.o(.data)
    .bss                                     0x20000080   Section       80  main.o(.bss)
    .bss                                     0x20000100   Section      100  sdcard.o(.bss)
    CSD_Tab                                  0x20000100   Data          16  sdcard.o(.bss)
    CID_Tab                                  0x20000110   Data          16  sdcard.o(.bss)
    .bss                                     0x20000180   Section     1171  fat.o(.bss)
    .bss                                     0x20000640   Section       32  disp.o(.bss)
    HEAP                                     0x20000660   Section     1024  stm32f10x_vector.o(HEAP)
    STACK                                    0x20000a60   Section     1024  stm32f10x_vector.o(STACK)

    Global Symbols

    Symbol Name                              Value     Ov Type        Size  Object(Section)

    BuildAttributes$$THM_ISAv4$P$D$K$B$S$PE$A:L22UL41UL21$X:L11$S22US41US21$IEEE1$IW$USESV6$~STKCKD$USESV7$~SHL$OTIME$ROPI$EBA8$MICROLIB$REQ8$PRES8$EABIv2 0x00000000   Number         0  anon$$obj.o ABSOLUTE
    __ARM_use_no_argv                        0x00000000   Number         0  main.o ABSOLUTE
    __decompress                              - Undefined Weak Reference
    __Vectors                                0x08000000   Data           4  stm32f10x_vector.o(RESET)
    __main                                   0x08000131   Thumb Code     0  entry.o(.ARM.Collect$$$$00000000)
    _main_stk                                0x08000131   Thumb Code     0  entry2.o(.ARM.Collect$$$$00000001)
    _main_scatterload                        0x08000135   Thumb Code     0  entry5.o(.ARM.Collect$$$$00000004)
    __main_after_scatterload                 0x08000139   Thumb Code     0  entry5.o(.ARM.Collect$$$$00000004)
    _main_init                               0x08000139   Thumb Code     0  entry7.o(.ARM.Collect$$$$00000007)
    NMIException                             0x08000145   Thumb Code     2  stm32f10x_it.o(.text)
    HardFaultException                       0x08000147   Thumb Code     4  stm32f10x_it.o(.text)
    MemManageException                       0x0800014b   Thumb Code     4  stm32f10x_it.o(.text)
    BusFaultException                        0x0800014f   Thumb Code     4  stm32f10x_it.o(.text)
    UsageFaultException                      0x08000153   Thumb Code     4  stm32f10x_it.o(.text)
    DebugMonitor                             0x08000157   Thumb Code     2  stm32f10x_it.o(.text)
    SVCHandler                               0x08000159   Thumb Code     2  stm32f10x_it.o(.text)
    PendSVC                                  0x0800015b   Thumb Code     2  stm32f10x_it.o(.text)
    SysTickHandler                           0x0800015d   Thumb Code     8  stm32f10x_it.o(.text)
    WWDG_IRQHandler                          0x08000165   Thumb Code     2  stm32f10x_it.o(.text)
    PVD_IRQHandler                           0x08000167   Thumb Code     2  stm32f10x_it.o(.text)
    TAMPER_IRQHandler                        0x08000169   Thumb Code     2  stm32f10x_it.o(.text)
    RTC_IRQHandler                           0x0800016b   Thumb Code     2  stm32f10x_it.o(.text)
    FLASH_IRQHandler                         0x0800016d   Thumb Code     2  stm32f10x_it.o(.text)
    RCC_IRQHandler                           0x0800016f   Thumb Code     2  stm32f10x_it.o(.text)
    EXTI0_IRQHandler                         0x08000171   Thumb Code     2  stm32f10x_it.o(.text)
    EXTI1_IRQHandler                         0x08000173   Thumb Code     2  stm32f10x_it.o(.text)
    EXTI2_IRQHandler                         0x08000175   Thumb Code     2  stm32f10x_it.o(.text)
    EXTI3_IRQHandler                         0x08000177   Thumb Code     2  stm32f10x_it.o(.text)
    EXTI4_IRQHandler                         0x08000179   Thumb Code     2  stm32f10x_it.o(.text)
    DMA1_Channel1_IRQHandler                 0x0800017b   Thumb Code     2  stm32f10x_it.o(.text)
    DMA1_Channel2_IRQHandler                 0x0800017d   Thumb Code     2  stm32f10x_it.o(.text)
    DMA1_Channel3_IRQHandler                 0x0800017f   Thumb Code     2  stm32f10x_it.o(.text)
    DMA1_Channel4_IRQHandler                 0x08000181   Thumb Code     2  stm32f10x_it.o(.text)
    DMA1_Channel5_IRQHandler                 0x08000183   Thumb Code     2  stm32f10x_it.o(.text)
    DMA1_Channel6_IRQHandler                 0x08000185   Thumb Code     2  stm32f10x_it.o(.text)
    DMA1_Channel7_IRQHandler                 0x08000187   Thumb Code     2  stm32f10x_it.o(.text)
    ADC1_2_IRQHandler                        0x08000189   Thumb Code     2  stm32f10x_it.o(.text)
    USB_HP_CAN_TX_IRQHandler                 0x0800018b   Thumb Code     2  stm32f10x_it.o(.text)
    USB_LP_CAN_RX0_IRQHandler                0x0800018d   Thumb Code     2  stm32f10x_it.o(.text)
    CAN_RX1_IRQHandler                       0x0800018f   Thumb Code     2  stm32f10x_it.o(.text)
    CAN_SCE_IRQHandler                       0x08000191   Thumb Code     2  stm32f10x_it.o(.text)
    EXTI9_5_IRQHandler                       0x08000193   Thumb Code     2  stm32f10x_it.o(.text)
    TIM1_BRK_IRQHandler                      0x08000195   Thumb Code     2  stm32f10x_it.o(.text)
    TIM1_UP_IRQHandler                       0x08000197   Thumb Code     2  stm32f10x_it.o(.text)
    TIM1_TRG_COM_IRQHandler                  0x08000199   Thumb Code     2  stm32f10x_it.o(.text)
    TIM1_CC_IRQHandler                       0x0800019b   Thumb Code     2  stm32f10x_it.o(.text)
    TIM2_IRQHandler                          0x0800019d   Thumb Code     2  stm32f10x_it.o(.text)
    TIM3_IRQHandler                          0x0800019f   Thumb Code     2  stm32f10x_it.o(.text)
    TIM4_IRQHandler                          0x080001a1   Thumb Code     2  stm32f10x_it.o(.text)
    I2C1_EV_IRQHandler                       0x080001a3   Thumb Code     2  stm32f10x_it.o(.text)
    I2C1_ER_IRQHandler                       0x080001a5   Thumb Code     2  stm32f10x_it.o(.text)
    I2C2_EV_IRQHandler                       0x080001a7   Thumb Code     2  stm32f10x_it.o(.text)
    I2C2_ER_IRQHandler                       0x080001a9   Thumb Code     2  stm32f10x_it.o(.text)
    SPI1_IRQHandler                          0x080001ab   Thumb Code     2  stm32f10x_it.o(.text)
    SPI2_IRQHandler                          0x080001ad   Thumb Code     2  stm32f10x_it.o(.text)
    USART1_IRQHandler                        0x080001af   Thumb Code     2  stm32f10x_it.o(.text)
    USART2_IRQHandler                        0x080001b1   Thumb Code     2  stm32f10x_it.o(.text)
    USART3_IRQHandler                        0x080001b3   Thumb Code     2  stm32f10x_it.o(.text)
    EXTI15_10_IRQHandler                     0x080001b5   Thumb Code     2  stm32f10x_it.o(.text)
    RTCAlarm_IRQHandler                      0x080001b7   Thumb Code     2  stm32f10x_it.o(.text)
    USBWakeUp_IRQHandler                     0x080001b9   Thumb Code     2  stm32f10x_it.o(.text)
    TIM8_BRK_IRQHandler                      0x080001bb   Thumb Code     2  stm32f10x_it.o(.text)
    TIM8_UP_IRQHandler                       0x080001bd   Thumb Code     2  stm32f10x_it.o(.text)
    TIM8_TRG_COM_IRQHandler                  0x080001bf   Thumb Code     2  stm32f10x_it.o(.text)
    TIM8_CC_IRQHandler                       0x080001c1   Thumb Code     2  stm32f10x_it.o(.text)
    ADC3_IRQHandler                          0x080001c3   Thumb Code     2  stm32f10x_it.o(.text)
    FSMC_IRQHandler                          0x080001c5   Thumb Code     2  stm32f10x_it.o(.text)
    SDIO_IRQHandler                          0x080001c7   Thumb Code     8  stm32f10x_it.o(.text)
    TIM5_IRQHandler                          0x080001cf   Thumb Code     2  stm32f10x_it.o(.text)
    SPI3_IRQHandler                          0x080001d1   Thumb Code     2  stm32f10x_it.o(.text)
    UART4_IRQHandler                         0x080001d3   Thumb Code     2  stm32f10x_it.o(.text)
    UART5_IRQHandler                         0x080001d5   Thumb Code     2  stm32f10x_it.o(.text)
    TIM6_IRQHandler                          0x080001d7   Thumb Code     2  stm32f10x_it.o(.text)
    TIM7_IRQHandler                          0x080001d9   Thumb Code     2  stm32f10x_it.o(.text)
    DMA2_Channel1_IRQHandler                 0x080001db   Thumb Code     2  stm32f10x_it.o(.text)
    DMA2_Channel2_IRQHandler                 0x080001dd   Thumb Code     2  stm32f10x_it.o(.text)
    DMA2_Channel3_IRQHandler                 0x080001df   Thumb Code     2  stm32f10x_it.o(.text)
    DMA2_Channel4_5_IRQHandler               0x080001e1   Thumb Code     2  stm32f10x_it.o(.text)
    Delay                                    0x080001e5   Thumb Code    30  main.o(.text)
    DelayKEY                                 0x08000203   Thumb Code    58  main.o(.text)
    SD_InitAndConfig                         0x0800023d   Thumb Code    96  main.o(.text)
    KEYGPIO_Init                             0x0800029d   Thumb Code    42  main.o(.text)
    SysTick_Config                           0x080002c7   Thumb Code    28  main.o(.text)
    NVIC_Configuration                       0x080002e3   Thumb Code    80  main.o(.text)
    RCC_Configuration                        0x08000333   Thumb Code   120  main.o(.text)
    main                                     0x080003ab   Thumb Code   290  main.o(.text)
    InterruptConfig                          0x080004cd   Thumb Code    22  main.o(.text)
    Decrement_TimingDelay                    0x080004e3   Thumb Code    18  main.o(.text)
    USART_Configuration                      0x080004f5   Thumb Code    86  main.o(.text)
    USART1GPIO_Configuration                 0x0800054b   Thumb Code    58  main.o(.text)
    SSD1963Data_8                            0x080005c5   Thumb Code    86  lcd.o(.text)
    SSD1963Command_8                         0x0800061b   Thumb Code    86  lcd.o(.text)
    SSD1963GPIOOUTDATA_16                    0x08000671   Thumb Code   292  lcd.o(.text)
    SSD1963GPIOOUTCOM                        0x08000795   Thumb Code   164  lcd.o(.text)
    VIDEO_ON                                 0x08000839   Thumb Code   266  lcd.o(.text)
    SSD1963GPIOOUTDATA_8                     0x08000943   Thumb Code   332  lcd.o(.text)
    GAMMA_SET                                0x08000a8f   Thumb Code   212  lcd.o(.text)
    SSD2825INITIAL35510                      0x08000b63   Thumb Code   882  lcd.o(.text)
    SSD1963INITSSD2825                       0x08000ed5   Thumb Code   174  lcd.o(.text)
    LCD_CtrlLinesConfig                      0x08000f83   Thumb Code    74  lcd.o(.text)
    STM32_SSD1963_Init                       0x08000fcd   Thumb Code   656  lcd.o(.text)
    enter_sleep_mode                         0x0800125d   Thumb Code   626  lcd.o(.text)
    exit_sleep_mode                          0x080014cf   Thumb Code     8  lcd.o(.text)
    LCD_SetDisplayWindow                     0x080014d7   Thumb Code   100  lcd.o(.text)
    LCD_WriteRAM_Prepare                     0x0800153b   Thumb Code    10  lcd.o(.text)
    LCD_DrawPoint                            0x08001545   Thumb Code    38  lcd.o(.text)
    LCD_WriteArea                            0x0800156b   Thumb Code    98  lcd.o(.text)
    RGB_color                                0x080015cd   Thumb Code   314  lcd.o(.text)
    All_Color                                0x08001707   Thumb Code    66  lcd.o(.text)
    LCD_Clear                                0x08001749   Thumb Code    14  lcd.o(.text)
    LCD_WriteBMP                             0x08001757   Thumb Code   110  lcd.o(.text)
    LCD_WriteReg                             0x080017c5   Thumb Code     2  lcd.o(.text)
    LCD_ReadReg                              0x080017c7   Thumb Code     6  lcd.o(.text)
    LCD_PowerOn                              0x080017cd   Thumb Code    10  lcd.o(.text)
    LCD_DisplayOn                            0x080017d7   Thumb Code    10  lcd.o(.text)
    LCD_DisplayOff                           0x080017e1   Thumb Code    10  lcd.o(.text)
    LCD_PutChar                              0x080017eb   Thumb Code   128  lcd.o(.text)
    LCD_DisplayStringLine                    0x0800186b   Thumb Code    58  lcd.o(.text)
    DMA_DeInit                               0x080018ad   Thumb Code   316  stm32f10x_dma.o(.text)
    DMA_Init                                 0x080019e9   Thumb Code    60  stm32f10x_dma.o(.text)
    DMA_StructInit                           0x08001a25   Thumb Code    26  stm32f10x_dma.o(.text)
    DMA_Cmd                                  0x08001a3f   Thumb Code    22  stm32f10x_dma.o(.text)
    DMA_ITConfig                             0x08001a55   Thumb Code    18  stm32f10x_dma.o(.text)
    DMA_GetCurrDataCounter                   0x08001a67   Thumb Code     8  stm32f10x_dma.o(.text)
    DMA_GetFlagStatus                        0x08001a6f   Thumb Code    34  stm32f10x_dma.o(.text)
    DMA_ClearFlag                            0x08001a91   Thumb Code    18  stm32f10x_dma.o(.text)
    DMA_GetITStatus                          0x08001aa3   Thumb Code    34  stm32f10x_dma.o(.text)
    DMA_ClearITPendingBit                    0x08001ac5   Thumb Code    18  stm32f10x_dma.o(.text)
    FLASH_SetLatency                         0x08001af1   Thumb Code    22  stm32f10x_flash.o(.text)
    FLASH_HalfCycleAccessCmd                 0x08001b07   Thumb Code    22  stm32f10x_flash.o(.text)
    FLASH_PrefetchBufferCmd                  0x08001b1d   Thumb Code    22  stm32f10x_flash.o(.text)
    GPIO_DeInit                              0x08001b39   Thumb Code   188  stm32f10x_gpio.o(.text)
    GPIO_AFIODeInit                          0x08001bf5   Thumb Code    20  stm32f10x_gpio.o(.text)
    GPIO_Init                                0x08001c09   Thumb Code   274  stm32f10x_gpio.o(.text)
    GPIO_StructInit                          0x08001d1b   Thumb Code    16  stm32f10x_gpio.o(.text)
    GPIO_ReadInputDataBit                    0x08001d2b   Thumb Code    18  stm32f10x_gpio.o(.text)
    GPIO_ReadInputData                       0x08001d3d   Thumb Code     8  stm32f10x_gpio.o(.text)
    GPIO_ReadOutputDataBit                   0x08001d45   Thumb Code    18  stm32f10x_gpio.o(.text)
    GPIO_ReadOutputData                      0x08001d57   Thumb Code     8  stm32f10x_gpio.o(.text)
    GPIO_SetBits                             0x08001d5f   Thumb Code     4  stm32f10x_gpio.o(.text)
    GPIO_ResetBits                           0x08001d63   Thumb Code     4  stm32f10x_gpio.o(.text)
    GPIO_WriteBit                            0x08001d67   Thumb Code    10  stm32f10x_gpio.o(.text)
    GPIO_Write                               0x08001d71   Thumb Code     4  stm32f10x_gpio.o(.text)
    GPIO_PinLockConfig                       0x08001d75   Thumb Code    18  stm32f10x_gpio.o(.text)
    GPIO_EventOutputConfig                   0x08001d87   Thumb Code    26  stm32f10x_gpio.o(.text)
    GPIO_EventOutputCmd                      0x08001da1   Thumb Code     6  stm32f10x_gpio.o(.text)
    GPIO_PinRemapConfig                      0x08001da7   Thumb Code   106  stm32f10x_gpio.o(.text)
    GPIO_EXTILineConfig                      0x08001e11   Thumb Code    66  stm32f10x_gpio.o(.text)
    NVIC_DeInit                              0x08001e65   Thumb Code    58  stm32f10x_nvic.o(.text)
    NVIC_SCBDeInit                           0x08001e9f   Thumb Code    92  stm32f10x_nvic.o(.text)
    NVIC_PriorityGroupConfig                 0x08001efb   Thumb Code    10  stm32f10x_nvic.o(.text)
    NVIC_Init                                0x08001f05   Thumb Code   192  stm32f10x_nvic.o(.text)
    NVIC_StructInit                          0x08001fc5   Thumb Code    12  stm32f10x_nvic.o(.text)
    NVIC_SETPRIMASK                          0x08001fd1   Thumb Code     8  stm32f10x_nvic.o(.text)
    NVIC_RESETPRIMASK                        0x08001fd9   Thumb Code     8  stm32f10x_nvic.o(.text)
    NVIC_SETFAULTMASK                        0x08001fe1   Thumb Code     8  stm32f10x_nvic.o(.text)
    NVIC_RESETFAULTMASK                      0x08001fe9   Thumb Code     8  stm32f10x_nvic.o(.text)
    NVIC_BASEPRICONFIG                       0x08001ff1   Thumb Code    12  stm32f10x_nvic.o(.text)
    NVIC_GetBASEPRI                          0x08001ffd   Thumb Code     8  stm32f10x_nvic.o(.text)
    NVIC_GetCurrentPendingIRQChannel         0x08002005   Thumb Code    10  stm32f10x_nvic.o(.text)
    NVIC_GetIRQChannelPendingBitStatus       0x0800200f   Thumb Code    42  stm32f10x_nvic.o(.text)
    NVIC_SetIRQChannelPendingBit             0x08002039   Thumb Code     6  stm32f10x_nvic.o(.text)
    NVIC_ClearIRQChannelPendingBit           0x0800203f   Thumb Code    20  stm32f10x_nvic.o(.text)
    NVIC_GetCurrentActiveHandler             0x08002053   Thumb Code    10  stm32f10x_nvic.o(.text)
    NVIC_GetIRQChannelActiveBitStatus        0x0800205d   Thumb Code    42  stm32f10x_nvic.o(.text)
    NVIC_GetCPUID                            0x08002087   Thumb Code     6  stm32f10x_nvic.o(.text)
    NVIC_SetVectorTable                      0x0800208d   Thumb Code    12  stm32f10x_nvic.o(.text)
    NVIC_GenerateSystemReset                 0x08002099   Thumb Code    10  stm32f10x_nvic.o(.text)
    NVIC_GenerateCoreReset                   0x080020a3   Thumb Code    10  stm32f10x_nvic.o(.text)
    NVIC_SystemLPConfig                      0x080020ad   Thumb Code    38  stm32f10x_nvic.o(.text)
    NVIC_SystemHandlerConfig                 0x080020d3   Thumb Code    52  stm32f10x_nvic.o(.text)
    NVIC_SystemHandlerPriorityConfig         0x08002107   Thumb Code   122  stm32f10x_nvic.o(.text)
    NVIC_GetSystemHandlerPendingBitStatus    0x08002181   Thumb Code    42  stm32f10x_nvic.o(.text)
    NVIC_SetSystemHandlerPendingBit          0x080021ab   Thumb Code    32  stm32f10x_nvic.o(.text)
    NVIC_ClearSystemHandlerPendingBit        0x080021cb   Thumb Code    38  stm32f10x_nvic.o(.text)
    NVIC_GetSystemHandlerActiveBitStatus     0x080021f1   Thumb Code    40  stm32f10x_nvic.o(.text)
    NVIC_GetFaultHandlerSources              0x08002219   Thumb Code   126  stm32f10x_nvic.o(.text)
    NVIC_GetFaultAddress                     0x08002297   Thumb Code    24  stm32f10x_nvic.o(.text)
    RCC_DeInit                               0x080022bd   Thumb Code    62  stm32f10x_rcc.o(.text)
    RCC_HSEConfig                            0x080022fb   Thumb Code    70  stm32f10x_rcc.o(.text)
    RCC_GetFlagStatus                        0x08002341   Thumb Code    56  stm32f10x_rcc.o(.text)
    RCC_WaitForHSEStartUp                    0x08002379   Thumb Code    46  stm32f10x_rcc.o(.text)
    RCC_AdjustHSICalibrationValue            0x080023a7   Thumb Code    20  stm32f10x_rcc.o(.text)
    RCC_HSICmd                               0x080023bb   Thumb Code     6  stm32f10x_rcc.o(.text)
    RCC_PLLConfig                            0x080023c1   Thumb Code    24  stm32f10x_rcc.o(.text)
    RCC_PLLCmd                               0x080023d9   Thumb Code     6  stm32f10x_rcc.o(.text)
    RCC_SYSCLKConfig                         0x080023df   Thumb Code    18  stm32f10x_rcc.o(.text)
    RCC_GetSYSCLKSource                      0x080023f1   Thumb Code    10  stm32f10x_rcc.o(.text)
    RCC_HCLKConfig                           0x080023fb   Thumb Code    18  stm32f10x_rcc.o(.text)
    RCC_PCLK1Config                          0x0800240d   Thumb Code    18  stm32f10x_rcc.o(.text)
    RCC_PCLK2Config                          0x0800241f   Thumb Code    20  stm32f10x_rcc.o(.text)
    RCC_ITConfig                             0x08002433   Thumb Code    30  stm32f10x_rcc.o(.text)
    RCC_USBCLKConfig                         0x08002451   Thumb Code     6  stm32f10x_rcc.o(.text)
    RCC_ADCCLKConfig                         0x08002457   Thumb Code    18  stm32f10x_rcc.o(.text)
    RCC_LSEConfig                            0x08002469   Thumb Code    44  stm32f10x_rcc.o(.text)
    RCC_LSICmd                               0x08002495   Thumb Code     6  stm32f10x_rcc.o(.text)
    RCC_RTCCLKConfig                         0x0800249b   Thumb Code    12  stm32f10x_rcc.o(.text)
    RCC_RTCCLKCmd                            0x080024a7   Thumb Code     6  stm32f10x_rcc.o(.text)
    RCC_GetClocksFreq                        0x080024ad   Thumb Code   192  stm32f10x_rcc.o(.text)
    RCC_AHBPeriphClockCmd                    0x0800256d   Thumb Code    26  stm32f10x_rcc.o(.text)
    RCC_APB2PeriphClockCmd                   0x08002587   Thumb Code    26  stm32f10x_rcc.o(.text)
    RCC_APB1PeriphClockCmd                   0x080025a1   Thumb Code    26  stm32f10x_rcc.o(.text)
    RCC_APB2PeriphResetCmd                   0x080025bb   Thumb Code    26  stm32f10x_rcc.o(.text)
    RCC_APB1PeriphResetCmd                   0x080025d5   Thumb Code    26  stm32f10x_rcc.o(.text)
    RCC_BackupResetCmd                       0x080025ef   Thumb Code     6  stm32f10x_rcc.o(.text)
    RCC_ClockSecuritySystemCmd               0x080025f5   Thumb Code     6  stm32f10x_rcc.o(.text)
    RCC_MCOConfig                            0x080025fb   Thumb Code     6  stm32f10x_rcc.o(.text)
    RCC_ClearFlag                            0x08002601   Thumb Code    14  stm32f10x_rcc.o(.text)
    RCC_GetITStatus                          0x0800260f   Thumb Code    20  stm32f10x_rcc.o(.text)
    RCC_ClearITPendingBit                    0x08002623   Thumb Code     6  stm32f10x_rcc.o(.text)
    SDIO_DeInit                              0x0800265d   Thumb Code    28  stm32f10x_sdio.o(.text)
    SDIO_Init                                0x08002679   Thumb Code    42  stm32f10x_sdio.o(.text)
    SDIO_StructInit                          0x080026a3   Thumb Code    16  stm32f10x_sdio.o(.text)
    SDIO_ClockCmd                            0x080026b3   Thumb Code     6  stm32f10x_sdio.o(.text)
    SDIO_SetPowerState                       0x080026b9   Thumb Code    22  stm32f10x_sdio.o(.text)
    SDIO_GetPowerState                       0x080026cf   Thumb Code    10  stm32f10x_sdio.o(.text)
    SDIO_ITConfig                            0x080026d9   Thumb Code    26  stm32f10x_sdio.o(.text)
    SDIO_DMACmd                              0x080026f3   Thumb Code     6  stm32f10x_sdio.o(.text)
    SDIO_SendCommand                         0x080026f9   Thumb Code    38  stm32f10x_sdio.o(.text)
    SDIO_CmdStructInit                       0x0800271f   Thumb Code    14  stm32f10x_sdio.o(.text)
    SDIO_GetCommandResponse                  0x0800272d   Thumb Code     8  stm32f10x_sdio.o(.text)
    SDIO_GetResponse                         0x08002735   Thumb Code    10  stm32f10x_sdio.o(.text)
    SDIO_DataConfig                          0x0800273f   Thumb Code    42  stm32f10x_sdio.o(.text)
    SDIO_DataStructInit                      0x08002769   Thumb Code    20  stm32f10x_sdio.o(.text)
    SDIO_GetDataCounter                      0x0800277d   Thumb Code     6  stm32f10x_sdio.o(.text)
    SDIO_ReadData                            0x08002783   Thumb Code     6  stm32f10x_sdio.o(.text)
    SDIO_WriteData                           0x08002789   Thumb Code     6  stm32f10x_sdio.o(.text)
    SDIO_GetFIFOCount                        0x0800278f   Thumb Code     6  stm32f10x_sdio.o(.text)
    SDIO_StartSDIOReadWait                   0x08002795   Thumb Code     6  stm32f10x_sdio.o(.text)
    SDIO_StopSDIOReadWait                    0x0800279b   Thumb Code     6  stm32f10x_sdio.o(.text)
    SDIO_SetSDIOReadWaitMode                 0x080027a1   Thumb Code     6  stm32f10x_sdio.o(.text)
    SDIO_SetSDIOOperation                    0x080027a7   Thumb Code     6  stm32f10x_sdio.o(.text)
    SDIO_SendSDIOSuspendCmd                  0x080027ad   Thumb Code     6  stm32f10x_sdio.o(.text)
    SDIO_CommandCompletionCmd                0x080027b3   Thumb Code     6  stm32f10x_sdio.o(.text)
    SDIO_CEATAITCmd                          0x080027b9   Thumb Code    10  stm32f10x_sdio.o(.text)
    SDIO_SendCEATACmd                        0x080027c3   Thumb Code     6  stm32f10x_sdio.o(.text)
    SDIO_GetFlagStatus                       0x080027c9   Thumb Code    20  stm32f10x_sdio.o(.text)
    SDIO_ClearFlag                           0x080027dd   Thumb Code     6  stm32f10x_sdio.o(.text)
    SDIO_GetITStatus                         0x080027e3   Thumb Code    20  stm32f10x_sdio.o(.text)
    SDIO_ClearITPendingBit                   0x080027f7   Thumb Code     6  stm32f10x_sdio.o(.text)
    SysTick_CLKSourceConfig                  0x08002831   Thumb Code    40  stm32f10x_systick.o(.text)
    SysTick_SetReload                        0x08002859   Thumb Code     8  stm32f10x_systick.o(.text)
    SysTick_CounterCmd                       0x08002861   Thumb Code    54  stm32f10x_systick.o(.text)
    SysTick_ITConfig                         0x08002897   Thumb Code    38  stm32f10x_systick.o(.text)
    SysTick_GetCounter                       0x080028bd   Thumb Code     8  stm32f10x_systick.o(.text)
    SysTick_GetFlagStatus                    0x080028c5   Thumb Code    46  stm32f10x_systick.o(.text)
    USART_DeInit                             0x080028f5   Thumb Code   146  stm32f10x_usart.o(.text)
    USART_Init                               0x08002987   Thumb Code   150  stm32f10x_usart.o(.text)
    USART_StructInit                         0x08002a1d   Thumb Code    24  stm32f10x_usart.o(.text)
    USART_ClockInit                          0x08002a35   Thumb Code    34  stm32f10x_usart.o(.text)
    USART_ClockStructInit                    0x08002a57   Thumb Code    12  stm32f10x_usart.o(.text)
    USART_Cmd                                0x08002a63   Thumb Code    24  stm32f10x_usart.o(.text)
    USART_ITConfig                           0x08002a7b   Thumb Code    64  stm32f10x_usart.o(.text)
    USART_DMACmd                             0x08002abb   Thumb Code    24  stm32f10x_usart.o(.text)
    USART_SetAddress                         0x08002ad3   Thumb Code    18  stm32f10x_usart.o(.text)
    USART_WakeUpConfig                       0x08002ae5   Thumb Code    18  stm32f10x_usart.o(.text)
    USART_ReceiverWakeUpCmd                  0x08002af7   Thumb Code    24  stm32f10x_usart.o(.text)
    USART_LINBreakDetectLengthConfig         0x08002b0f   Thumb Code    18  stm32f10x_usart.o(.text)
    USART_LINCmd                             0x08002b21   Thumb Code    24  stm32f10x_usart.o(.text)
    USART_SendData                           0x08002b39   Thumb Code     8  stm32f10x_usart.o(.text)
    USART_ReceiveData                        0x08002b41   Thumb Code    10  stm32f10x_usart.o(.text)
    USART_SendBreak                          0x08002b4b   Thumb Code    10  stm32f10x_usart.o(.text)
    USART_SetGuardTime                       0x08002b55   Thumb Code    16  stm32f10x_usart.o(.text)
    USART_SetPrescaler                       0x08002b65   Thumb Code    16  stm32f10x_usart.o(.text)
    USART_SmartCardCmd                       0x08002b75   Thumb Code    24  stm32f10x_usart.o(.text)
    USART_SmartCardNACKCmd                   0x08002b8d   Thumb Code    24  stm32f10x_usart.o(.text)
    USART_HalfDuplexCmd                      0x08002ba5   Thumb Code    24  stm32f10x_usart.o(.text)
    USART_IrDAConfig                         0x08002bbd   Thumb Code    18  stm32f10x_usart.o(.text)
    USART_IrDACmd                            0x08002bcf   Thumb Code    24  stm32f10x_usart.o(.text)
    USART_GetFlagStatus                      0x08002be7   Thumb Code    18  stm32f10x_usart.o(.text)
    USART_ClearFlag                          0x08002bf9   Thumb Code     6  stm32f10x_usart.o(.text)
    USART_GetITStatus                        0x08002bff   Thumb Code    76  stm32f10x_usart.o(.text)
    USART_ClearITPendingBit                  0x08002c4b   Thumb Code    20  stm32f10x_usart.o(.text)
    Reset_Handler                            0x08002c6d   Thumb Code     4  stm32f10x_vector.o(.text)
    __WFI                                    0x08002c75   Thumb Code     0  cortexm3_macro.o(.text)
    __WFE                                    0x08002c79   Thumb Code     0  cortexm3_macro.o(.text)
    __SEV                                    0x08002c7d   Thumb Code     0  cortexm3_macro.o(.text)
    __ISB                                    0x08002c81   Thumb Code     0  cortexm3_macro.o(.text)
    __DSB                                    0x08002c87   Thumb Code     0  cortexm3_macro.o(.text)
    __DMB                                    0x08002c8d   Thumb Code     0  cortexm3_macro.o(.text)
    __SVC                                    0x08002c93   Thumb Code     0  cortexm3_macro.o(.text)
    __MRS_CONTROL                            0x08002c97   Thumb Code     0  cortexm3_macro.o(.text)
    __MSR_CONTROL                            0x08002c9d   Thumb Code     0  cortexm3_macro.o(.text)
    __MRS_PSP                                0x08002ca7   Thumb Code     0  cortexm3_macro.o(.text)
    __MSR_PSP                                0x08002cad   Thumb Code     0  cortexm3_macro.o(.text)
    __MRS_MSP                                0x08002cb3   Thumb Code     0  cortexm3_macro.o(.text)
    __MSR_MSP                                0x08002cb9   Thumb Code     0  cortexm3_macro.o(.text)
    __RESETPRIMASK                           0x08002cbf   Thumb Code     0  cortexm3_macro.o(.text)
    __SETPRIMASK                             0x08002cc3   Thumb Code     0  cortexm3_macro.o(.text)
    __READ_PRIMASK                           0x08002cc7   Thumb Code     0  cortexm3_macro.o(.text)
    __SETFAULTMASK                           0x08002ccd   Thumb Code     0  cortexm3_macro.o(.text)
    __RESETFAULTMASK                         0x08002cd1   Thumb Code     0  cortexm3_macro.o(.text)
    __READ_FAULTMASK                         0x08002cd5   Thumb Code     0  cortexm3_macro.o(.text)
    __BASEPRICONFIG                          0x08002cdb   Thumb Code     0  cortexm3_macro.o(.text)
    __GetBASEPRI                             0x08002ce1   Thumb Code     0  cortexm3_macro.o(.text)
    __REV_HalfWord                           0x08002ce7   Thumb Code     0  cortexm3_macro.o(.text)
    __REV_Word                               0x08002ceb   Thumb Code     0  cortexm3_macro.o(.text)
    SD_InitializeCards                       0x08002cf1   Thumb Code   436  sdcard.o(.text)
    SD_PowerON                               0x08002fcd   Thumb Code   484  sdcard.o(.text)
    SD_Init                                  0x080031b1   Thumb Code   122  sdcard.o(.text)
    SD_PowerOFF                              0x0800322b   Thumb Code    14  sdcard.o(.text)
    SD_GetCardInfo                           0x08003239   Thumb Code   626  sdcard.o(.text)
    SD_EnableWideBusOperation                0x080036cf   Thumb Code   124  sdcard.o(.text)
    SD_SetDeviceMode                         0x0800374b   Thumb Code    28  sdcard.o(.text)
    SD_SelectDeselect                        0x08003767   Thumb Code    40  sdcard.o(.text)
    SD_ReadBlock                             0x0800378f   Thumb Code   612  sdcard.o(.text)
    SD_ReadMultiBlocks                       0x080039f3   Thumb Code   678  sdcard.o(.text)
    SD_WriteBlock                            0x08003e05   Thumb Code   868  sdcard.o(.text)
    SD_WriteMultiBlocks                      0x08004169   Thumb Code   988  sdcard.o(.text)
    SD_GetTransferState                      0x08004545   Thumb Code    14  sdcard.o(.text)
    SD_StopTransfer                          0x08004553   Thumb Code    36  sdcard.o(.text)
    SD_Erase                                 0x08004577   Thumb Code   294  sdcard.o(.text)
    SD_SendStatus                            0x0800469d   Thumb Code    72  sdcard.o(.text)
    SD_SendSDStatus                          0x080046e5   Thumb Code   370  sdcard.o(.text)
    SD_ProcessIRQSrc                         0x08004857   Thumb Code   450  sdcard.o(.text)
    FAT_Init                                 0x08004a2d   Thumb Code   190  fat.o(.text)
    FAT_LoadPartCluster                      0x08004aeb   Thumb Code    36  fat.o(.text)
    FAT_NextCluster                          0x08004b0f   Thumb Code    78  fat.o(.text)
    FAT_FindFreeCluster                      0x08004b5d   Thumb Code   146  fat.o(.text)
    FAT_FindFreeItem                         0x08004bef   Thumb Code   414  fat.o(.text)
    FAT_FindItem                             0x08004d8d   Thumb Code   526  fat.o(.text)
    FAT_SelectOneItem                        0x08004f9b   Thumb Code   440  fat.o(.text)
    FAT_ModifyFAT                            0x08005153   Thumb Code   146  fat.o(.text)
    FAT_MkDir                                0x080051e5   Thumb Code   724  fat.o(.text)
    FAT_DelItem                              0x080054b9   Thumb Code   338  fat.o(.text)
    FAT_OpenDir                              0x0800560b   Thumb Code   232  fat.o(.text)
    FAT_RmDir                                0x080056f3   Thumb Code    24  fat.o(.text)
    FAT_Create                               0x0800570b   Thumb Code   490  fat.o(.text)
    FAT_Open                                 0x080058f5   Thumb Code   280  fat.o(.text)
    FAT_Close                                0x08005a0d   Thumb Code     8  fat.o(.text)
    FAT_Write                                0x08005a15   Thumb Code    90  fat.o(.text)
    FAT_Delete                               0x08005a6f   Thumb Code    24  fat.o(.text)
    FAT_Rename                               0x08005a87   Thumb Code   454  fat.o(.text)
    CopyDirentruyItem                        0x08005c4d   Thumb Code   172  fat.o(.text)
    WriteFolderCluster                       0x08005cf9   Thumb Code     6  fat.o(.text)
    GetFolderCluster                         0x08005cff   Thumb Code     6  fat.o(.text)
    SearchFolder                             0x08005d05   Thumb Code   438  fat.o(.text)
    SearchInit                               0x08005ebb   Thumb Code    74  fat.o(.text)
    Search                                   0x08005f05   Thumb Code  1202  fat.o(.text)
    Search_man                               0x080063b7   Thumb Code   488  fat.o(.text)
    Disp_BMP                                 0x080065ad   Thumb Code   656  disp.o(.text)
    __aeabi_memset                           0x08006879   Thumb Code    14  memseta.o(.text)
    __aeabi_memset4                          0x08006879   Thumb Code     0  memseta.o(.text)
    __aeabi_memset8                          0x08006879   Thumb Code     0  memseta.o(.text)
    __aeabi_memclr                           0x08006887   Thumb Code     4  memseta.o(.text)
    __aeabi_memclr4                          0x08006887   Thumb Code     0  memseta.o(.text)
    __aeabi_memclr8                          0x08006887   Thumb Code     0  memseta.o(.text)
    _memset$wrapper                          0x0800688b   Thumb Code    20  memseta.o(.text)
    __aeabi_i2f                              0x0800689f   Thumb Code    18  fflti.o(.text)
    __aeabi_f2uiz                            0x080068b1   Thumb Code    40  ffixui.o(.text)
    __I$use$fp                               0x080068d9   Thumb Code     0  iusefp.o(.text)
    _float_round                             0x080068d9   Thumb Code    18  fepilogue.o(.text)
    _float_epilogue                          0x080068eb   Thumb Code    94  fepilogue.o(.text)
    __scatterload                            0x08006949   Thumb Code    28  init.o(.text)
    __scatterload_rt2                        0x08006949   Thumb Code     0  init.o(.text)
    __ARM_common_memset4_12                  0x0800696d   Thumb Code    18  fat.o(i.__ARM_common_memset4_12)
    __scatterload_copy                       0x0800697f   Thumb Code    14  handlers.o(i.__scatterload_copy)
    __scatterload_null                       0x0800698d   Thumb Code     2  handlers.o(i.__scatterload_null)
    __scatterload_zeroinit                   0x0800698f   Thumb Code    14  handlers.o(i.__scatterload_zeroinit)
    free                                     0x0800699d   Thumb Code    76  malloc.o(i.free)
    malloc                                   0x080069ed   Thumb Code    92  malloc.o(i.malloc)
    picc1                                    0x08006a58   Data       460800  main.o(.constdata)
    ASCII_Table                              0x08077258   Data        4560  lcd.o(.constdata)
    Region$$Table$$Base                      0x0807843c   Number         0  anon$$obj.o(Region$$Table)
    Region$$Table$$Limit                     0x0807845c   Number         0  anon$$obj.o(Region$$Table)
    Status                                   0x20000004   Data           1  main.o(.data)
    GPIO_InitStructure                       0x20000006   Data           4  main.o(.data)
    HSEStartUpStatus                         0x2000000a   Data           1  main.o(.data)
    sd_Capacity                              0x2000000c   Data           4  main.o(.data)
    DotclkValue                              0x20000010   Data           1  lcd.o(.data)
    VDP                                      0x20000012   Data           2  lcd.o(.data)
    VBP                                      0x20000014   Data           2  lcd.o(.data)
    VFP                                      0x20000016   Data           2  lcd.o(.data)
    HDP                                      0x20000018   Data           2  lcd.o(.data)
    HBP                                      0x2000001a   Data           2  lcd.o(.data)
    HFP                                      0x2000001c   Data           2  lcd.o(.data)
    VPW                                      0x2000001e   Data           2  lcd.o(.data)
    HPW                                      0x20000020   Data           2  lcd.o(.data)
    DeviceCode                               0x20000026   Data           2  lcd.o(.data)
    TransferError                            0x20000028   Data           1  sdcard.o(.data)
    TransferEnd                              0x20000040   Data           4  sdcard.o(.data)
    NumberOfBytes                            0x20000044   Data           4  sdcard.o(.data)
    SrcBuffer                                0x20000048   Data           4  sdcard.o(.data)
    DestBuffer                               0x2000004c   Data           4  sdcard.o(.data)
    LongNameFlag                             0x20000050   Data           1  fat.o(.data)
    FAT32_Enable                             0x20000051   Data           1  fat.o(.data)
    BytesPerSector                           0x20000052   Data           2  fat.o(.data)
    SectorsPerClust                          0x20000054   Data           2  fat.o(.data)
    FirstDirClust                            0x20000058   Data           4  fat.o(.data)
    FirstDataSector                          0x2000005c   Data           4  fat.o(.data)
    FATsectors                               0x20000060   Data           4  fat.o(.data)
    FirstFATSector                           0x20000064   Data           4  fat.o(.data)
    FirstDirSector                           0x20000068   Data           4  fat.o(.data)
    RootDirSectors                           0x2000006c   Data           4  fat.o(.data)
    RootDirCount                             0x20000070   Data           4  fat.o(.data)
    image_count                              0x20000074   Data           2  disp.o(.data)
    image_all                                0x20000076   Data           2  disp.o(.data)
    __microlib_freelist                      0x20000078   Data           4  mvars.o(.data)
    __microlib_freelist_initialised          0x2000007c   Data           4  mvars.o(.data)
    SDCardInfo                               0x20000080   Data          80  main.o(.bss)
    SDIO_InitStructure                       0x20000120   Data          24  sdcard.o(.bss)
    SDIO_CmdInitStructure                    0x20000138   Data          20  sdcard.o(.bss)
    SDIO_DataInitStructure                   0x2000014c   Data          24  sdcard.o(.bss)
    LongNameBuffer                           0x20000180   Data         132  fat.o(.bss)
    FileInfo                                 0x20000204   Data          15  fat.o(.bss)
    recordBuf                                0x20000213   Data        1024  fat.o(.bss)
    BMPInfo                                  0x20000640   Data          32  disp.o(.bss)
    __heap_base                              0x20000660   Data           0  stm32f10x_vector.o(HEAP)
    __heap_limit                             0x20000a60   Data           0  stm32f10x_vector.o(HEAP)
    __initial_sp                             0x20000e60   Data           0  stm32f10x_vector.o(STACK)



==============================================================================

Memory Map of the image

  Image Entry point : 0x08000131

  Load Region LR_IROM1 (Base: 0x08000000, Size: 0x000784dc, Max: 0x00080000, ABSOLUTE)

    Execution Region ER_IROM1 (Base: 0x08000000, Size: 0x0007845c, Max: 0x00080000, ABSOLUTE)

    Base Addr    Size         Type   Attr      Idx    E Section Name        Object

    0x08000000   0x00000130   Data   RO          499    RESET               stm32f10x_vector.o
    0x08000130   0x00000000   Code   RO          666  * .ARM.Collect$$$$00000000  mc_w.l(entry.o)(mc_w.l)
    0x08000130   0x00000004   Code   RO          703    .ARM.Collect$$$$00000001  mc_w.l(entry2.o)(mc_w.l)
    0x08000134   0x00000004   Code   RO          706    .ARM.Collect$$$$00000004  mc_w.l(entry5.o)(mc_w.l)
    0x08000138   0x00000008   Code   RO          707    .ARM.Collect$$$$00000007  mc_w.l(entry7.o)(mc_w.l)
    0x08000140   0x00000004   Code   RO          704    .ARM.Collect$$$$00002712  mc_w.l(entry2.o)(mc_w.l)
    0x08000144   0x0000009e   Code   RO            1    .text               stm32f10x_it.o
    0x080001e2   0x00000002   PAD
    0x080001e4   0x000003e0   Code   RO          103    .text               main.o
    0x080005c4   0x000012e8   Code   RO          191    .text               lcd.o
    0x080018ac   0x00000244   Code   RO          282    .text               stm32f10x_dma.o
    0x08001af0   0x00000048   Code   RO          306    .text               stm32f10x_flash.o
    0x08001b38   0x0000032c   Code   RO          330    .text               stm32f10x_gpio.o
    0x08001e64   0x00000458   Code   RO          375    .text               stm32f10x_nvic.o
    0x080022bc   0x000003a0   Code   RO          399    .text               stm32f10x_rcc.o
    0x0800265c   0x000001d4   Code   RO          425    .text               stm32f10x_sdio.o
    0x08002830   0x000000c2   Code   RO          449    .text               stm32f10x_systick.o
    0x080028f2   0x00000002   PAD
    0x080028f4   0x00000378   Code   RO          473    .text               stm32f10x_usart.o
    0x08002c6c   0x00000008   Code   RO          500    .text               stm32f10x_vector.o
    0x08002c74   0x0000007a   Code   RO          505    .text               cortexm3_macro.o
    0x08002cee   0x00000002   PAD
    0x08002cf0   0x00001d3c   Code   RO          508    .text               SDFAT.lib(sdcard.o)(SDFAT.lib)
    0x08004a2c   0x00001b80   Code   RO          612    .text               SDFAT.lib(fat.o)(SDFAT.lib)
    0x080065ac   0x000002cc   Code   RO          640    .text               DispBMPv01.lib(disp.o)(DispBMPv01.lib)
    0x08006878   0x00000026   Code   RO          669    .text               mc_w.l(memseta.o)(mc_w.l)
    0x0800689e   0x00000012   Code   RO          699    .text               mf_w.l(fflti.o)(mf_w.l)
    0x080068b0   0x00000028   Code   RO          701    .text               mf_w.l(ffixui.o)(mf_w.l)
    0x080068d8   0x00000000   Code   RO          714    .text               mc_w.l(iusefp.o)(mc_w.l)
    0x080068d8   0x00000070   Code   RO          715    .text               mf_w.l(fepilogue.o)(mf_w.l)
    0x08006948   0x00000024   Code   RO          717    .text               mc_w.l(init.o)(mc_w.l)
    0x0800696c   0x00000012   Code   RO          628    i.__ARM_common_memset4_12  SDFAT.lib(fat.o)(SDFAT.lib)
    0x0800697e   0x0000000e   Code   RO          721    i.__scatterload_copy  mc_w.l(handlers.o)(mc_w.l)
    0x0800698c   0x00000002   Code   RO          722    i.__scatterload_null  mc_w.l(handlers.o)(mc_w.l)
    0x0800698e   0x0000000e   Code   RO          723    i.__scatterload_zeroinit  mc_w.l(handlers.o)(mc_w.l)
    0x0800699c   0x00000050   Code   RO          671    i.free              mc_w.l(malloc.o)(mc_w.l)
    0x080069ec   0x0000006c   Code   RO          672    i.malloc            mc_w.l(malloc.o)(mc_w.l)
    0x08006a58   0x00070800   Data   RO          105    .constdata          main.o
    0x08077258   0x000011d0   Data   RO          192    .constdata          lcd.o
    0x08078428   0x00000014   Data   RO          400    .constdata          stm32f10x_rcc.o
    0x0807843c   0x00000020   Data   RO          719    Region$$Table       anon$$obj.o


    Execution Region RW_IRAM1 (Base: 0x20000000, Size: 0x00000e60, Max: 0x00010000, ABSOLUTE)

    Base Addr    Size         Type   Attr      Idx    E Section Name        Object

    0x20000000   0x00000010   Data   RW          106    .data               main.o
    0x20000010   0x00000018   Data   RW          193    .data               lcd.o
    0x20000028   0x00000028   Data   RW          510    .data               SDFAT.lib(sdcard.o)(SDFAT.lib)
    0x20000050   0x00000024   Data   RW          617    .data               SDFAT.lib(fat.o)(SDFAT.lib)
    0x20000074   0x00000004   Data   RW          642    .data               DispBMPv01.lib(disp.o)(DispBMPv01.lib)
    0x20000078   0x00000004   Data   RW          712    .data               mc_w.l(mvars.o)(mc_w.l)
    0x2000007c   0x00000004   Data   RW          713    .data               mc_w.l(mvars.o)(mc_w.l)
    0x20000080   0x00000050   Zero   RW          104    .bss                main.o
    0x200000d0   0x00000030   PAD
    0x20000100   0x00000064   Zero   RW          509    .bss                SDFAT.lib(sdcard.o)(SDFAT.lib)
    0x20000164   0x0000001c   PAD
    0x20000180   0x00000493   Zero   RW          614    .bss                SDFAT.lib(fat.o)(SDFAT.lib)
    0x20000613   0x0000002d   PAD
    0x20000640   0x00000020   Zero   RW          641    .bss                DispBMPv01.lib(disp.o)(DispBMPv01.lib)
    0x20000660   0x00000400   Zero   RW          498    HEAP                stm32f10x_vector.o
    0x20000a60   0x00000400   Zero   RW          497    STACK               stm32f10x_vector.o


==============================================================================

Image component sizes


      Code (inc. data)   RO Data    RW Data    ZI Data      Debug   Object Name

       122          0          0          0          0          0   cortexm3_macro.o
      4840        114       4560         24          0          0   lcd.o
       992         64     460800         16         80          0   main.o
       580         26          0          0          0          0   stm32f10x_dma.o
        72          6          0          0          0          0   stm32f10x_flash.o
       812         18          0          0          0          0   stm32f10x_gpio.o
       158          0          0          0          0          0   stm32f10x_it.o
      1112         78          0          0          0          0   stm32f10x_nvic.o
       928         52         20          0          0          0   stm32f10x_rcc.o
       468         52          0          0          0          0   stm32f10x_sdio.o
       194          0          0          0          0          0   stm32f10x_systick.o
       888         14          0          0          0          0   stm32f10x_usart.o
         8          4        304          0       2048          0   stm32f10x_vector.o

    ----------------------------------------------------------------------
     11180        428     465716         40       2176          0   Object Totals
         0          0         32          0          0          0   (incl. Generated)
         6          0          0          0         48          1   (incl. Padding)

    ----------------------------------------------------------------------

      Code (inc. data)   RO Data    RW Data    ZI Data      Debug   Library Member Name

       716         60          0          4         32          0   disp.o
      7058         78          0         36       1171          0   fat.o
      7484        232          0         40        100          0   sdcard.o
         0          0          0          0          0          0   entry.o
         8          4          0          0          0          0   entry2.o
         4          0          0          0          0          0   entry5.o
         8          4          0          0          0          0   entry7.o
        30          0          0          0          0          0   handlers.o
        36          8          0          0          0          0   init.o
         0          0          0          0          0          0   iusefp.o
       188         20          0          0          0          0   malloc.o
        38          0          0          0          0          0   memseta.o
         0          0          0          8          0          0   mvars.o
       112          0          0          0          0          0   fepilogue.o
        40          0          0          0          0          0   ffixui.o
        18          0          0          0          0          0   fflti.o

    ----------------------------------------------------------------------
     15740        406          0         88       1376          0   Library Totals
         0          0          0          0         73          0   (incl. Padding)

    ----------------------------------------------------------------------

      Code (inc. data)   RO Data    RW Data    ZI Data      Debug   Library Name

       716         60          0          4         32       6402   DispBMPv01.lib
     14542        310          0         76       1271      76719   SDFAT.lib
       312         36          0          8          0        336   mc_w.l
       170          0          0          0          0        304   mf_w.l

    ----------------------------------------------------------------------
     15740        406          0         88       1376          0   Library Totals

    ----------------------------------------------------------------------

==============================================================================


      Code (inc. data)   RO Data    RW Data    ZI Data      Debug   

     26920        834     465716        128       3552     396820   Grand Totals
     26920        834     465716        128       3552     396820   ELF Image Totals
     26920        834     465716        128          0          0   ROM Totals

==============================================================================

    Total RO  Size (Code + RO Data)               492636 ( 481.09kB)
    Total RW  Size (RW Data + ZI Data)              3680 (   3.59kB)
    Total ROM Size (Code + RO Data + RW Data)     492764 ( 481.21kB)

==============================================================================

