<!doctype html public "-//w3c//dtd html 4.0 transitional//en">
<html><head>
<title>Static Call Graph - [.\Obj\GPM1316B0_OTP.axf]</title></head>
<body><HR>
<H1>Static Call Graph for image .\Obj\GPM1316B0_OTP.axf</H1><HR>
<BR><P>#&#060CALLGRAPH&#062# ARM Linker, 4.1 [Build 481]: Last Updated: Fri Aug 19 17:12:10 2016
<BR><P>
<H3>Maximum Stack Usage =        816 bytes + Unknown(Functions without stacksize, Untraceable Function Pointers)</H3><H3>
Call chain for Maximum Stack Depth:</H3>
main &rArr; SDPicShow &rArr; Disp_BMP &rArr; Search_man &rArr; SD_ReadBlock &rArr; CmdResp1Error
<P>
<H3>
Functions with no stack information
</H3><UL>
 <LI><a href="#[168]">__WFI</a>
 <LI><a href="#[169]">__WFE</a>
 <LI><a href="#[16a]">__SEV</a>
 <LI><a href="#[16b]">__ISB</a>
 <LI><a href="#[16c]">__DSB</a>
 <LI><a href="#[16d]">__DMB</a>
 <LI><a href="#[16e]">__SVC</a>
 <LI><a href="#[16f]">__MRS_CONTROL</a>
 <LI><a href="#[170]">__MSR_CONTROL</a>
 <LI><a href="#[171]">__MRS_PSP</a>
 <LI><a href="#[172]">__MSR_PSP</a>
 <LI><a href="#[173]">__MRS_MSP</a>
 <LI><a href="#[174]">__MSR_MSP</a>
 <LI><a href="#[b3]">__RESETPRIMASK</a>
 <LI><a href="#[b1]">__SETPRIMASK</a>
 <LI><a href="#[175]">__READ_PRIMASK</a>
 <LI><a href="#[b5]">__SETFAULTMASK</a>
 <LI><a href="#[b7]">__RESETFAULTMASK</a>
 <LI><a href="#[176]">__READ_FAULTMASK</a>
 <LI><a href="#[b9]">__BASEPRICONFIG</a>
 <LI><a href="#[bb]">__GetBASEPRI</a>
 <LI><a href="#[177]">__REV_HalfWord</a>
 <LI><a href="#[178]">__REV_Word</a>
</UL>
</UL>
<P>
<H3>
Function Pointers
</H3><UL>
 <LI><a href="#[0]">Reset_Handler</a> from stm32f10x_vector.o(.text) referenced from stm32f10x_vector.o(RESET)
 <LI><a href="#[1]">NMIException</a> from stm32f10x_it.o(.text) referenced from stm32f10x_vector.o(RESET)
 <LI><a href="#[2]">HardFaultException</a> from stm32f10x_it.o(.text) referenced from stm32f10x_vector.o(RESET)
 <LI><a href="#[3]">MemManageException</a> from stm32f10x_it.o(.text) referenced from stm32f10x_vector.o(RESET)
 <LI><a href="#[4]">BusFaultException</a> from stm32f10x_it.o(.text) referenced from stm32f10x_vector.o(RESET)
 <LI><a href="#[5]">UsageFaultException</a> from stm32f10x_it.o(.text) referenced from stm32f10x_vector.o(RESET)
 <LI><a href="#[6]">SVCHandler</a> from stm32f10x_it.o(.text) referenced from stm32f10x_vector.o(RESET)
 <LI><a href="#[7]">DebugMonitor</a> from stm32f10x_it.o(.text) referenced from stm32f10x_vector.o(RESET)
 <LI><a href="#[8]">PendSVC</a> from stm32f10x_it.o(.text) referenced from stm32f10x_vector.o(RESET)
 <LI><a href="#[9]">SysTickHandler</a> from stm32f10x_it.o(.text) referenced from stm32f10x_vector.o(RESET)
 <LI><a href="#[a]">WWDG_IRQHandler</a> from stm32f10x_it.o(.text) referenced from stm32f10x_vector.o(RESET)
 <LI><a href="#[b]">PVD_IRQHandler</a> from stm32f10x_it.o(.text) referenced from stm32f10x_vector.o(RESET)
 <LI><a href="#[c]">TAMPER_IRQHandler</a> from stm32f10x_it.o(.text) referenced from stm32f10x_vector.o(RESET)
 <LI><a href="#[d]">RTC_IRQHandler</a> from stm32f10x_it.o(.text) referenced from stm32f10x_vector.o(RESET)
 <LI><a href="#[e]">FLASH_IRQHandler</a> from stm32f10x_it.o(.text) referenced from stm32f10x_vector.o(RESET)
 <LI><a href="#[f]">RCC_IRQHandler</a> from stm32f10x_it.o(.text) referenced from stm32f10x_vector.o(RESET)
 <LI><a href="#[10]">EXTI0_IRQHandler</a> from stm32f10x_it.o(.text) referenced from stm32f10x_vector.o(RESET)
 <LI><a href="#[11]">EXTI1_IRQHandler</a> from stm32f10x_it.o(.text) referenced from stm32f10x_vector.o(RESET)
 <LI><a href="#[12]">EXTI2_IRQHandler</a> from stm32f10x_it.o(.text) referenced from stm32f10x_vector.o(RESET)
 <LI><a href="#[13]">EXTI3_IRQHandler</a> from stm32f10x_it.o(.text) referenced from stm32f10x_vector.o(RESET)
 <LI><a href="#[14]">EXTI4_IRQHandler</a> from stm32f10x_it.o(.text) referenced from stm32f10x_vector.o(RESET)
 <LI><a href="#[15]">DMA1_Channel1_IRQHandler</a> from stm32f10x_it.o(.text) referenced from stm32f10x_vector.o(RESET)
 <LI><a href="#[16]">DMA1_Channel2_IRQHandler</a> from stm32f10x_it.o(.text) referenced from stm32f10x_vector.o(RESET)
 <LI><a href="#[17]">DMA1_Channel3_IRQHandler</a> from stm32f10x_it.o(.text) referenced from stm32f10x_vector.o(RESET)
 <LI><a href="#[18]">DMA1_Channel4_IRQHandler</a> from stm32f10x_it.o(.text) referenced from stm32f10x_vector.o(RESET)
 <LI><a href="#[19]">DMA1_Channel5_IRQHandler</a> from stm32f10x_it.o(.text) referenced from stm32f10x_vector.o(RESET)
 <LI><a href="#[1a]">DMA1_Channel6_IRQHandler</a> from stm32f10x_it.o(.text) referenced from stm32f10x_vector.o(RESET)
 <LI><a href="#[1b]">DMA1_Channel7_IRQHandler</a> from stm32f10x_it.o(.text) referenced from stm32f10x_vector.o(RESET)
 <LI><a href="#[1c]">ADC1_2_IRQHandler</a> from stm32f10x_it.o(.text) referenced from stm32f10x_vector.o(RESET)
 <LI><a href="#[1d]">USB_HP_CAN_TX_IRQHandler</a> from stm32f10x_it.o(.text) referenced from stm32f10x_vector.o(RESET)
 <LI><a href="#[1e]">USB_LP_CAN_RX0_IRQHandler</a> from stm32f10x_it.o(.text) referenced from stm32f10x_vector.o(RESET)
 <LI><a href="#[1f]">CAN_RX1_IRQHandler</a> from stm32f10x_it.o(.text) referenced from stm32f10x_vector.o(RESET)
 <LI><a href="#[20]">CAN_SCE_IRQHandler</a> from stm32f10x_it.o(.text) referenced from stm32f10x_vector.o(RESET)
 <LI><a href="#[21]">EXTI9_5_IRQHandler</a> from stm32f10x_it.o(.text) referenced from stm32f10x_vector.o(RESET)
 <LI><a href="#[22]">TIM1_BRK_IRQHandler</a> from stm32f10x_it.o(.text) referenced from stm32f10x_vector.o(RESET)
 <LI><a href="#[23]">TIM1_UP_IRQHandler</a> from stm32f10x_it.o(.text) referenced from stm32f10x_vector.o(RESET)
 <LI><a href="#[24]">TIM1_TRG_COM_IRQHandler</a> from stm32f10x_it.o(.text) referenced from stm32f10x_vector.o(RESET)
 <LI><a href="#[25]">TIM1_CC_IRQHandler</a> from stm32f10x_it.o(.text) referenced from stm32f10x_vector.o(RESET)
 <LI><a href="#[26]">TIM2_IRQHandler</a> from stm32f10x_it.o(.text) referenced from stm32f10x_vector.o(RESET)
 <LI><a href="#[27]">TIM3_IRQHandler</a> from stm32f10x_it.o(.text) referenced from stm32f10x_vector.o(RESET)
 <LI><a href="#[28]">TIM4_IRQHandler</a> from stm32f10x_it.o(.text) referenced from stm32f10x_vector.o(RESET)
 <LI><a href="#[29]">I2C1_EV_IRQHandler</a> from stm32f10x_it.o(.text) referenced from stm32f10x_vector.o(RESET)
 <LI><a href="#[2a]">I2C1_ER_IRQHandler</a> from stm32f10x_it.o(.text) referenced from stm32f10x_vector.o(RESET)
 <LI><a href="#[2b]">I2C2_EV_IRQHandler</a> from stm32f10x_it.o(.text) referenced from stm32f10x_vector.o(RESET)
 <LI><a href="#[2c]">I2C2_ER_IRQHandler</a> from stm32f10x_it.o(.text) referenced from stm32f10x_vector.o(RESET)
 <LI><a href="#[2d]">SPI1_IRQHandler</a> from stm32f10x_it.o(.text) referenced from stm32f10x_vector.o(RESET)
 <LI><a href="#[2e]">SPI2_IRQHandler</a> from stm32f10x_it.o(.text) referenced from stm32f10x_vector.o(RESET)
 <LI><a href="#[2f]">USART1_IRQHandler</a> from stm32f10x_it.o(.text) referenced from stm32f10x_vector.o(RESET)
 <LI><a href="#[30]">USART2_IRQHandler</a> from stm32f10x_it.o(.text) referenced from stm32f10x_vector.o(RESET)
 <LI><a href="#[31]">USART3_IRQHandler</a> from stm32f10x_it.o(.text) referenced from stm32f10x_vector.o(RESET)
 <LI><a href="#[32]">EXTI15_10_IRQHandler</a> from stm32f10x_it.o(.text) referenced from stm32f10x_vector.o(RESET)
 <LI><a href="#[33]">RTCAlarm_IRQHandler</a> from stm32f10x_it.o(.text) referenced from stm32f10x_vector.o(RESET)
 <LI><a href="#[34]">USBWakeUp_IRQHandler</a> from stm32f10x_it.o(.text) referenced from stm32f10x_vector.o(RESET)
 <LI><a href="#[35]">TIM8_BRK_IRQHandler</a> from stm32f10x_it.o(.text) referenced from stm32f10x_vector.o(RESET)
 <LI><a href="#[36]">TIM8_UP_IRQHandler</a> from stm32f10x_it.o(.text) referenced from stm32f10x_vector.o(RESET)
 <LI><a href="#[37]">TIM8_TRG_COM_IRQHandler</a> from stm32f10x_it.o(.text) referenced from stm32f10x_vector.o(RESET)
 <LI><a href="#[38]">TIM8_CC_IRQHandler</a> from stm32f10x_it.o(.text) referenced from stm32f10x_vector.o(RESET)
 <LI><a href="#[39]">ADC3_IRQHandler</a> from stm32f10x_it.o(.text) referenced from stm32f10x_vector.o(RESET)
 <LI><a href="#[3a]">FSMC_IRQHandler</a> from stm32f10x_it.o(.text) referenced from stm32f10x_vector.o(RESET)
 <LI><a href="#[3b]">SDIO_IRQHandler</a> from stm32f10x_it.o(.text) referenced from stm32f10x_vector.o(RESET)
 <LI><a href="#[3c]">TIM5_IRQHandler</a> from stm32f10x_it.o(.text) referenced from stm32f10x_vector.o(RESET)
 <LI><a href="#[3d]">SPI3_IRQHandler</a> from stm32f10x_it.o(.text) referenced from stm32f10x_vector.o(RESET)
 <LI><a href="#[3e]">UART4_IRQHandler</a> from stm32f10x_it.o(.text) referenced from stm32f10x_vector.o(RESET)
 <LI><a href="#[3f]">UART5_IRQHandler</a> from stm32f10x_it.o(.text) referenced from stm32f10x_vector.o(RESET)
 <LI><a href="#[40]">TIM6_IRQHandler</a> from stm32f10x_it.o(.text) referenced from stm32f10x_vector.o(RESET)
 <LI><a href="#[41]">TIM7_IRQHandler</a> from stm32f10x_it.o(.text) referenced from stm32f10x_vector.o(RESET)
 <LI><a href="#[42]">DMA2_Channel1_IRQHandler</a> from stm32f10x_it.o(.text) referenced from stm32f10x_vector.o(RESET)
 <LI><a href="#[43]">DMA2_Channel2_IRQHandler</a> from stm32f10x_it.o(.text) referenced from stm32f10x_vector.o(RESET)
 <LI><a href="#[44]">DMA2_Channel3_IRQHandler</a> from stm32f10x_it.o(.text) referenced from stm32f10x_vector.o(RESET)
 <LI><a href="#[45]">DMA2_Channel4_5_IRQHandler</a> from stm32f10x_it.o(.text) referenced from stm32f10x_vector.o(RESET)
 <LI><a href="#[46]">main</a> from main.o(.text) referenced from entry7.o(.ARM.Collect$$$$00000007)
 <LI><a href="#[47]">__main</a> from entry.o(.ARM.Collect$$$$00000000) referenced from stm32f10x_vector.o(.text)
</UL>
<P>
<H3>
Global Symbols
</H3>
<P><STRONG><a name="[47]"></a>__main</STRONG> (Thumb, 0 bytes, Stack size unknown bytes, entry.o(.ARM.Collect$$$$00000000))
<BR>[Address Reference Count : 1]<UL><LI> stm32f10x_vector.o(.text)
</UL>
<P><STRONG><a name="[10c]"></a>_main_stk</STRONG> (Thumb, 0 bytes, Stack size unknown bytes, entry2.o(.ARM.Collect$$$$00000001))

<P><STRONG><a name="[48]"></a>_main_scatterload</STRONG> (Thumb, 0 bytes, Stack size unknown bytes, entry5.o(.ARM.Collect$$$$00000004))
<BR><BR>[Calls]<UL><LI><a href="#[49]">&gt;&gt;</a>&nbsp;&nbsp;&nbsp;__scatterload
</UL>

<P><STRONG><a name="[10b]"></a>__main_after_scatterload</STRONG> (Thumb, 0 bytes, Stack size unknown bytes, entry5.o(.ARM.Collect$$$$00000004))
<BR><BR>[Called By]<UL><LI><a href="#[49]">&gt;&gt;</a>&nbsp;&nbsp;&nbsp;__scatterload
</UL>

<P><STRONG><a name="[10d]"></a>_main_init</STRONG> (Thumb, 0 bytes, Stack size unknown bytes, entry7.o(.ARM.Collect$$$$00000007))

<P><STRONG><a name="[1]"></a>NMIException</STRONG> (Thumb, 2 bytes, Stack size 0 bytes, stm32f10x_it.o(.text))
<BR>[Address Reference Count : 1]<UL><LI> stm32f10x_vector.o(RESET)
</UL>
<P><STRONG><a name="[2]"></a>HardFaultException</STRONG> (Thumb, 4 bytes, Stack size 0 bytes, stm32f10x_it.o(.text))
<BR>[Address Reference Count : 1]<UL><LI> stm32f10x_vector.o(RESET)
</UL>
<P><STRONG><a name="[3]"></a>MemManageException</STRONG> (Thumb, 4 bytes, Stack size 0 bytes, stm32f10x_it.o(.text))
<BR>[Address Reference Count : 1]<UL><LI> stm32f10x_vector.o(RESET)
</UL>
<P><STRONG><a name="[4]"></a>BusFaultException</STRONG> (Thumb, 4 bytes, Stack size 0 bytes, stm32f10x_it.o(.text))
<BR>[Address Reference Count : 1]<UL><LI> stm32f10x_vector.o(RESET)
</UL>
<P><STRONG><a name="[5]"></a>UsageFaultException</STRONG> (Thumb, 4 bytes, Stack size 0 bytes, stm32f10x_it.o(.text))
<BR>[Address Reference Count : 1]<UL><LI> stm32f10x_vector.o(RESET)
</UL>
<P><STRONG><a name="[7]"></a>DebugMonitor</STRONG> (Thumb, 2 bytes, Stack size 0 bytes, stm32f10x_it.o(.text))
<BR>[Address Reference Count : 1]<UL><LI> stm32f10x_vector.o(RESET)
</UL>
<P><STRONG><a name="[6]"></a>SVCHandler</STRONG> (Thumb, 2 bytes, Stack size 0 bytes, stm32f10x_it.o(.text))
<BR>[Address Reference Count : 1]<UL><LI> stm32f10x_vector.o(RESET)
</UL>
<P><STRONG><a name="[8]"></a>PendSVC</STRONG> (Thumb, 2 bytes, Stack size 0 bytes, stm32f10x_it.o(.text))
<BR>[Address Reference Count : 1]<UL><LI> stm32f10x_vector.o(RESET)
</UL>
<P><STRONG><a name="[9]"></a>SysTickHandler</STRONG> (Thumb, 8 bytes, Stack size 8 bytes, stm32f10x_it.o(.text))
<BR><BR>[Stack]<UL><LI>Max Depth = 8<LI>Call Chain = SysTickHandler
</UL>
<BR>[Calls]<UL><LI><a href="#[4a]">&gt;&gt;</a>&nbsp;&nbsp;&nbsp;Decrement_TimingDelay
</UL>
<BR>[Address Reference Count : 1]<UL><LI> stm32f10x_vector.o(RESET)
</UL>
<P><STRONG><a name="[a]"></a>WWDG_IRQHandler</STRONG> (Thumb, 2 bytes, Stack size 0 bytes, stm32f10x_it.o(.text))
<BR>[Address Reference Count : 1]<UL><LI> stm32f10x_vector.o(RESET)
</UL>
<P><STRONG><a name="[b]"></a>PVD_IRQHandler</STRONG> (Thumb, 2 bytes, Stack size 0 bytes, stm32f10x_it.o(.text))
<BR>[Address Reference Count : 1]<UL><LI> stm32f10x_vector.o(RESET)
</UL>
<P><STRONG><a name="[c]"></a>TAMPER_IRQHandler</STRONG> (Thumb, 2 bytes, Stack size 0 bytes, stm32f10x_it.o(.text))
<BR>[Address Reference Count : 1]<UL><LI> stm32f10x_vector.o(RESET)
</UL>
<P><STRONG><a name="[d]"></a>RTC_IRQHandler</STRONG> (Thumb, 2 bytes, Stack size 0 bytes, stm32f10x_it.o(.text))
<BR>[Address Reference Count : 1]<UL><LI> stm32f10x_vector.o(RESET)
</UL>
<P><STRONG><a name="[e]"></a>FLASH_IRQHandler</STRONG> (Thumb, 2 bytes, Stack size 0 bytes, stm32f10x_it.o(.text))
<BR>[Address Reference Count : 1]<UL><LI> stm32f10x_vector.o(RESET)
</UL>
<P><STRONG><a name="[f]"></a>RCC_IRQHandler</STRONG> (Thumb, 2 bytes, Stack size 0 bytes, stm32f10x_it.o(.text))
<BR>[Address Reference Count : 1]<UL><LI> stm32f10x_vector.o(RESET)
</UL>
<P><STRONG><a name="[10]"></a>EXTI0_IRQHandler</STRONG> (Thumb, 2 bytes, Stack size 0 bytes, stm32f10x_it.o(.text))
<BR>[Address Reference Count : 1]<UL><LI> stm32f10x_vector.o(RESET)
</UL>
<P><STRONG><a name="[11]"></a>EXTI1_IRQHandler</STRONG> (Thumb, 2 bytes, Stack size 0 bytes, stm32f10x_it.o(.text))
<BR>[Address Reference Count : 1]<UL><LI> stm32f10x_vector.o(RESET)
</UL>
<P><STRONG><a name="[12]"></a>EXTI2_IRQHandler</STRONG> (Thumb, 2 bytes, Stack size 0 bytes, stm32f10x_it.o(.text))
<BR>[Address Reference Count : 1]<UL><LI> stm32f10x_vector.o(RESET)
</UL>
<P><STRONG><a name="[13]"></a>EXTI3_IRQHandler</STRONG> (Thumb, 2 bytes, Stack size 0 bytes, stm32f10x_it.o(.text))
<BR>[Address Reference Count : 1]<UL><LI> stm32f10x_vector.o(RESET)
</UL>
<P><STRONG><a name="[14]"></a>EXTI4_IRQHandler</STRONG> (Thumb, 2 bytes, Stack size 0 bytes, stm32f10x_it.o(.text))
<BR>[Address Reference Count : 1]<UL><LI> stm32f10x_vector.o(RESET)
</UL>
<P><STRONG><a name="[15]"></a>DMA1_Channel1_IRQHandler</STRONG> (Thumb, 2 bytes, Stack size 0 bytes, stm32f10x_it.o(.text))
<BR>[Address Reference Count : 1]<UL><LI> stm32f10x_vector.o(RESET)
</UL>
<P><STRONG><a name="[16]"></a>DMA1_Channel2_IRQHandler</STRONG> (Thumb, 2 bytes, Stack size 0 bytes, stm32f10x_it.o(.text))
<BR>[Address Reference Count : 1]<UL><LI> stm32f10x_vector.o(RESET)
</UL>
<P><STRONG><a name="[17]"></a>DMA1_Channel3_IRQHandler</STRONG> (Thumb, 2 bytes, Stack size 0 bytes, stm32f10x_it.o(.text))
<BR>[Address Reference Count : 1]<UL><LI> stm32f10x_vector.o(RESET)
</UL>
<P><STRONG><a name="[18]"></a>DMA1_Channel4_IRQHandler</STRONG> (Thumb, 2 bytes, Stack size 0 bytes, stm32f10x_it.o(.text))
<BR>[Address Reference Count : 1]<UL><LI> stm32f10x_vector.o(RESET)
</UL>
<P><STRONG><a name="[19]"></a>DMA1_Channel5_IRQHandler</STRONG> (Thumb, 2 bytes, Stack size 0 bytes, stm32f10x_it.o(.text))
<BR>[Address Reference Count : 1]<UL><LI> stm32f10x_vector.o(RESET)
</UL>
<P><STRONG><a name="[1a]"></a>DMA1_Channel6_IRQHandler</STRONG> (Thumb, 2 bytes, Stack size 0 bytes, stm32f10x_it.o(.text))
<BR>[Address Reference Count : 1]<UL><LI> stm32f10x_vector.o(RESET)
</UL>
<P><STRONG><a name="[1b]"></a>DMA1_Channel7_IRQHandler</STRONG> (Thumb, 2 bytes, Stack size 0 bytes, stm32f10x_it.o(.text))
<BR>[Address Reference Count : 1]<UL><LI> stm32f10x_vector.o(RESET)
</UL>
<P><STRONG><a name="[1c]"></a>ADC1_2_IRQHandler</STRONG> (Thumb, 2 bytes, Stack size 0 bytes, stm32f10x_it.o(.text))
<BR>[Address Reference Count : 1]<UL><LI> stm32f10x_vector.o(RESET)
</UL>
<P><STRONG><a name="[1d]"></a>USB_HP_CAN_TX_IRQHandler</STRONG> (Thumb, 2 bytes, Stack size 0 bytes, stm32f10x_it.o(.text))
<BR>[Address Reference Count : 1]<UL><LI> stm32f10x_vector.o(RESET)
</UL>
<P><STRONG><a name="[1e]"></a>USB_LP_CAN_RX0_IRQHandler</STRONG> (Thumb, 2 bytes, Stack size 0 bytes, stm32f10x_it.o(.text))
<BR>[Address Reference Count : 1]<UL><LI> stm32f10x_vector.o(RESET)
</UL>
<P><STRONG><a name="[1f]"></a>CAN_RX1_IRQHandler</STRONG> (Thumb, 2 bytes, Stack size 0 bytes, stm32f10x_it.o(.text))
<BR>[Address Reference Count : 1]<UL><LI> stm32f10x_vector.o(RESET)
</UL>
<P><STRONG><a name="[20]"></a>CAN_SCE_IRQHandler</STRONG> (Thumb, 2 bytes, Stack size 0 bytes, stm32f10x_it.o(.text))
<BR>[Address Reference Count : 1]<UL><LI> stm32f10x_vector.o(RESET)
</UL>
<P><STRONG><a name="[21]"></a>EXTI9_5_IRQHandler</STRONG> (Thumb, 2 bytes, Stack size 0 bytes, stm32f10x_it.o(.text))
<BR>[Address Reference Count : 1]<UL><LI> stm32f10x_vector.o(RESET)
</UL>
<P><STRONG><a name="[22]"></a>TIM1_BRK_IRQHandler</STRONG> (Thumb, 2 bytes, Stack size 0 bytes, stm32f10x_it.o(.text))
<BR>[Address Reference Count : 1]<UL><LI> stm32f10x_vector.o(RESET)
</UL>
<P><STRONG><a name="[23]"></a>TIM1_UP_IRQHandler</STRONG> (Thumb, 2 bytes, Stack size 0 bytes, stm32f10x_it.o(.text))
<BR>[Address Reference Count : 1]<UL><LI> stm32f10x_vector.o(RESET)
</UL>
<P><STRONG><a name="[24]"></a>TIM1_TRG_COM_IRQHandler</STRONG> (Thumb, 2 bytes, Stack size 0 bytes, stm32f10x_it.o(.text))
<BR>[Address Reference Count : 1]<UL><LI> stm32f10x_vector.o(RESET)
</UL>
<P><STRONG><a name="[25]"></a>TIM1_CC_IRQHandler</STRONG> (Thumb, 2 bytes, Stack size 0 bytes, stm32f10x_it.o(.text))
<BR>[Address Reference Count : 1]<UL><LI> stm32f10x_vector.o(RESET)
</UL>
<P><STRONG><a name="[26]"></a>TIM2_IRQHandler</STRONG> (Thumb, 2 bytes, Stack size 0 bytes, stm32f10x_it.o(.text))
<BR>[Address Reference Count : 1]<UL><LI> stm32f10x_vector.o(RESET)
</UL>
<P><STRONG><a name="[27]"></a>TIM3_IRQHandler</STRONG> (Thumb, 2 bytes, Stack size 0 bytes, stm32f10x_it.o(.text))
<BR>[Address Reference Count : 1]<UL><LI> stm32f10x_vector.o(RESET)
</UL>
<P><STRONG><a name="[28]"></a>TIM4_IRQHandler</STRONG> (Thumb, 2 bytes, Stack size 0 bytes, stm32f10x_it.o(.text))
<BR>[Address Reference Count : 1]<UL><LI> stm32f10x_vector.o(RESET)
</UL>
<P><STRONG><a name="[29]"></a>I2C1_EV_IRQHandler</STRONG> (Thumb, 2 bytes, Stack size 0 bytes, stm32f10x_it.o(.text))
<BR>[Address Reference Count : 1]<UL><LI> stm32f10x_vector.o(RESET)
</UL>
<P><STRONG><a name="[2a]"></a>I2C1_ER_IRQHandler</STRONG> (Thumb, 2 bytes, Stack size 0 bytes, stm32f10x_it.o(.text))
<BR>[Address Reference Count : 1]<UL><LI> stm32f10x_vector.o(RESET)
</UL>
<P><STRONG><a name="[2b]"></a>I2C2_EV_IRQHandler</STRONG> (Thumb, 2 bytes, Stack size 0 bytes, stm32f10x_it.o(.text))
<BR>[Address Reference Count : 1]<UL><LI> stm32f10x_vector.o(RESET)
</UL>
<P><STRONG><a name="[2c]"></a>I2C2_ER_IRQHandler</STRONG> (Thumb, 2 bytes, Stack size 0 bytes, stm32f10x_it.o(.text))
<BR>[Address Reference Count : 1]<UL><LI> stm32f10x_vector.o(RESET)
</UL>
<P><STRONG><a name="[2d]"></a>SPI1_IRQHandler</STRONG> (Thumb, 2 bytes, Stack size 0 bytes, stm32f10x_it.o(.text))
<BR>[Address Reference Count : 1]<UL><LI> stm32f10x_vector.o(RESET)
</UL>
<P><STRONG><a name="[2e]"></a>SPI2_IRQHandler</STRONG> (Thumb, 2 bytes, Stack size 0 bytes, stm32f10x_it.o(.text))
<BR>[Address Reference Count : 1]<UL><LI> stm32f10x_vector.o(RESET)
</UL>
<P><STRONG><a name="[2f]"></a>USART1_IRQHandler</STRONG> (Thumb, 2 bytes, Stack size 0 bytes, stm32f10x_it.o(.text))
<BR>[Address Reference Count : 1]<UL><LI> stm32f10x_vector.o(RESET)
</UL>
<P><STRONG><a name="[30]"></a>USART2_IRQHandler</STRONG> (Thumb, 2 bytes, Stack size 0 bytes, stm32f10x_it.o(.text))
<BR>[Address Reference Count : 1]<UL><LI> stm32f10x_vector.o(RESET)
</UL>
<P><STRONG><a name="[31]"></a>USART3_IRQHandler</STRONG> (Thumb, 2 bytes, Stack size 0 bytes, stm32f10x_it.o(.text))
<BR>[Address Reference Count : 1]<UL><LI> stm32f10x_vector.o(RESET)
</UL>
<P><STRONG><a name="[32]"></a>EXTI15_10_IRQHandler</STRONG> (Thumb, 2 bytes, Stack size 0 bytes, stm32f10x_it.o(.text))
<BR>[Address Reference Count : 1]<UL><LI> stm32f10x_vector.o(RESET)
</UL>
<P><STRONG><a name="[33]"></a>RTCAlarm_IRQHandler</STRONG> (Thumb, 2 bytes, Stack size 0 bytes, stm32f10x_it.o(.text))
<BR>[Address Reference Count : 1]<UL><LI> stm32f10x_vector.o(RESET)
</UL>
<P><STRONG><a name="[34]"></a>USBWakeUp_IRQHandler</STRONG> (Thumb, 2 bytes, Stack size 0 bytes, stm32f10x_it.o(.text))
<BR>[Address Reference Count : 1]<UL><LI> stm32f10x_vector.o(RESET)
</UL>
<P><STRONG><a name="[35]"></a>TIM8_BRK_IRQHandler</STRONG> (Thumb, 2 bytes, Stack size 0 bytes, stm32f10x_it.o(.text))
<BR>[Address Reference Count : 1]<UL><LI> stm32f10x_vector.o(RESET)
</UL>
<P><STRONG><a name="[36]"></a>TIM8_UP_IRQHandler</STRONG> (Thumb, 2 bytes, Stack size 0 bytes, stm32f10x_it.o(.text))
<BR>[Address Reference Count : 1]<UL><LI> stm32f10x_vector.o(RESET)
</UL>
<P><STRONG><a name="[37]"></a>TIM8_TRG_COM_IRQHandler</STRONG> (Thumb, 2 bytes, Stack size 0 bytes, stm32f10x_it.o(.text))
<BR>[Address Reference Count : 1]<UL><LI> stm32f10x_vector.o(RESET)
</UL>
<P><STRONG><a name="[38]"></a>TIM8_CC_IRQHandler</STRONG> (Thumb, 2 bytes, Stack size 0 bytes, stm32f10x_it.o(.text))
<BR>[Address Reference Count : 1]<UL><LI> stm32f10x_vector.o(RESET)
</UL>
<P><STRONG><a name="[39]"></a>ADC3_IRQHandler</STRONG> (Thumb, 2 bytes, Stack size 0 bytes, stm32f10x_it.o(.text))
<BR>[Address Reference Count : 1]<UL><LI> stm32f10x_vector.o(RESET)
</UL>
<P><STRONG><a name="[3a]"></a>FSMC_IRQHandler</STRONG> (Thumb, 2 bytes, Stack size 0 bytes, stm32f10x_it.o(.text))
<BR>[Address Reference Count : 1]<UL><LI> stm32f10x_vector.o(RESET)
</UL>
<P><STRONG><a name="[3b]"></a>SDIO_IRQHandler</STRONG> (Thumb, 8 bytes, Stack size 8 bytes, stm32f10x_it.o(.text))
<BR><BR>[Stack]<UL><LI>Max Depth = 40<LI>Call Chain = SDIO_IRQHandler &rArr; SD_ProcessIRQSrc &rArr; CmdResp1Error
</UL>
<BR>[Calls]<UL><LI><a href="#[4b]">&gt;&gt;</a>&nbsp;&nbsp;&nbsp;SD_ProcessIRQSrc
</UL>
<BR>[Address Reference Count : 1]<UL><LI> stm32f10x_vector.o(RESET)
</UL>
<P><STRONG><a name="[3c]"></a>TIM5_IRQHandler</STRONG> (Thumb, 2 bytes, Stack size 0 bytes, stm32f10x_it.o(.text))
<BR>[Address Reference Count : 1]<UL><LI> stm32f10x_vector.o(RESET)
</UL>
<P><STRONG><a name="[3d]"></a>SPI3_IRQHandler</STRONG> (Thumb, 2 bytes, Stack size 0 bytes, stm32f10x_it.o(.text))
<BR>[Address Reference Count : 1]<UL><LI> stm32f10x_vector.o(RESET)
</UL>
<P><STRONG><a name="[3e]"></a>UART4_IRQHandler</STRONG> (Thumb, 2 bytes, Stack size 0 bytes, stm32f10x_it.o(.text))
<BR>[Address Reference Count : 1]<UL><LI> stm32f10x_vector.o(RESET)
</UL>
<P><STRONG><a name="[3f]"></a>UART5_IRQHandler</STRONG> (Thumb, 2 bytes, Stack size 0 bytes, stm32f10x_it.o(.text))
<BR>[Address Reference Count : 1]<UL><LI> stm32f10x_vector.o(RESET)
</UL>
<P><STRONG><a name="[40]"></a>TIM6_IRQHandler</STRONG> (Thumb, 2 bytes, Stack size 0 bytes, stm32f10x_it.o(.text))
<BR>[Address Reference Count : 1]<UL><LI> stm32f10x_vector.o(RESET)
</UL>
<P><STRONG><a name="[41]"></a>TIM7_IRQHandler</STRONG> (Thumb, 2 bytes, Stack size 0 bytes, stm32f10x_it.o(.text))
<BR>[Address Reference Count : 1]<UL><LI> stm32f10x_vector.o(RESET)
</UL>
<P><STRONG><a name="[42]"></a>DMA2_Channel1_IRQHandler</STRONG> (Thumb, 2 bytes, Stack size 0 bytes, stm32f10x_it.o(.text))
<BR>[Address Reference Count : 1]<UL><LI> stm32f10x_vector.o(RESET)
</UL>
<P><STRONG><a name="[43]"></a>DMA2_Channel2_IRQHandler</STRONG> (Thumb, 2 bytes, Stack size 0 bytes, stm32f10x_it.o(.text))
<BR>[Address Reference Count : 1]<UL><LI> stm32f10x_vector.o(RESET)
</UL>
<P><STRONG><a name="[44]"></a>DMA2_Channel3_IRQHandler</STRONG> (Thumb, 2 bytes, Stack size 0 bytes, stm32f10x_it.o(.text))
<BR>[Address Reference Count : 1]<UL><LI> stm32f10x_vector.o(RESET)
</UL>
<P><STRONG><a name="[45]"></a>DMA2_Channel4_5_IRQHandler</STRONG> (Thumb, 2 bytes, Stack size 0 bytes, stm32f10x_it.o(.text))
<BR>[Address Reference Count : 1]<UL><LI> stm32f10x_vector.o(RESET)
</UL>
<P><STRONG><a name="[4c]"></a>Delay</STRONG> (Thumb, 36 bytes, Stack size 8 bytes, main.o(.text))
<BR><BR>[Stack]<UL><LI>Max Depth = 8<LI>Call Chain = Delay
</UL>
<BR>[Calls]<UL><LI><a href="#[4d]">&gt;&gt;</a>&nbsp;&nbsp;&nbsp;SysTick_ITConfig
</UL>
<BR>[Called By]<UL><LI><a href="#[98]">&gt;&gt;</a>&nbsp;&nbsp;&nbsp;SSD1963INITSSD2825
<LI><a href="#[97]">&gt;&gt;</a>&nbsp;&nbsp;&nbsp;SSD2825INITIAL_HX8369B
<LI><a href="#[96]">&gt;&gt;</a>&nbsp;&nbsp;&nbsp;VIDEO_ON
<LI><a href="#[87]">&gt;&gt;</a>&nbsp;&nbsp;&nbsp;enter_sleep_mode
<LI><a href="#[7e]">&gt;&gt;</a>&nbsp;&nbsp;&nbsp;STM32_SSD1963_Init
<LI><a href="#[8a]">&gt;&gt;</a>&nbsp;&nbsp;&nbsp;SSD2825_READ
<LI><a href="#[85]">&gt;&gt;</a>&nbsp;&nbsp;&nbsp;ENTER_LP_mode
<LI><a href="#[46]">&gt;&gt;</a>&nbsp;&nbsp;&nbsp;main
<LI><a href="#[52]">&gt;&gt;</a>&nbsp;&nbsp;&nbsp;MTP
<LI><a href="#[4e]">&gt;&gt;</a>&nbsp;&nbsp;&nbsp;DelayKEY
</UL>

<P><STRONG><a name="[4e]"></a>DelayKEY</STRONG> (Thumb, 52 bytes, Stack size 16 bytes, main.o(.text))
<BR><BR>[Stack]<UL><LI>Max Depth = 24<LI>Call Chain = DelayKEY &rArr; Delay
</UL>
<BR>[Calls]<UL><LI><a href="#[4c]">&gt;&gt;</a>&nbsp;&nbsp;&nbsp;Delay
</UL>
<BR>[Called By]<UL><LI><a href="#[89]">&gt;&gt;</a>&nbsp;&nbsp;&nbsp;READ_SSD2825
<LI><a href="#[46]">&gt;&gt;</a>&nbsp;&nbsp;&nbsp;main
<LI><a href="#[58]">&gt;&gt;</a>&nbsp;&nbsp;&nbsp;I2C_MEMSURE1
<LI><a href="#[4f]">&gt;&gt;</a>&nbsp;&nbsp;&nbsp;SDPicShow
</UL>

<P><STRONG><a name="[4f]"></a>SDPicShow</STRONG> (Thumb, 72 bytes, Stack size 16 bytes, main.o(.text))
<BR><BR>[Stack]<UL><LI>Max Depth = 800<LI>Call Chain = SDPicShow &rArr; Disp_BMP &rArr; Search_man &rArr; SD_ReadBlock &rArr; CmdResp1Error
</UL>
<BR>[Calls]<UL><LI><a href="#[50]">&gt;&gt;</a>&nbsp;&nbsp;&nbsp;Disp_BMP
<LI><a href="#[4e]">&gt;&gt;</a>&nbsp;&nbsp;&nbsp;DelayKEY
</UL>
<BR>[Called By]<UL><LI><a href="#[46]">&gt;&gt;</a>&nbsp;&nbsp;&nbsp;main
</UL>

<P><STRONG><a name="[51]"></a>MDelay</STRONG> (Thumb, 30 bytes, Stack size 8 bytes, main.o(.text))
<BR><BR>[Stack]<UL><LI>Max Depth = 8<LI>Call Chain = MDelay
</UL>
<BR>[Calls]<UL><LI><a href="#[4d]">&gt;&gt;</a>&nbsp;&nbsp;&nbsp;SysTick_ITConfig
</UL>
<BR>[Called By]<UL><LI><a href="#[52]">&gt;&gt;</a>&nbsp;&nbsp;&nbsp;MTP
<LI><a href="#[106]">&gt;&gt;</a>&nbsp;&nbsp;&nbsp;GET_LIGHT
</UL>

<P><STRONG><a name="[52]"></a>MTP</STRONG> (Thumb, 622 bytes, Stack size 8 bytes, main.o(.text))
<BR><BR>[Stack]<UL><LI>Max Depth = 40<LI>Call Chain = MTP &rArr; SSD1963GPIOOUTDATA_16 &rArr; SSD1963Command_8
</UL>
<BR>[Calls]<UL><LI><a href="#[55]">&gt;&gt;</a>&nbsp;&nbsp;&nbsp;SSD1963GPIOOUTDATA_18
<LI><a href="#[54]">&gt;&gt;</a>&nbsp;&nbsp;&nbsp;SSD1963GPIOOUTDATA_16
<LI><a href="#[53]">&gt;&gt;</a>&nbsp;&nbsp;&nbsp;SSD1963GPIOOUTCOM
<LI><a href="#[51]">&gt;&gt;</a>&nbsp;&nbsp;&nbsp;MDelay
<LI><a href="#[4c]">&gt;&gt;</a>&nbsp;&nbsp;&nbsp;Delay
</UL>
<BR>[Called By]<UL><LI><a href="#[46]">&gt;&gt;</a>&nbsp;&nbsp;&nbsp;main
</UL>

<P><STRONG><a name="[5e]"></a>I2C_DATAL_COMPARE</STRONG> (Thumb, 54 bytes, Stack size 0 bytes, main.o(.text))
<BR><BR>[Called By]<UL><LI><a href="#[5c]">&gt;&gt;</a>&nbsp;&nbsp;&nbsp;I2C_DATAL_COMPAREX
</UL>

<P><STRONG><a name="[56]"></a>SHOW_value</STRONG> (Thumb, 116 bytes, Stack size 32 bytes, main.o(.text))
<BR><BR>[Stack]<UL><LI>Max Depth = 144<LI>Call Chain = SHOW_value &rArr; LCD_DisplayStringLine &rArr; LCD_PutChar &rArr; LCD_SetDisplayWindow &rArr; SSD1963Command_8
</UL>
<BR>[Calls]<UL><LI><a href="#[57]">&gt;&gt;</a>&nbsp;&nbsp;&nbsp;LCD_DisplayStringLine
</UL>
<BR>[Called By]<UL><LI><a href="#[58]">&gt;&gt;</a>&nbsp;&nbsp;&nbsp;I2C_MEMSURE1
</UL>

<P><STRONG><a name="[58]"></a>I2C_MEMSURE1</STRONG> (Thumb, 208 bytes, Stack size 32 bytes, main.o(.text))
<BR><BR>[Stack]<UL><LI>Max Depth = 176<LI>Call Chain = I2C_MEMSURE1 &rArr; SHOW_value &rArr; LCD_DisplayStringLine &rArr; LCD_PutChar &rArr; LCD_SetDisplayWindow &rArr; SSD1963Command_8
</UL>
<BR>[Calls]<UL><LI><a href="#[57]">&gt;&gt;</a>&nbsp;&nbsp;&nbsp;LCD_DisplayStringLine
<LI><a href="#[5a]">&gt;&gt;</a>&nbsp;&nbsp;&nbsp;I2C_READ_BYTE
<LI><a href="#[59]">&gt;&gt;</a>&nbsp;&nbsp;&nbsp;HX8369_cmd_4
<LI><a href="#[5b]">&gt;&gt;</a>&nbsp;&nbsp;&nbsp;GET_FLICKER
<LI><a href="#[56]">&gt;&gt;</a>&nbsp;&nbsp;&nbsp;SHOW_value
<LI><a href="#[4e]">&gt;&gt;</a>&nbsp;&nbsp;&nbsp;DelayKEY
</UL>
<BR>[Called By]<UL><LI><a href="#[5c]">&gt;&gt;</a>&nbsp;&nbsp;&nbsp;I2C_DATAL_COMPAREX
</UL>

<P><STRONG><a name="[5c]"></a>I2C_DATAL_COMPAREX</STRONG> (Thumb, 62 bytes, Stack size 8 bytes, main.o(.text))
<BR><BR>[Stack]<UL><LI>Max Depth = 184<LI>Call Chain = I2C_DATAL_COMPAREX &rArr; I2C_MEMSURE1 &rArr; SHOW_value &rArr; LCD_DisplayStringLine &rArr; LCD_PutChar &rArr; LCD_SetDisplayWindow &rArr; SSD1963Command_8
</UL>
<BR>[Calls]<UL><LI><a href="#[5d]">&gt;&gt;</a>&nbsp;&nbsp;&nbsp;TSL2583_init
<LI><a href="#[59]">&gt;&gt;</a>&nbsp;&nbsp;&nbsp;HX8369_cmd_4
<LI><a href="#[58]">&gt;&gt;</a>&nbsp;&nbsp;&nbsp;I2C_MEMSURE1
<LI><a href="#[5e]">&gt;&gt;</a>&nbsp;&nbsp;&nbsp;I2C_DATAL_COMPARE
</UL>
<BR>[Called By]<UL><LI><a href="#[46]">&gt;&gt;</a>&nbsp;&nbsp;&nbsp;main
</UL>

<P><STRONG><a name="[5f]"></a>SD_InitAndConfig</STRONG> (Thumb, 96 bytes, Stack size 8 bytes, main.o(.text))
<BR><BR>[Stack]<UL><LI>Max Depth = 96<LI>Call Chain = SD_InitAndConfig &rArr; SD_EnableWideBusOperation &rArr; SDEnWideBus &rArr; CmdResp1Error
</UL>
<BR>[Calls]<UL><LI><a href="#[64]">&gt;&gt;</a>&nbsp;&nbsp;&nbsp;SD_SetDeviceMode
<LI><a href="#[62]">&gt;&gt;</a>&nbsp;&nbsp;&nbsp;SD_SelectDeselect
<LI><a href="#[60]">&gt;&gt;</a>&nbsp;&nbsp;&nbsp;SD_Init
<LI><a href="#[61]">&gt;&gt;</a>&nbsp;&nbsp;&nbsp;SD_GetCardInfo
<LI><a href="#[63]">&gt;&gt;</a>&nbsp;&nbsp;&nbsp;SD_EnableWideBusOperation
</UL>
<BR>[Called By]<UL><LI><a href="#[46]">&gt;&gt;</a>&nbsp;&nbsp;&nbsp;main
</UL>

<P><STRONG><a name="[65]"></a>KEYGPIO_Init</STRONG> (Thumb, 54 bytes, Stack size 8 bytes, main.o(.text))
<BR><BR>[Stack]<UL><LI>Max Depth = 32<LI>Call Chain = KEYGPIO_Init &rArr; GPIO_Init
</UL>
<BR>[Calls]<UL><LI><a href="#[66]">&gt;&gt;</a>&nbsp;&nbsp;&nbsp;RCC_APB2PeriphClockCmd
<LI><a href="#[67]">&gt;&gt;</a>&nbsp;&nbsp;&nbsp;GPIO_Init
</UL>
<BR>[Called By]<UL><LI><a href="#[46]">&gt;&gt;</a>&nbsp;&nbsp;&nbsp;main
</UL>

<P><STRONG><a name="[68]"></a>SysTick_Config</STRONG> (Thumb, 28 bytes, Stack size 8 bytes, main.o(.text))
<BR><BR>[Stack]<UL><LI>Max Depth = 8<LI>Call Chain = SysTick_Config
</UL>
<BR>[Calls]<UL><LI><a href="#[6a]">&gt;&gt;</a>&nbsp;&nbsp;&nbsp;SysTick_SetReload
<LI><a href="#[4d]">&gt;&gt;</a>&nbsp;&nbsp;&nbsp;SysTick_ITConfig
<LI><a href="#[6b]">&gt;&gt;</a>&nbsp;&nbsp;&nbsp;SysTick_CounterCmd
<LI><a href="#[69]">&gt;&gt;</a>&nbsp;&nbsp;&nbsp;SysTick_CLKSourceConfig
</UL>
<BR>[Called By]<UL><LI><a href="#[46]">&gt;&gt;</a>&nbsp;&nbsp;&nbsp;main
</UL>

<P><STRONG><a name="[6c]"></a>NVIC_Configuration</STRONG> (Thumb, 80 bytes, Stack size 8 bytes, main.o(.text))
<BR><BR>[Stack]<UL><LI>Max Depth = 28<LI>Call Chain = NVIC_Configuration &rArr; NVIC_Init
</UL>
<BR>[Calls]<UL><LI><a href="#[6f]">&gt;&gt;</a>&nbsp;&nbsp;&nbsp;NVIC_SetVectorTable
<LI><a href="#[6d]">&gt;&gt;</a>&nbsp;&nbsp;&nbsp;NVIC_PriorityGroupConfig
<LI><a href="#[6e]">&gt;&gt;</a>&nbsp;&nbsp;&nbsp;NVIC_Init
</UL>
<BR>[Called By]<UL><LI><a href="#[8b]">&gt;&gt;</a>&nbsp;&nbsp;&nbsp;InterruptConfig
<LI><a href="#[46]">&gt;&gt;</a>&nbsp;&nbsp;&nbsp;main
</UL>

<P><STRONG><a name="[70]"></a>RCC_Configuration</STRONG> (Thumb, 120 bytes, Stack size 8 bytes, main.o(.text))
<BR><BR>[Stack]<UL><LI>Max Depth = 32<LI>Call Chain = RCC_Configuration &rArr; RCC_WaitForHSEStartUp &rArr; RCC_GetFlagStatus
</UL>
<BR>[Calls]<UL><LI><a href="#[73]">&gt;&gt;</a>&nbsp;&nbsp;&nbsp;RCC_WaitForHSEStartUp
<LI><a href="#[7c]">&gt;&gt;</a>&nbsp;&nbsp;&nbsp;RCC_SYSCLKConfig
<LI><a href="#[79]">&gt;&gt;</a>&nbsp;&nbsp;&nbsp;RCC_PLLConfig
<LI><a href="#[7a]">&gt;&gt;</a>&nbsp;&nbsp;&nbsp;RCC_PLLCmd
<LI><a href="#[77]">&gt;&gt;</a>&nbsp;&nbsp;&nbsp;RCC_PCLK2Config
<LI><a href="#[78]">&gt;&gt;</a>&nbsp;&nbsp;&nbsp;RCC_PCLK1Config
<LI><a href="#[72]">&gt;&gt;</a>&nbsp;&nbsp;&nbsp;RCC_HSEConfig
<LI><a href="#[76]">&gt;&gt;</a>&nbsp;&nbsp;&nbsp;RCC_HCLKConfig
<LI><a href="#[7d]">&gt;&gt;</a>&nbsp;&nbsp;&nbsp;RCC_GetSYSCLKSource
<LI><a href="#[7b]">&gt;&gt;</a>&nbsp;&nbsp;&nbsp;RCC_GetFlagStatus
<LI><a href="#[71]">&gt;&gt;</a>&nbsp;&nbsp;&nbsp;RCC_DeInit
<LI><a href="#[66]">&gt;&gt;</a>&nbsp;&nbsp;&nbsp;RCC_APB2PeriphClockCmd
<LI><a href="#[75]">&gt;&gt;</a>&nbsp;&nbsp;&nbsp;FLASH_SetLatency
<LI><a href="#[74]">&gt;&gt;</a>&nbsp;&nbsp;&nbsp;FLASH_PrefetchBufferCmd
</UL>
<BR>[Called By]<UL><LI><a href="#[46]">&gt;&gt;</a>&nbsp;&nbsp;&nbsp;main
</UL>

<P><STRONG><a name="[46]"></a>main</STRONG> (Thumb, 670 bytes, Stack size 16 bytes, main.o(.text))
<BR><BR>[Stack]<UL><LI>Max Depth = 816<LI>Call Chain = main &rArr; SDPicShow &rArr; Disp_BMP &rArr; Search_man &rArr; SD_ReadBlock &rArr; CmdResp1Error
</UL>
<BR>[Calls]<UL><LI><a href="#[86]">&gt;&gt;</a>&nbsp;&nbsp;&nbsp;exit_sleep_mode
<LI><a href="#[87]">&gt;&gt;</a>&nbsp;&nbsp;&nbsp;enter_sleep_mode
<LI><a href="#[5d]">&gt;&gt;</a>&nbsp;&nbsp;&nbsp;TSL2583_init
<LI><a href="#[82]">&gt;&gt;</a>&nbsp;&nbsp;&nbsp;SearchInit
<LI><a href="#[7e]">&gt;&gt;</a>&nbsp;&nbsp;&nbsp;STM32_SSD1963_Init
<LI><a href="#[88]">&gt;&gt;</a>&nbsp;&nbsp;&nbsp;RGB_color
<LI><a href="#[84]">&gt;&gt;</a>&nbsp;&nbsp;&nbsp;LCD_WriteArea
<LI><a href="#[80]">&gt;&gt;</a>&nbsp;&nbsp;&nbsp;LCD_DisplayStringLine_A
<LI><a href="#[57]">&gt;&gt;</a>&nbsp;&nbsp;&nbsp;LCD_DisplayStringLine
<LI><a href="#[83]">&gt;&gt;</a>&nbsp;&nbsp;&nbsp;Flicker_sub_pixel
<LI><a href="#[81]">&gt;&gt;</a>&nbsp;&nbsp;&nbsp;FAT_Init
<LI><a href="#[85]">&gt;&gt;</a>&nbsp;&nbsp;&nbsp;ENTER_LP_mode
<LI><a href="#[50]">&gt;&gt;</a>&nbsp;&nbsp;&nbsp;Disp_BMP
<LI><a href="#[7f]">&gt;&gt;</a>&nbsp;&nbsp;&nbsp;All_Color
<LI><a href="#[70]">&gt;&gt;</a>&nbsp;&nbsp;&nbsp;RCC_Configuration
<LI><a href="#[6c]">&gt;&gt;</a>&nbsp;&nbsp;&nbsp;NVIC_Configuration
<LI><a href="#[68]">&gt;&gt;</a>&nbsp;&nbsp;&nbsp;SysTick_Config
<LI><a href="#[65]">&gt;&gt;</a>&nbsp;&nbsp;&nbsp;KEYGPIO_Init
<LI><a href="#[5f]">&gt;&gt;</a>&nbsp;&nbsp;&nbsp;SD_InitAndConfig
<LI><a href="#[5c]">&gt;&gt;</a>&nbsp;&nbsp;&nbsp;I2C_DATAL_COMPAREX
<LI><a href="#[52]">&gt;&gt;</a>&nbsp;&nbsp;&nbsp;MTP
<LI><a href="#[4f]">&gt;&gt;</a>&nbsp;&nbsp;&nbsp;SDPicShow
<LI><a href="#[4e]">&gt;&gt;</a>&nbsp;&nbsp;&nbsp;DelayKEY
<LI><a href="#[4c]">&gt;&gt;</a>&nbsp;&nbsp;&nbsp;Delay
</UL>
<BR>[Address Reference Count : 1]<UL><LI> entry7.o(.ARM.Collect$$$$00000007)
</UL>
<P><STRONG><a name="[89]"></a>READ_SSD2825</STRONG> (Thumb, 148 bytes, Stack size 24 bytes, main.o(.text), UNUSED)
<BR><BR>[Calls]<UL><LI><a href="#[8a]">&gt;&gt;</a>&nbsp;&nbsp;&nbsp;SSD2825_READ
<LI><a href="#[57]">&gt;&gt;</a>&nbsp;&nbsp;&nbsp;LCD_DisplayStringLine
<LI><a href="#[4e]">&gt;&gt;</a>&nbsp;&nbsp;&nbsp;DelayKEY
</UL>

<P><STRONG><a name="[8b]"></a>InterruptConfig</STRONG> (Thumb, 22 bytes, Stack size 8 bytes, main.o(.text), UNUSED)
<BR><BR>[Calls]<UL><LI><a href="#[8d]">&gt;&gt;</a>&nbsp;&nbsp;&nbsp;NVIC_SystemHandlerPriorityConfig
<LI><a href="#[8c]">&gt;&gt;</a>&nbsp;&nbsp;&nbsp;NVIC_DeInit
<LI><a href="#[6c]">&gt;&gt;</a>&nbsp;&nbsp;&nbsp;NVIC_Configuration
</UL>

<P><STRONG><a name="[4a]"></a>Decrement_TimingDelay</STRONG> (Thumb, 18 bytes, Stack size 0 bytes, main.o(.text))
<BR><BR>[Called By]<UL><LI><a href="#[9]">&gt;&gt;</a>&nbsp;&nbsp;&nbsp;SysTickHandler
</UL>

<P><STRONG><a name="[8e]"></a>USART_Configuration</STRONG> (Thumb, 86 bytes, Stack size 32 bytes, main.o(.text), UNUSED)
<BR><BR>[Calls]<UL><LI><a href="#[90]">&gt;&gt;</a>&nbsp;&nbsp;&nbsp;USART_Init
<LI><a href="#[91]">&gt;&gt;</a>&nbsp;&nbsp;&nbsp;USART_Cmd
<LI><a href="#[8f]">&gt;&gt;</a>&nbsp;&nbsp;&nbsp;USART_ClockInit
</UL>

<P><STRONG><a name="[92]"></a>USART1GPIO_Configuration</STRONG> (Thumb, 54 bytes, Stack size 8 bytes, main.o(.text), UNUSED)
<BR><BR>[Calls]<UL><LI><a href="#[67]">&gt;&gt;</a>&nbsp;&nbsp;&nbsp;GPIO_Init
</UL>

<P><STRONG><a name="[93]"></a>SSD1963Data_8</STRONG> (Thumb, 86 bytes, Stack size 8 bytes, lcd.o(.text))
<BR><BR>[Stack]<UL><LI>Max Depth = 8<LI>Call Chain = SSD1963Data_8
</UL>
<BR>[Calls]<UL><LI><a href="#[94]">&gt;&gt;</a>&nbsp;&nbsp;&nbsp;GPIO_Write
</UL>
<BR>[Called By]<UL><LI><a href="#[ac]">&gt;&gt;</a>&nbsp;&nbsp;&nbsp;LCD_PutChar_A
<LI><a href="#[ab]">&gt;&gt;</a>&nbsp;&nbsp;&nbsp;LCD_PutChar
<LI><a href="#[aa]">&gt;&gt;</a>&nbsp;&nbsp;&nbsp;LCD_WriteBMP
<LI><a href="#[a8]">&gt;&gt;</a>&nbsp;&nbsp;&nbsp;CT
<LI><a href="#[a7]">&gt;&gt;</a>&nbsp;&nbsp;&nbsp;Flicker_COLUMN
<LI><a href="#[a6]">&gt;&gt;</a>&nbsp;&nbsp;&nbsp;Flicker_PIXEL
<LI><a href="#[a5]">&gt;&gt;</a>&nbsp;&nbsp;&nbsp;LCD_DrawPoint
<LI><a href="#[a3]">&gt;&gt;</a>&nbsp;&nbsp;&nbsp;LCD_SetDisplayWindow
<LI><a href="#[9e]">&gt;&gt;</a>&nbsp;&nbsp;&nbsp;SSD1963GPIOOUTDATA_8
<LI><a href="#[9d]">&gt;&gt;</a>&nbsp;&nbsp;&nbsp;SSD1963toSSD2825DATA_8BIT
<LI><a href="#[7e]">&gt;&gt;</a>&nbsp;&nbsp;&nbsp;STM32_SSD1963_Init
<LI><a href="#[8a]">&gt;&gt;</a>&nbsp;&nbsp;&nbsp;SSD2825_READ
<LI><a href="#[55]">&gt;&gt;</a>&nbsp;&nbsp;&nbsp;SSD1963GPIOOUTDATA_18
<LI><a href="#[54]">&gt;&gt;</a>&nbsp;&nbsp;&nbsp;SSD1963GPIOOUTDATA_16
<LI><a href="#[53]">&gt;&gt;</a>&nbsp;&nbsp;&nbsp;SSD1963GPIOOUTCOM
<LI><a href="#[88]">&gt;&gt;</a>&nbsp;&nbsp;&nbsp;RGB_color
<LI><a href="#[84]">&gt;&gt;</a>&nbsp;&nbsp;&nbsp;LCD_WriteArea
<LI><a href="#[83]">&gt;&gt;</a>&nbsp;&nbsp;&nbsp;Flicker_sub_pixel
<LI><a href="#[7f]">&gt;&gt;</a>&nbsp;&nbsp;&nbsp;All_Color
</UL>

<P><STRONG><a name="[95]"></a>SSD1963Command_8</STRONG> (Thumb, 86 bytes, Stack size 8 bytes, lcd.o(.text))
<BR><BR>[Stack]<UL><LI>Max Depth = 8<LI>Call Chain = SSD1963Command_8
</UL>
<BR>[Calls]<UL><LI><a href="#[94]">&gt;&gt;</a>&nbsp;&nbsp;&nbsp;GPIO_Write
</UL>
<BR>[Called By]<UL><LI><a href="#[a4]">&gt;&gt;</a>&nbsp;&nbsp;&nbsp;LCD_WriteRAM_Prepare
<LI><a href="#[a3]">&gt;&gt;</a>&nbsp;&nbsp;&nbsp;LCD_SetDisplayWindow
<LI><a href="#[a2]">&gt;&gt;</a>&nbsp;&nbsp;&nbsp;ENTER_READ_mode
<LI><a href="#[9e]">&gt;&gt;</a>&nbsp;&nbsp;&nbsp;SSD1963GPIOOUTDATA_8
<LI><a href="#[9d]">&gt;&gt;</a>&nbsp;&nbsp;&nbsp;SSD1963toSSD2825DATA_8BIT
<LI><a href="#[87]">&gt;&gt;</a>&nbsp;&nbsp;&nbsp;enter_sleep_mode
<LI><a href="#[7e]">&gt;&gt;</a>&nbsp;&nbsp;&nbsp;STM32_SSD1963_Init
<LI><a href="#[8a]">&gt;&gt;</a>&nbsp;&nbsp;&nbsp;SSD2825_READ
<LI><a href="#[55]">&gt;&gt;</a>&nbsp;&nbsp;&nbsp;SSD1963GPIOOUTDATA_18
<LI><a href="#[54]">&gt;&gt;</a>&nbsp;&nbsp;&nbsp;SSD1963GPIOOUTDATA_16
<LI><a href="#[53]">&gt;&gt;</a>&nbsp;&nbsp;&nbsp;SSD1963GPIOOUTCOM
<LI><a href="#[85]">&gt;&gt;</a>&nbsp;&nbsp;&nbsp;ENTER_LP_mode
</UL>

<P><STRONG><a name="[54]"></a>SSD1963GPIOOUTDATA_16</STRONG> (Thumb, 292 bytes, Stack size 24 bytes, lcd.o(.text))
<BR><BR>[Stack]<UL><LI>Max Depth = 32<LI>Call Chain = SSD1963GPIOOUTDATA_16 &rArr; SSD1963Command_8
</UL>
<BR>[Calls]<UL><LI><a href="#[95]">&gt;&gt;</a>&nbsp;&nbsp;&nbsp;SSD1963Command_8
<LI><a href="#[93]">&gt;&gt;</a>&nbsp;&nbsp;&nbsp;SSD1963Data_8
</UL>
<BR>[Called By]<UL><LI><a href="#[a2]">&gt;&gt;</a>&nbsp;&nbsp;&nbsp;ENTER_READ_mode
<LI><a href="#[98]">&gt;&gt;</a>&nbsp;&nbsp;&nbsp;SSD1963INITSSD2825
<LI><a href="#[97]">&gt;&gt;</a>&nbsp;&nbsp;&nbsp;SSD2825INITIAL_HX8369B
<LI><a href="#[96]">&gt;&gt;</a>&nbsp;&nbsp;&nbsp;VIDEO_ON
<LI><a href="#[87]">&gt;&gt;</a>&nbsp;&nbsp;&nbsp;enter_sleep_mode
<LI><a href="#[59]">&gt;&gt;</a>&nbsp;&nbsp;&nbsp;HX8369_cmd_4
<LI><a href="#[85]">&gt;&gt;</a>&nbsp;&nbsp;&nbsp;ENTER_LP_mode
<LI><a href="#[52]">&gt;&gt;</a>&nbsp;&nbsp;&nbsp;MTP
</UL>

<P><STRONG><a name="[53]"></a>SSD1963GPIOOUTCOM</STRONG> (Thumb, 164 bytes, Stack size 16 bytes, lcd.o(.text))
<BR><BR>[Stack]<UL><LI>Max Depth = 24<LI>Call Chain = SSD1963GPIOOUTCOM &rArr; SSD1963Command_8
</UL>
<BR>[Calls]<UL><LI><a href="#[95]">&gt;&gt;</a>&nbsp;&nbsp;&nbsp;SSD1963Command_8
<LI><a href="#[93]">&gt;&gt;</a>&nbsp;&nbsp;&nbsp;SSD1963Data_8
</UL>
<BR>[Called By]<UL><LI><a href="#[98]">&gt;&gt;</a>&nbsp;&nbsp;&nbsp;SSD1963INITSSD2825
<LI><a href="#[97]">&gt;&gt;</a>&nbsp;&nbsp;&nbsp;SSD2825INITIAL_HX8369B
<LI><a href="#[96]">&gt;&gt;</a>&nbsp;&nbsp;&nbsp;VIDEO_ON
<LI><a href="#[87]">&gt;&gt;</a>&nbsp;&nbsp;&nbsp;enter_sleep_mode
<LI><a href="#[59]">&gt;&gt;</a>&nbsp;&nbsp;&nbsp;HX8369_cmd_4
<LI><a href="#[52]">&gt;&gt;</a>&nbsp;&nbsp;&nbsp;MTP
</UL>

<P><STRONG><a name="[96]"></a>VIDEO_ON</STRONG> (Thumb, 242 bytes, Stack size 16 bytes, lcd.o(.text))
<BR><BR>[Stack]<UL><LI>Max Depth = 48<LI>Call Chain = VIDEO_ON &rArr; SSD1963GPIOOUTDATA_16 &rArr; SSD1963Command_8
</UL>
<BR>[Calls]<UL><LI><a href="#[54]">&gt;&gt;</a>&nbsp;&nbsp;&nbsp;SSD1963GPIOOUTDATA_16
<LI><a href="#[53]">&gt;&gt;</a>&nbsp;&nbsp;&nbsp;SSD1963GPIOOUTCOM
<LI><a href="#[4c]">&gt;&gt;</a>&nbsp;&nbsp;&nbsp;Delay
</UL>
<BR>[Called By]<UL><LI><a href="#[7e]">&gt;&gt;</a>&nbsp;&nbsp;&nbsp;STM32_SSD1963_Init
</UL>

<P><STRONG><a name="[55]"></a>SSD1963GPIOOUTDATA_18</STRONG> (Thumb, 198 bytes, Stack size 16 bytes, lcd.o(.text))
<BR><BR>[Stack]<UL><LI>Max Depth = 24<LI>Call Chain = SSD1963GPIOOUTDATA_18 &rArr; SSD1963Command_8
</UL>
<BR>[Calls]<UL><LI><a href="#[95]">&gt;&gt;</a>&nbsp;&nbsp;&nbsp;SSD1963Command_8
<LI><a href="#[93]">&gt;&gt;</a>&nbsp;&nbsp;&nbsp;SSD1963Data_8
</UL>
<BR>[Called By]<UL><LI><a href="#[97]">&gt;&gt;</a>&nbsp;&nbsp;&nbsp;SSD2825INITIAL_HX8369B
<LI><a href="#[59]">&gt;&gt;</a>&nbsp;&nbsp;&nbsp;HX8369_cmd_4
<LI><a href="#[85]">&gt;&gt;</a>&nbsp;&nbsp;&nbsp;ENTER_LP_mode
<LI><a href="#[52]">&gt;&gt;</a>&nbsp;&nbsp;&nbsp;MTP
</UL>

<P><STRONG><a name="[97]"></a>SSD2825INITIAL_HX8369B</STRONG> (Thumb, 2272 bytes, Stack size 8 bytes, lcd.o(.text))
<BR><BR>[Stack]<UL><LI>Max Depth = 40<LI>Call Chain = SSD2825INITIAL_HX8369B &rArr; SSD1963GPIOOUTDATA_16 &rArr; SSD1963Command_8
</UL>
<BR>[Calls]<UL><LI><a href="#[55]">&gt;&gt;</a>&nbsp;&nbsp;&nbsp;SSD1963GPIOOUTDATA_18
<LI><a href="#[54]">&gt;&gt;</a>&nbsp;&nbsp;&nbsp;SSD1963GPIOOUTDATA_16
<LI><a href="#[53]">&gt;&gt;</a>&nbsp;&nbsp;&nbsp;SSD1963GPIOOUTCOM
<LI><a href="#[4c]">&gt;&gt;</a>&nbsp;&nbsp;&nbsp;Delay
</UL>
<BR>[Called By]<UL><LI><a href="#[7e]">&gt;&gt;</a>&nbsp;&nbsp;&nbsp;STM32_SSD1963_Init
</UL>

<P><STRONG><a name="[98]"></a>SSD1963INITSSD2825</STRONG> (Thumb, 262 bytes, Stack size 16 bytes, lcd.o(.text))
<BR><BR>[Stack]<UL><LI>Max Depth = 48<LI>Call Chain = SSD1963INITSSD2825 &rArr; SSD1963GPIOOUTDATA_16 &rArr; SSD1963Command_8
</UL>
<BR>[Calls]<UL><LI><a href="#[54]">&gt;&gt;</a>&nbsp;&nbsp;&nbsp;SSD1963GPIOOUTDATA_16
<LI><a href="#[53]">&gt;&gt;</a>&nbsp;&nbsp;&nbsp;SSD1963GPIOOUTCOM
<LI><a href="#[4c]">&gt;&gt;</a>&nbsp;&nbsp;&nbsp;Delay
</UL>
<BR>[Called By]<UL><LI><a href="#[7e]">&gt;&gt;</a>&nbsp;&nbsp;&nbsp;STM32_SSD1963_Init
</UL>

<P><STRONG><a name="[99]"></a>LCD_CtrlLinesConfig</STRONG> (Thumb, 74 bytes, Stack size 8 bytes, lcd.o(.text))
<BR><BR>[Stack]<UL><LI>Max Depth = 32<LI>Call Chain = LCD_CtrlLinesConfig &rArr; GPIO_Init
</UL>
<BR>[Calls]<UL><LI><a href="#[9a]">&gt;&gt;</a>&nbsp;&nbsp;&nbsp;GPIO_PinRemapConfig
<LI><a href="#[66]">&gt;&gt;</a>&nbsp;&nbsp;&nbsp;RCC_APB2PeriphClockCmd
<LI><a href="#[67]">&gt;&gt;</a>&nbsp;&nbsp;&nbsp;GPIO_Init
</UL>
<BR>[Called By]<UL><LI><a href="#[7e]">&gt;&gt;</a>&nbsp;&nbsp;&nbsp;STM32_SSD1963_Init
</UL>

<P><STRONG><a name="[7e]"></a>STM32_SSD1963_Init</STRONG> (Thumb, 736 bytes, Stack size 32 bytes, lcd.o(.text))
<BR><BR>[Stack]<UL><LI>Max Depth = 80<LI>Call Chain = STM32_SSD1963_Init &rArr; SSD1963INITSSD2825 &rArr; SSD1963GPIOOUTDATA_16 &rArr; SSD1963Command_8
</UL>
<BR>[Calls]<UL><LI><a href="#[9b]">&gt;&gt;</a>&nbsp;&nbsp;&nbsp;__aeabi_i2f
<LI><a href="#[9c]">&gt;&gt;</a>&nbsp;&nbsp;&nbsp;__aeabi_f2uiz
<LI><a href="#[99]">&gt;&gt;</a>&nbsp;&nbsp;&nbsp;LCD_CtrlLinesConfig
<LI><a href="#[98]">&gt;&gt;</a>&nbsp;&nbsp;&nbsp;SSD1963INITSSD2825
<LI><a href="#[97]">&gt;&gt;</a>&nbsp;&nbsp;&nbsp;SSD2825INITIAL_HX8369B
<LI><a href="#[96]">&gt;&gt;</a>&nbsp;&nbsp;&nbsp;VIDEO_ON
<LI><a href="#[95]">&gt;&gt;</a>&nbsp;&nbsp;&nbsp;SSD1963Command_8
<LI><a href="#[93]">&gt;&gt;</a>&nbsp;&nbsp;&nbsp;SSD1963Data_8
<LI><a href="#[4c]">&gt;&gt;</a>&nbsp;&nbsp;&nbsp;Delay
</UL>
<BR>[Called By]<UL><LI><a href="#[86]">&gt;&gt;</a>&nbsp;&nbsp;&nbsp;exit_sleep_mode
<LI><a href="#[46]">&gt;&gt;</a>&nbsp;&nbsp;&nbsp;main
</UL>

<P><STRONG><a name="[9d]"></a>SSD1963toSSD2825DATA_8BIT</STRONG> (Thumb, 152 bytes, Stack size 16 bytes, lcd.o(.text), UNUSED)
<BR><BR>[Calls]<UL><LI><a href="#[95]">&gt;&gt;</a>&nbsp;&nbsp;&nbsp;SSD1963Command_8
<LI><a href="#[93]">&gt;&gt;</a>&nbsp;&nbsp;&nbsp;SSD1963Data_8
</UL>

<P><STRONG><a name="[9e]"></a>SSD1963GPIOOUTDATA_8</STRONG> (Thumb, 286 bytes, Stack size 16 bytes, lcd.o(.text))
<BR><BR>[Stack]<UL><LI>Max Depth = 24<LI>Call Chain = SSD1963GPIOOUTDATA_8 &rArr; SSD1963Command_8
</UL>
<BR>[Calls]<UL><LI><a href="#[95]">&gt;&gt;</a>&nbsp;&nbsp;&nbsp;SSD1963Command_8
<LI><a href="#[93]">&gt;&gt;</a>&nbsp;&nbsp;&nbsp;SSD1963Data_8
</UL>
<BR>[Called By]<UL><LI><a href="#[87]">&gt;&gt;</a>&nbsp;&nbsp;&nbsp;enter_sleep_mode
</UL>

<P><STRONG><a name="[9f]"></a>SPISDASetInput</STRONG> (Thumb, 24 bytes, Stack size 8 bytes, lcd.o(.text), UNUSED)
<BR><BR>[Calls]<UL><LI><a href="#[67]">&gt;&gt;</a>&nbsp;&nbsp;&nbsp;GPIO_Init
</UL>
<BR>[Called By]<UL><LI><a href="#[8a]">&gt;&gt;</a>&nbsp;&nbsp;&nbsp;SSD2825_READ
</UL>

<P><STRONG><a name="[a0]"></a>SPISDASetOutput</STRONG> (Thumb, 30 bytes, Stack size 8 bytes, lcd.o(.text), UNUSED)
<BR><BR>[Calls]<UL><LI><a href="#[67]">&gt;&gt;</a>&nbsp;&nbsp;&nbsp;GPIO_Init
</UL>
<BR>[Called By]<UL><LI><a href="#[8a]">&gt;&gt;</a>&nbsp;&nbsp;&nbsp;SSD2825_READ
</UL>

<P><STRONG><a name="[8a]"></a>SSD2825_READ</STRONG> (Thumb, 476 bytes, Stack size 24 bytes, lcd.o(.text), UNUSED)
<BR><BR>[Calls]<UL><LI><a href="#[a1]">&gt;&gt;</a>&nbsp;&nbsp;&nbsp;GPIO_ReadInputDataBit
<LI><a href="#[a0]">&gt;&gt;</a>&nbsp;&nbsp;&nbsp;SPISDASetOutput
<LI><a href="#[9f]">&gt;&gt;</a>&nbsp;&nbsp;&nbsp;SPISDASetInput
<LI><a href="#[95]">&gt;&gt;</a>&nbsp;&nbsp;&nbsp;SSD1963Command_8
<LI><a href="#[93]">&gt;&gt;</a>&nbsp;&nbsp;&nbsp;SSD1963Data_8
<LI><a href="#[4c]">&gt;&gt;</a>&nbsp;&nbsp;&nbsp;Delay
</UL>
<BR>[Called By]<UL><LI><a href="#[89]">&gt;&gt;</a>&nbsp;&nbsp;&nbsp;READ_SSD2825
</UL>

<P><STRONG><a name="[10e]"></a>READ_IC</STRONG> (Thumb, 4 bytes, Stack size 0 bytes, lcd.o(.text), UNUSED)

<P><STRONG><a name="[85]"></a>ENTER_LP_mode</STRONG> (Thumb, 76 bytes, Stack size 8 bytes, lcd.o(.text))
<BR><BR>[Stack]<UL><LI>Max Depth = 40<LI>Call Chain = ENTER_LP_mode &rArr; SSD1963GPIOOUTDATA_16 &rArr; SSD1963Command_8
</UL>
<BR>[Calls]<UL><LI><a href="#[95]">&gt;&gt;</a>&nbsp;&nbsp;&nbsp;SSD1963Command_8
<LI><a href="#[55]">&gt;&gt;</a>&nbsp;&nbsp;&nbsp;SSD1963GPIOOUTDATA_18
<LI><a href="#[54]">&gt;&gt;</a>&nbsp;&nbsp;&nbsp;SSD1963GPIOOUTDATA_16
<LI><a href="#[4c]">&gt;&gt;</a>&nbsp;&nbsp;&nbsp;Delay
</UL>
<BR>[Called By]<UL><LI><a href="#[46]">&gt;&gt;</a>&nbsp;&nbsp;&nbsp;main
</UL>

<P><STRONG><a name="[a2]"></a>ENTER_READ_mode</STRONG> (Thumb, 18 bytes, Stack size 8 bytes, lcd.o(.text), UNUSED)
<BR><BR>[Calls]<UL><LI><a href="#[95]">&gt;&gt;</a>&nbsp;&nbsp;&nbsp;SSD1963Command_8
<LI><a href="#[54]">&gt;&gt;</a>&nbsp;&nbsp;&nbsp;SSD1963GPIOOUTDATA_16
</UL>

<P><STRONG><a name="[59]"></a>HX8369_cmd_4</STRONG> (Thumb, 58 bytes, Stack size 24 bytes, lcd.o(.text))
<BR><BR>[Stack]<UL><LI>Max Depth = 56<LI>Call Chain = HX8369_cmd_4 &rArr; SSD1963GPIOOUTDATA_16 &rArr; SSD1963Command_8
</UL>
<BR>[Calls]<UL><LI><a href="#[55]">&gt;&gt;</a>&nbsp;&nbsp;&nbsp;SSD1963GPIOOUTDATA_18
<LI><a href="#[54]">&gt;&gt;</a>&nbsp;&nbsp;&nbsp;SSD1963GPIOOUTDATA_16
<LI><a href="#[53]">&gt;&gt;</a>&nbsp;&nbsp;&nbsp;SSD1963GPIOOUTCOM
</UL>
<BR>[Called By]<UL><LI><a href="#[5c]">&gt;&gt;</a>&nbsp;&nbsp;&nbsp;I2C_DATAL_COMPAREX
<LI><a href="#[58]">&gt;&gt;</a>&nbsp;&nbsp;&nbsp;I2C_MEMSURE1
</UL>

<P><STRONG><a name="[87]"></a>enter_sleep_mode</STRONG> (Thumb, 300 bytes, Stack size 8 bytes, lcd.o(.text))
<BR><BR>[Stack]<UL><LI>Max Depth = 40<LI>Call Chain = enter_sleep_mode &rArr; SSD1963GPIOOUTDATA_16 &rArr; SSD1963Command_8
</UL>
<BR>[Calls]<UL><LI><a href="#[9e]">&gt;&gt;</a>&nbsp;&nbsp;&nbsp;SSD1963GPIOOUTDATA_8
<LI><a href="#[95]">&gt;&gt;</a>&nbsp;&nbsp;&nbsp;SSD1963Command_8
<LI><a href="#[54]">&gt;&gt;</a>&nbsp;&nbsp;&nbsp;SSD1963GPIOOUTDATA_16
<LI><a href="#[53]">&gt;&gt;</a>&nbsp;&nbsp;&nbsp;SSD1963GPIOOUTCOM
<LI><a href="#[4c]">&gt;&gt;</a>&nbsp;&nbsp;&nbsp;Delay
</UL>
<BR>[Called By]<UL><LI><a href="#[46]">&gt;&gt;</a>&nbsp;&nbsp;&nbsp;main
</UL>

<P><STRONG><a name="[86]"></a>exit_sleep_mode</STRONG> (Thumb, 8 bytes, Stack size 8 bytes, lcd.o(.text))
<BR><BR>[Stack]<UL><LI>Max Depth = 88<LI>Call Chain = exit_sleep_mode &rArr; STM32_SSD1963_Init &rArr; SSD1963INITSSD2825 &rArr; SSD1963GPIOOUTDATA_16 &rArr; SSD1963Command_8
</UL>
<BR>[Calls]<UL><LI><a href="#[7e]">&gt;&gt;</a>&nbsp;&nbsp;&nbsp;STM32_SSD1963_Init
</UL>
<BR>[Called By]<UL><LI><a href="#[46]">&gt;&gt;</a>&nbsp;&nbsp;&nbsp;main
</UL>

<P><STRONG><a name="[a3]"></a>LCD_SetDisplayWindow</STRONG> (Thumb, 110 bytes, Stack size 40 bytes, lcd.o(.text))
<BR><BR>[Stack]<UL><LI>Max Depth = 48<LI>Call Chain = LCD_SetDisplayWindow &rArr; SSD1963Command_8
</UL>
<BR>[Calls]<UL><LI><a href="#[95]">&gt;&gt;</a>&nbsp;&nbsp;&nbsp;SSD1963Command_8
<LI><a href="#[93]">&gt;&gt;</a>&nbsp;&nbsp;&nbsp;SSD1963Data_8
</UL>
<BR>[Called By]<UL><LI><a href="#[ac]">&gt;&gt;</a>&nbsp;&nbsp;&nbsp;LCD_PutChar_A
<LI><a href="#[ab]">&gt;&gt;</a>&nbsp;&nbsp;&nbsp;LCD_PutChar
<LI><a href="#[aa]">&gt;&gt;</a>&nbsp;&nbsp;&nbsp;LCD_WriteBMP
<LI><a href="#[a8]">&gt;&gt;</a>&nbsp;&nbsp;&nbsp;CT
<LI><a href="#[a7]">&gt;&gt;</a>&nbsp;&nbsp;&nbsp;Flicker_COLUMN
<LI><a href="#[a6]">&gt;&gt;</a>&nbsp;&nbsp;&nbsp;Flicker_PIXEL
<LI><a href="#[88]">&gt;&gt;</a>&nbsp;&nbsp;&nbsp;RGB_color
<LI><a href="#[84]">&gt;&gt;</a>&nbsp;&nbsp;&nbsp;LCD_WriteArea
<LI><a href="#[83]">&gt;&gt;</a>&nbsp;&nbsp;&nbsp;Flicker_sub_pixel
<LI><a href="#[50]">&gt;&gt;</a>&nbsp;&nbsp;&nbsp;Disp_BMP
<LI><a href="#[7f]">&gt;&gt;</a>&nbsp;&nbsp;&nbsp;All_Color
</UL>

<P><STRONG><a name="[a4]"></a>LCD_WriteRAM_Prepare</STRONG> (Thumb, 10 bytes, Stack size 8 bytes, lcd.o(.text))
<BR><BR>[Stack]<UL><LI>Max Depth = 16<LI>Call Chain = LCD_WriteRAM_Prepare &rArr; SSD1963Command_8
</UL>
<BR>[Calls]<UL><LI><a href="#[95]">&gt;&gt;</a>&nbsp;&nbsp;&nbsp;SSD1963Command_8
</UL>
<BR>[Called By]<UL><LI><a href="#[ac]">&gt;&gt;</a>&nbsp;&nbsp;&nbsp;LCD_PutChar_A
<LI><a href="#[ab]">&gt;&gt;</a>&nbsp;&nbsp;&nbsp;LCD_PutChar
<LI><a href="#[aa]">&gt;&gt;</a>&nbsp;&nbsp;&nbsp;LCD_WriteBMP
<LI><a href="#[a8]">&gt;&gt;</a>&nbsp;&nbsp;&nbsp;CT
<LI><a href="#[a7]">&gt;&gt;</a>&nbsp;&nbsp;&nbsp;Flicker_COLUMN
<LI><a href="#[a6]">&gt;&gt;</a>&nbsp;&nbsp;&nbsp;Flicker_PIXEL
<LI><a href="#[88]">&gt;&gt;</a>&nbsp;&nbsp;&nbsp;RGB_color
<LI><a href="#[84]">&gt;&gt;</a>&nbsp;&nbsp;&nbsp;LCD_WriteArea
<LI><a href="#[83]">&gt;&gt;</a>&nbsp;&nbsp;&nbsp;Flicker_sub_pixel
<LI><a href="#[50]">&gt;&gt;</a>&nbsp;&nbsp;&nbsp;Disp_BMP
<LI><a href="#[7f]">&gt;&gt;</a>&nbsp;&nbsp;&nbsp;All_Color
</UL>

<P><STRONG><a name="[a5]"></a>LCD_DrawPoint</STRONG> (Thumb, 46 bytes, Stack size 24 bytes, lcd.o(.text))
<BR><BR>[Stack]<UL><LI>Max Depth = 32<LI>Call Chain = LCD_DrawPoint &rArr; SSD1963Data_8
</UL>
<BR>[Calls]<UL><LI><a href="#[93]">&gt;&gt;</a>&nbsp;&nbsp;&nbsp;SSD1963Data_8
</UL>
<BR>[Called By]<UL><LI><a href="#[50]">&gt;&gt;</a>&nbsp;&nbsp;&nbsp;Disp_BMP
</UL>

<P><STRONG><a name="[84]"></a>LCD_WriteArea</STRONG> (Thumb, 98 bytes, Stack size 56 bytes, lcd.o(.text))
<BR><BR>[Stack]<UL><LI>Max Depth = 104<LI>Call Chain = LCD_WriteArea &rArr; LCD_SetDisplayWindow &rArr; SSD1963Command_8
</UL>
<BR>[Calls]<UL><LI><a href="#[a4]">&gt;&gt;</a>&nbsp;&nbsp;&nbsp;LCD_WriteRAM_Prepare
<LI><a href="#[a3]">&gt;&gt;</a>&nbsp;&nbsp;&nbsp;LCD_SetDisplayWindow
<LI><a href="#[93]">&gt;&gt;</a>&nbsp;&nbsp;&nbsp;SSD1963Data_8
</UL>
<BR>[Called By]<UL><LI><a href="#[46]">&gt;&gt;</a>&nbsp;&nbsp;&nbsp;main
</UL>

<P><STRONG><a name="[83]"></a>Flicker_sub_pixel</STRONG> (Thumb, 86 bytes, Stack size 16 bytes, lcd.o(.text))
<BR><BR>[Stack]<UL><LI>Max Depth = 64<LI>Call Chain = Flicker_sub_pixel &rArr; LCD_SetDisplayWindow &rArr; SSD1963Command_8
</UL>
<BR>[Calls]<UL><LI><a href="#[a4]">&gt;&gt;</a>&nbsp;&nbsp;&nbsp;LCD_WriteRAM_Prepare
<LI><a href="#[a3]">&gt;&gt;</a>&nbsp;&nbsp;&nbsp;LCD_SetDisplayWindow
<LI><a href="#[93]">&gt;&gt;</a>&nbsp;&nbsp;&nbsp;SSD1963Data_8
</UL>
<BR>[Called By]<UL><LI><a href="#[46]">&gt;&gt;</a>&nbsp;&nbsp;&nbsp;main
</UL>

<P><STRONG><a name="[a6]"></a>Flicker_PIXEL</STRONG> (Thumb, 86 bytes, Stack size 16 bytes, lcd.o(.text), UNUSED)
<BR><BR>[Calls]<UL><LI><a href="#[a4]">&gt;&gt;</a>&nbsp;&nbsp;&nbsp;LCD_WriteRAM_Prepare
<LI><a href="#[a3]">&gt;&gt;</a>&nbsp;&nbsp;&nbsp;LCD_SetDisplayWindow
<LI><a href="#[93]">&gt;&gt;</a>&nbsp;&nbsp;&nbsp;SSD1963Data_8
</UL>

<P><STRONG><a name="[a7]"></a>Flicker_COLUMN</STRONG> (Thumb, 86 bytes, Stack size 16 bytes, lcd.o(.text), UNUSED)
<BR><BR>[Calls]<UL><LI><a href="#[a4]">&gt;&gt;</a>&nbsp;&nbsp;&nbsp;LCD_WriteRAM_Prepare
<LI><a href="#[a3]">&gt;&gt;</a>&nbsp;&nbsp;&nbsp;LCD_SetDisplayWindow
<LI><a href="#[93]">&gt;&gt;</a>&nbsp;&nbsp;&nbsp;SSD1963Data_8
</UL>

<P><STRONG><a name="[88]"></a>RGB_color</STRONG> (Thumb, 214 bytes, Stack size 24 bytes, lcd.o(.text))
<BR><BR>[Stack]<UL><LI>Max Depth = 72<LI>Call Chain = RGB_color &rArr; LCD_SetDisplayWindow &rArr; SSD1963Command_8
</UL>
<BR>[Calls]<UL><LI><a href="#[a4]">&gt;&gt;</a>&nbsp;&nbsp;&nbsp;LCD_WriteRAM_Prepare
<LI><a href="#[a3]">&gt;&gt;</a>&nbsp;&nbsp;&nbsp;LCD_SetDisplayWindow
<LI><a href="#[93]">&gt;&gt;</a>&nbsp;&nbsp;&nbsp;SSD1963Data_8
</UL>
<BR>[Called By]<UL><LI><a href="#[46]">&gt;&gt;</a>&nbsp;&nbsp;&nbsp;main
</UL>

<P><STRONG><a name="[a8]"></a>CT</STRONG> (Thumb, 126 bytes, Stack size 16 bytes, lcd.o(.text), UNUSED)
<BR><BR>[Calls]<UL><LI><a href="#[a4]">&gt;&gt;</a>&nbsp;&nbsp;&nbsp;LCD_WriteRAM_Prepare
<LI><a href="#[a3]">&gt;&gt;</a>&nbsp;&nbsp;&nbsp;LCD_SetDisplayWindow
<LI><a href="#[93]">&gt;&gt;</a>&nbsp;&nbsp;&nbsp;SSD1963Data_8
</UL>

<P><STRONG><a name="[7f]"></a>All_Color</STRONG> (Thumb, 66 bytes, Stack size 24 bytes, lcd.o(.text))
<BR><BR>[Stack]<UL><LI>Max Depth = 72<LI>Call Chain = All_Color &rArr; LCD_SetDisplayWindow &rArr; SSD1963Command_8
</UL>
<BR>[Calls]<UL><LI><a href="#[a4]">&gt;&gt;</a>&nbsp;&nbsp;&nbsp;LCD_WriteRAM_Prepare
<LI><a href="#[a3]">&gt;&gt;</a>&nbsp;&nbsp;&nbsp;LCD_SetDisplayWindow
<LI><a href="#[93]">&gt;&gt;</a>&nbsp;&nbsp;&nbsp;SSD1963Data_8
</UL>
<BR>[Called By]<UL><LI><a href="#[a9]">&gt;&gt;</a>&nbsp;&nbsp;&nbsp;LCD_Clear
<LI><a href="#[46]">&gt;&gt;</a>&nbsp;&nbsp;&nbsp;main
</UL>

<P><STRONG><a name="[a9]"></a>LCD_Clear</STRONG> (Thumb, 14 bytes, Stack size 8 bytes, lcd.o(.text), UNUSED)
<BR><BR>[Calls]<UL><LI><a href="#[7f]">&gt;&gt;</a>&nbsp;&nbsp;&nbsp;All_Color
</UL>

<P><STRONG><a name="[aa]"></a>LCD_WriteBMP</STRONG> (Thumb, 110 bytes, Stack size 56 bytes, lcd.o(.text), UNUSED)
<BR><BR>[Calls]<UL><LI><a href="#[a4]">&gt;&gt;</a>&nbsp;&nbsp;&nbsp;LCD_WriteRAM_Prepare
<LI><a href="#[a3]">&gt;&gt;</a>&nbsp;&nbsp;&nbsp;LCD_SetDisplayWindow
<LI><a href="#[93]">&gt;&gt;</a>&nbsp;&nbsp;&nbsp;SSD1963Data_8
</UL>

<P><STRONG><a name="[ab]"></a>LCD_PutChar</STRONG> (Thumb, 154 bytes, Stack size 40 bytes, lcd.o(.text))
<BR><BR>[Stack]<UL><LI>Max Depth = 88<LI>Call Chain = LCD_PutChar &rArr; LCD_SetDisplayWindow &rArr; SSD1963Command_8
</UL>
<BR>[Calls]<UL><LI><a href="#[a4]">&gt;&gt;</a>&nbsp;&nbsp;&nbsp;LCD_WriteRAM_Prepare
<LI><a href="#[a3]">&gt;&gt;</a>&nbsp;&nbsp;&nbsp;LCD_SetDisplayWindow
<LI><a href="#[93]">&gt;&gt;</a>&nbsp;&nbsp;&nbsp;SSD1963Data_8
</UL>
<BR>[Called By]<UL><LI><a href="#[57]">&gt;&gt;</a>&nbsp;&nbsp;&nbsp;LCD_DisplayStringLine
</UL>

<P><STRONG><a name="[57]"></a>LCD_DisplayStringLine</STRONG> (Thumb, 58 bytes, Stack size 24 bytes, lcd.o(.text))
<BR><BR>[Stack]<UL><LI>Max Depth = 112<LI>Call Chain = LCD_DisplayStringLine &rArr; LCD_PutChar &rArr; LCD_SetDisplayWindow &rArr; SSD1963Command_8
</UL>
<BR>[Calls]<UL><LI><a href="#[ab]">&gt;&gt;</a>&nbsp;&nbsp;&nbsp;LCD_PutChar
</UL>
<BR>[Called By]<UL><LI><a href="#[50]">&gt;&gt;</a>&nbsp;&nbsp;&nbsp;Disp_BMP
<LI><a href="#[89]">&gt;&gt;</a>&nbsp;&nbsp;&nbsp;READ_SSD2825
<LI><a href="#[46]">&gt;&gt;</a>&nbsp;&nbsp;&nbsp;main
<LI><a href="#[58]">&gt;&gt;</a>&nbsp;&nbsp;&nbsp;I2C_MEMSURE1
<LI><a href="#[56]">&gt;&gt;</a>&nbsp;&nbsp;&nbsp;SHOW_value
</UL>

<P><STRONG><a name="[ac]"></a>LCD_PutChar_A</STRONG> (Thumb, 226 bytes, Stack size 80 bytes, lcd.o(.text))
<BR><BR>[Stack]<UL><LI>Max Depth = 128<LI>Call Chain = LCD_PutChar_A &rArr; LCD_SetDisplayWindow &rArr; SSD1963Command_8
</UL>
<BR>[Calls]<UL><LI><a href="#[a4]">&gt;&gt;</a>&nbsp;&nbsp;&nbsp;LCD_WriteRAM_Prepare
<LI><a href="#[a3]">&gt;&gt;</a>&nbsp;&nbsp;&nbsp;LCD_SetDisplayWindow
<LI><a href="#[93]">&gt;&gt;</a>&nbsp;&nbsp;&nbsp;SSD1963Data_8
</UL>
<BR>[Called By]<UL><LI><a href="#[80]">&gt;&gt;</a>&nbsp;&nbsp;&nbsp;LCD_DisplayStringLine_A
</UL>

<P><STRONG><a name="[80]"></a>LCD_DisplayStringLine_A</STRONG> (Thumb, 98 bytes, Stack size 40 bytes, lcd.o(.text))
<BR><BR>[Stack]<UL><LI>Max Depth = 168<LI>Call Chain = LCD_DisplayStringLine_A &rArr; LCD_PutChar_A &rArr; LCD_SetDisplayWindow &rArr; SSD1963Command_8
</UL>
<BR>[Calls]<UL><LI><a href="#[ac]">&gt;&gt;</a>&nbsp;&nbsp;&nbsp;LCD_PutChar_A
</UL>
<BR>[Called By]<UL><LI><a href="#[46]">&gt;&gt;</a>&nbsp;&nbsp;&nbsp;main
</UL>

<P><STRONG><a name="[10f]"></a>DMA_DeInit</STRONG> (Thumb, 316 bytes, Stack size 0 bytes, stm32f10x_dma.o(.text), UNUSED)

<P><STRONG><a name="[d6]"></a>DMA_Init</STRONG> (Thumb, 60 bytes, Stack size 8 bytes, stm32f10x_dma.o(.text))
<BR><BR>[Stack]<UL><LI>Max Depth = 8<LI>Call Chain = DMA_Init
</UL>
<BR>[Called By]<UL><LI><a href="#[dc]">&gt;&gt;</a>&nbsp;&nbsp;&nbsp;SD_WriteMultiBlocks
<LI><a href="#[da]">&gt;&gt;</a>&nbsp;&nbsp;&nbsp;SD_WriteBlock
<LI><a href="#[d8]">&gt;&gt;</a>&nbsp;&nbsp;&nbsp;SD_ReadMultiBlocks
<LI><a href="#[d1]">&gt;&gt;</a>&nbsp;&nbsp;&nbsp;SD_ReadBlock
</UL>

<P><STRONG><a name="[110]"></a>DMA_StructInit</STRONG> (Thumb, 26 bytes, Stack size 0 bytes, stm32f10x_dma.o(.text), UNUSED)

<P><STRONG><a name="[d5]"></a>DMA_Cmd</STRONG> (Thumb, 22 bytes, Stack size 0 bytes, stm32f10x_dma.o(.text))
<BR><BR>[Called By]<UL><LI><a href="#[dc]">&gt;&gt;</a>&nbsp;&nbsp;&nbsp;SD_WriteMultiBlocks
<LI><a href="#[da]">&gt;&gt;</a>&nbsp;&nbsp;&nbsp;SD_WriteBlock
<LI><a href="#[d8]">&gt;&gt;</a>&nbsp;&nbsp;&nbsp;SD_ReadMultiBlocks
<LI><a href="#[d1]">&gt;&gt;</a>&nbsp;&nbsp;&nbsp;SD_ReadBlock
</UL>

<P><STRONG><a name="[111]"></a>DMA_ITConfig</STRONG> (Thumb, 18 bytes, Stack size 0 bytes, stm32f10x_dma.o(.text), UNUSED)

<P><STRONG><a name="[112]"></a>DMA_GetCurrDataCounter</STRONG> (Thumb, 8 bytes, Stack size 0 bytes, stm32f10x_dma.o(.text), UNUSED)

<P><STRONG><a name="[d7]"></a>DMA_GetFlagStatus</STRONG> (Thumb, 34 bytes, Stack size 0 bytes, stm32f10x_dma.o(.text))
<BR><BR>[Called By]<UL><LI><a href="#[dc]">&gt;&gt;</a>&nbsp;&nbsp;&nbsp;SD_WriteMultiBlocks
<LI><a href="#[da]">&gt;&gt;</a>&nbsp;&nbsp;&nbsp;SD_WriteBlock
<LI><a href="#[d8]">&gt;&gt;</a>&nbsp;&nbsp;&nbsp;SD_ReadMultiBlocks
<LI><a href="#[d1]">&gt;&gt;</a>&nbsp;&nbsp;&nbsp;SD_ReadBlock
</UL>

<P><STRONG><a name="[d4]"></a>DMA_ClearFlag</STRONG> (Thumb, 18 bytes, Stack size 0 bytes, stm32f10x_dma.o(.text))
<BR><BR>[Called By]<UL><LI><a href="#[dc]">&gt;&gt;</a>&nbsp;&nbsp;&nbsp;SD_WriteMultiBlocks
<LI><a href="#[da]">&gt;&gt;</a>&nbsp;&nbsp;&nbsp;SD_WriteBlock
<LI><a href="#[d8]">&gt;&gt;</a>&nbsp;&nbsp;&nbsp;SD_ReadMultiBlocks
<LI><a href="#[d1]">&gt;&gt;</a>&nbsp;&nbsp;&nbsp;SD_ReadBlock
</UL>

<P><STRONG><a name="[113]"></a>DMA_GetITStatus</STRONG> (Thumb, 34 bytes, Stack size 0 bytes, stm32f10x_dma.o(.text), UNUSED)

<P><STRONG><a name="[114]"></a>DMA_ClearITPendingBit</STRONG> (Thumb, 18 bytes, Stack size 0 bytes, stm32f10x_dma.o(.text), UNUSED)

<P><STRONG><a name="[75]"></a>FLASH_SetLatency</STRONG> (Thumb, 22 bytes, Stack size 0 bytes, stm32f10x_flash.o(.text))
<BR><BR>[Called By]<UL><LI><a href="#[70]">&gt;&gt;</a>&nbsp;&nbsp;&nbsp;RCC_Configuration
</UL>

<P><STRONG><a name="[115]"></a>FLASH_HalfCycleAccessCmd</STRONG> (Thumb, 22 bytes, Stack size 0 bytes, stm32f10x_flash.o(.text), UNUSED)

<P><STRONG><a name="[74]"></a>FLASH_PrefetchBufferCmd</STRONG> (Thumb, 22 bytes, Stack size 0 bytes, stm32f10x_flash.o(.text))
<BR><BR>[Called By]<UL><LI><a href="#[70]">&gt;&gt;</a>&nbsp;&nbsp;&nbsp;RCC_Configuration
</UL>

<P><STRONG><a name="[ad]"></a>GPIO_DeInit</STRONG> (Thumb, 188 bytes, Stack size 8 bytes, stm32f10x_gpio.o(.text), UNUSED)
<BR><BR>[Calls]<UL><LI><a href="#[ae]">&gt;&gt;</a>&nbsp;&nbsp;&nbsp;RCC_APB2PeriphResetCmd
</UL>

<P><STRONG><a name="[af]"></a>GPIO_AFIODeInit</STRONG> (Thumb, 20 bytes, Stack size 8 bytes, stm32f10x_gpio.o(.text), UNUSED)
<BR><BR>[Calls]<UL><LI><a href="#[ae]">&gt;&gt;</a>&nbsp;&nbsp;&nbsp;RCC_APB2PeriphResetCmd
</UL>

<P><STRONG><a name="[67]"></a>GPIO_Init</STRONG> (Thumb, 274 bytes, Stack size 24 bytes, stm32f10x_gpio.o(.text))
<BR><BR>[Stack]<UL><LI>Max Depth = 24<LI>Call Chain = GPIO_Init
</UL>
<BR>[Called By]<UL><LI><a href="#[a0]">&gt;&gt;</a>&nbsp;&nbsp;&nbsp;SPISDASetOutput
<LI><a href="#[9f]">&gt;&gt;</a>&nbsp;&nbsp;&nbsp;SPISDASetInput
<LI><a href="#[99]">&gt;&gt;</a>&nbsp;&nbsp;&nbsp;LCD_CtrlLinesConfig
<LI><a href="#[60]">&gt;&gt;</a>&nbsp;&nbsp;&nbsp;SD_Init
<LI><a href="#[92]">&gt;&gt;</a>&nbsp;&nbsp;&nbsp;USART1GPIO_Configuration
<LI><a href="#[65]">&gt;&gt;</a>&nbsp;&nbsp;&nbsp;KEYGPIO_Init
<LI><a href="#[fc]">&gt;&gt;</a>&nbsp;&nbsp;&nbsp;I2CSDASetOutput
<LI><a href="#[fb]">&gt;&gt;</a>&nbsp;&nbsp;&nbsp;I2CSDASetInput
</UL>

<P><STRONG><a name="[116]"></a>GPIO_StructInit</STRONG> (Thumb, 16 bytes, Stack size 0 bytes, stm32f10x_gpio.o(.text), UNUSED)

<P><STRONG><a name="[a1]"></a>GPIO_ReadInputDataBit</STRONG> (Thumb, 18 bytes, Stack size 0 bytes, stm32f10x_gpio.o(.text))
<BR><BR>[Called By]<UL><LI><a href="#[8a]">&gt;&gt;</a>&nbsp;&nbsp;&nbsp;SSD2825_READ
<LI><a href="#[104]">&gt;&gt;</a>&nbsp;&nbsp;&nbsp;I2CReciveByte
</UL>

<P><STRONG><a name="[117]"></a>GPIO_ReadInputData</STRONG> (Thumb, 8 bytes, Stack size 0 bytes, stm32f10x_gpio.o(.text), UNUSED)

<P><STRONG><a name="[118]"></a>GPIO_ReadOutputDataBit</STRONG> (Thumb, 18 bytes, Stack size 0 bytes, stm32f10x_gpio.o(.text), UNUSED)

<P><STRONG><a name="[119]"></a>GPIO_ReadOutputData</STRONG> (Thumb, 8 bytes, Stack size 0 bytes, stm32f10x_gpio.o(.text), UNUSED)

<P><STRONG><a name="[fe]"></a>GPIO_SetBits</STRONG> (Thumb, 4 bytes, Stack size 0 bytes, stm32f10x_gpio.o(.text))
<BR><BR>[Called By]<UL><LI><a href="#[104]">&gt;&gt;</a>&nbsp;&nbsp;&nbsp;I2CReciveByte
<LI><a href="#[103]">&gt;&gt;</a>&nbsp;&nbsp;&nbsp;I2CSendByte1
<LI><a href="#[102]">&gt;&gt;</a>&nbsp;&nbsp;&nbsp;I2CSendByte
<LI><a href="#[101]">&gt;&gt;</a>&nbsp;&nbsp;&nbsp;I2CStop
<LI><a href="#[fd]">&gt;&gt;</a>&nbsp;&nbsp;&nbsp;I2CStart
</UL>

<P><STRONG><a name="[100]"></a>GPIO_ResetBits</STRONG> (Thumb, 4 bytes, Stack size 0 bytes, stm32f10x_gpio.o(.text))
<BR><BR>[Called By]<UL><LI><a href="#[104]">&gt;&gt;</a>&nbsp;&nbsp;&nbsp;I2CReciveByte
<LI><a href="#[103]">&gt;&gt;</a>&nbsp;&nbsp;&nbsp;I2CSendByte1
<LI><a href="#[102]">&gt;&gt;</a>&nbsp;&nbsp;&nbsp;I2CSendByte
<LI><a href="#[101]">&gt;&gt;</a>&nbsp;&nbsp;&nbsp;I2CStop
<LI><a href="#[fd]">&gt;&gt;</a>&nbsp;&nbsp;&nbsp;I2CStart
</UL>

<P><STRONG><a name="[11a]"></a>GPIO_WriteBit</STRONG> (Thumb, 10 bytes, Stack size 0 bytes, stm32f10x_gpio.o(.text), UNUSED)

<P><STRONG><a name="[94]"></a>GPIO_Write</STRONG> (Thumb, 4 bytes, Stack size 0 bytes, stm32f10x_gpio.o(.text))
<BR><BR>[Called By]<UL><LI><a href="#[95]">&gt;&gt;</a>&nbsp;&nbsp;&nbsp;SSD1963Command_8
<LI><a href="#[93]">&gt;&gt;</a>&nbsp;&nbsp;&nbsp;SSD1963Data_8
</UL>

<P><STRONG><a name="[11b]"></a>GPIO_PinLockConfig</STRONG> (Thumb, 18 bytes, Stack size 0 bytes, stm32f10x_gpio.o(.text), UNUSED)

<P><STRONG><a name="[11c]"></a>GPIO_EventOutputConfig</STRONG> (Thumb, 26 bytes, Stack size 0 bytes, stm32f10x_gpio.o(.text), UNUSED)

<P><STRONG><a name="[11d]"></a>GPIO_EventOutputCmd</STRONG> (Thumb, 6 bytes, Stack size 0 bytes, stm32f10x_gpio.o(.text), UNUSED)

<P><STRONG><a name="[9a]"></a>GPIO_PinRemapConfig</STRONG> (Thumb, 106 bytes, Stack size 20 bytes, stm32f10x_gpio.o(.text))
<BR><BR>[Stack]<UL><LI>Max Depth = 20<LI>Call Chain = GPIO_PinRemapConfig
</UL>
<BR>[Called By]<UL><LI><a href="#[99]">&gt;&gt;</a>&nbsp;&nbsp;&nbsp;LCD_CtrlLinesConfig
</UL>

<P><STRONG><a name="[11e]"></a>GPIO_EXTILineConfig</STRONG> (Thumb, 66 bytes, Stack size 12 bytes, stm32f10x_gpio.o(.text), UNUSED)

<P><STRONG><a name="[8c]"></a>NVIC_DeInit</STRONG> (Thumb, 58 bytes, Stack size 0 bytes, stm32f10x_nvic.o(.text), UNUSED)
<BR><BR>[Called By]<UL><LI><a href="#[8b]">&gt;&gt;</a>&nbsp;&nbsp;&nbsp;InterruptConfig
</UL>

<P><STRONG><a name="[11f]"></a>NVIC_SCBDeInit</STRONG> (Thumb, 92 bytes, Stack size 0 bytes, stm32f10x_nvic.o(.text), UNUSED)

<P><STRONG><a name="[6d]"></a>NVIC_PriorityGroupConfig</STRONG> (Thumb, 10 bytes, Stack size 0 bytes, stm32f10x_nvic.o(.text))
<BR><BR>[Called By]<UL><LI><a href="#[6c]">&gt;&gt;</a>&nbsp;&nbsp;&nbsp;NVIC_Configuration
</UL>

<P><STRONG><a name="[6e]"></a>NVIC_Init</STRONG> (Thumb, 192 bytes, Stack size 20 bytes, stm32f10x_nvic.o(.text))
<BR><BR>[Stack]<UL><LI>Max Depth = 20<LI>Call Chain = NVIC_Init
</UL>
<BR>[Called By]<UL><LI><a href="#[6c]">&gt;&gt;</a>&nbsp;&nbsp;&nbsp;NVIC_Configuration
</UL>

<P><STRONG><a name="[120]"></a>NVIC_StructInit</STRONG> (Thumb, 12 bytes, Stack size 0 bytes, stm32f10x_nvic.o(.text), UNUSED)

<P><STRONG><a name="[b0]"></a>NVIC_SETPRIMASK</STRONG> (Thumb, 8 bytes, Stack size 8 bytes, stm32f10x_nvic.o(.text), UNUSED)
<BR><BR>[Calls]<UL><LI><a href="#[b1]">&gt;&gt;</a>&nbsp;&nbsp;&nbsp;__SETPRIMASK
</UL>

<P><STRONG><a name="[b2]"></a>NVIC_RESETPRIMASK</STRONG> (Thumb, 8 bytes, Stack size 8 bytes, stm32f10x_nvic.o(.text), UNUSED)
<BR><BR>[Calls]<UL><LI><a href="#[b3]">&gt;&gt;</a>&nbsp;&nbsp;&nbsp;__RESETPRIMASK
</UL>

<P><STRONG><a name="[b4]"></a>NVIC_SETFAULTMASK</STRONG> (Thumb, 8 bytes, Stack size 8 bytes, stm32f10x_nvic.o(.text), UNUSED)
<BR><BR>[Calls]<UL><LI><a href="#[b5]">&gt;&gt;</a>&nbsp;&nbsp;&nbsp;__SETFAULTMASK
</UL>

<P><STRONG><a name="[b6]"></a>NVIC_RESETFAULTMASK</STRONG> (Thumb, 8 bytes, Stack size 8 bytes, stm32f10x_nvic.o(.text), UNUSED)
<BR><BR>[Calls]<UL><LI><a href="#[b7]">&gt;&gt;</a>&nbsp;&nbsp;&nbsp;__RESETFAULTMASK
</UL>

<P><STRONG><a name="[b8]"></a>NVIC_BASEPRICONFIG</STRONG> (Thumb, 12 bytes, Stack size 8 bytes, stm32f10x_nvic.o(.text), UNUSED)
<BR><BR>[Calls]<UL><LI><a href="#[b9]">&gt;&gt;</a>&nbsp;&nbsp;&nbsp;__BASEPRICONFIG
</UL>

<P><STRONG><a name="[ba]"></a>NVIC_GetBASEPRI</STRONG> (Thumb, 8 bytes, Stack size 8 bytes, stm32f10x_nvic.o(.text), UNUSED)
<BR><BR>[Calls]<UL><LI><a href="#[bb]">&gt;&gt;</a>&nbsp;&nbsp;&nbsp;__GetBASEPRI
</UL>

<P><STRONG><a name="[121]"></a>NVIC_GetCurrentPendingIRQChannel</STRONG> (Thumb, 10 bytes, Stack size 0 bytes, stm32f10x_nvic.o(.text), UNUSED)

<P><STRONG><a name="[122]"></a>NVIC_GetIRQChannelPendingBitStatus</STRONG> (Thumb, 42 bytes, Stack size 8 bytes, stm32f10x_nvic.o(.text), UNUSED)

<P><STRONG><a name="[123]"></a>NVIC_SetIRQChannelPendingBit</STRONG> (Thumb, 6 bytes, Stack size 0 bytes, stm32f10x_nvic.o(.text), UNUSED)

<P><STRONG><a name="[124]"></a>NVIC_ClearIRQChannelPendingBit</STRONG> (Thumb, 20 bytes, Stack size 0 bytes, stm32f10x_nvic.o(.text), UNUSED)

<P><STRONG><a name="[125]"></a>NVIC_GetCurrentActiveHandler</STRONG> (Thumb, 10 bytes, Stack size 0 bytes, stm32f10x_nvic.o(.text), UNUSED)

<P><STRONG><a name="[126]"></a>NVIC_GetIRQChannelActiveBitStatus</STRONG> (Thumb, 42 bytes, Stack size 8 bytes, stm32f10x_nvic.o(.text), UNUSED)

<P><STRONG><a name="[127]"></a>NVIC_GetCPUID</STRONG> (Thumb, 6 bytes, Stack size 0 bytes, stm32f10x_nvic.o(.text), UNUSED)

<P><STRONG><a name="[6f]"></a>NVIC_SetVectorTable</STRONG> (Thumb, 12 bytes, Stack size 0 bytes, stm32f10x_nvic.o(.text))
<BR><BR>[Called By]<UL><LI><a href="#[6c]">&gt;&gt;</a>&nbsp;&nbsp;&nbsp;NVIC_Configuration
</UL>

<P><STRONG><a name="[128]"></a>NVIC_GenerateSystemReset</STRONG> (Thumb, 10 bytes, Stack size 0 bytes, stm32f10x_nvic.o(.text), UNUSED)

<P><STRONG><a name="[129]"></a>NVIC_GenerateCoreReset</STRONG> (Thumb, 10 bytes, Stack size 0 bytes, stm32f10x_nvic.o(.text), UNUSED)

<P><STRONG><a name="[12a]"></a>NVIC_SystemLPConfig</STRONG> (Thumb, 38 bytes, Stack size 0 bytes, stm32f10x_nvic.o(.text), UNUSED)

<P><STRONG><a name="[12b]"></a>NVIC_SystemHandlerConfig</STRONG> (Thumb, 52 bytes, Stack size 8 bytes, stm32f10x_nvic.o(.text), UNUSED)

<P><STRONG><a name="[8d]"></a>NVIC_SystemHandlerPriorityConfig</STRONG> (Thumb, 122 bytes, Stack size 20 bytes, stm32f10x_nvic.o(.text), UNUSED)
<BR><BR>[Called By]<UL><LI><a href="#[8b]">&gt;&gt;</a>&nbsp;&nbsp;&nbsp;InterruptConfig
</UL>

<P><STRONG><a name="[12c]"></a>NVIC_GetSystemHandlerPendingBitStatus</STRONG> (Thumb, 42 bytes, Stack size 8 bytes, stm32f10x_nvic.o(.text), UNUSED)

<P><STRONG><a name="[12d]"></a>NVIC_SetSystemHandlerPendingBit</STRONG> (Thumb, 32 bytes, Stack size 0 bytes, stm32f10x_nvic.o(.text), UNUSED)

<P><STRONG><a name="[12e]"></a>NVIC_ClearSystemHandlerPendingBit</STRONG> (Thumb, 38 bytes, Stack size 8 bytes, stm32f10x_nvic.o(.text), UNUSED)

<P><STRONG><a name="[12f]"></a>NVIC_GetSystemHandlerActiveBitStatus</STRONG> (Thumb, 40 bytes, Stack size 8 bytes, stm32f10x_nvic.o(.text), UNUSED)

<P><STRONG><a name="[130]"></a>NVIC_GetFaultHandlerSources</STRONG> (Thumb, 126 bytes, Stack size 12 bytes, stm32f10x_nvic.o(.text), UNUSED)

<P><STRONG><a name="[131]"></a>NVIC_GetFaultAddress</STRONG> (Thumb, 24 bytes, Stack size 0 bytes, stm32f10x_nvic.o(.text), UNUSED)

<P><STRONG><a name="[71]"></a>RCC_DeInit</STRONG> (Thumb, 62 bytes, Stack size 0 bytes, stm32f10x_rcc.o(.text))
<BR><BR>[Called By]<UL><LI><a href="#[70]">&gt;&gt;</a>&nbsp;&nbsp;&nbsp;RCC_Configuration
</UL>

<P><STRONG><a name="[72]"></a>RCC_HSEConfig</STRONG> (Thumb, 70 bytes, Stack size 0 bytes, stm32f10x_rcc.o(.text))
<BR><BR>[Called By]<UL><LI><a href="#[70]">&gt;&gt;</a>&nbsp;&nbsp;&nbsp;RCC_Configuration
</UL>

<P><STRONG><a name="[7b]"></a>RCC_GetFlagStatus</STRONG> (Thumb, 56 bytes, Stack size 8 bytes, stm32f10x_rcc.o(.text))
<BR><BR>[Stack]<UL><LI>Max Depth = 8<LI>Call Chain = RCC_GetFlagStatus
</UL>
<BR>[Called By]<UL><LI><a href="#[73]">&gt;&gt;</a>&nbsp;&nbsp;&nbsp;RCC_WaitForHSEStartUp
<LI><a href="#[70]">&gt;&gt;</a>&nbsp;&nbsp;&nbsp;RCC_Configuration
</UL>

<P><STRONG><a name="[73]"></a>RCC_WaitForHSEStartUp</STRONG> (Thumb, 46 bytes, Stack size 16 bytes, stm32f10x_rcc.o(.text))
<BR><BR>[Stack]<UL><LI>Max Depth = 24<LI>Call Chain = RCC_WaitForHSEStartUp &rArr; RCC_GetFlagStatus
</UL>
<BR>[Calls]<UL><LI><a href="#[7b]">&gt;&gt;</a>&nbsp;&nbsp;&nbsp;RCC_GetFlagStatus
</UL>
<BR>[Called By]<UL><LI><a href="#[70]">&gt;&gt;</a>&nbsp;&nbsp;&nbsp;RCC_Configuration
</UL>

<P><STRONG><a name="[132]"></a>RCC_AdjustHSICalibrationValue</STRONG> (Thumb, 20 bytes, Stack size 0 bytes, stm32f10x_rcc.o(.text), UNUSED)

<P><STRONG><a name="[133]"></a>RCC_HSICmd</STRONG> (Thumb, 6 bytes, Stack size 0 bytes, stm32f10x_rcc.o(.text), UNUSED)

<P><STRONG><a name="[79]"></a>RCC_PLLConfig</STRONG> (Thumb, 24 bytes, Stack size 0 bytes, stm32f10x_rcc.o(.text))
<BR><BR>[Called By]<UL><LI><a href="#[70]">&gt;&gt;</a>&nbsp;&nbsp;&nbsp;RCC_Configuration
</UL>

<P><STRONG><a name="[7a]"></a>RCC_PLLCmd</STRONG> (Thumb, 6 bytes, Stack size 0 bytes, stm32f10x_rcc.o(.text))
<BR><BR>[Called By]<UL><LI><a href="#[70]">&gt;&gt;</a>&nbsp;&nbsp;&nbsp;RCC_Configuration
</UL>

<P><STRONG><a name="[7c]"></a>RCC_SYSCLKConfig</STRONG> (Thumb, 18 bytes, Stack size 0 bytes, stm32f10x_rcc.o(.text))
<BR><BR>[Called By]<UL><LI><a href="#[70]">&gt;&gt;</a>&nbsp;&nbsp;&nbsp;RCC_Configuration
</UL>

<P><STRONG><a name="[7d]"></a>RCC_GetSYSCLKSource</STRONG> (Thumb, 10 bytes, Stack size 0 bytes, stm32f10x_rcc.o(.text))
<BR><BR>[Called By]<UL><LI><a href="#[70]">&gt;&gt;</a>&nbsp;&nbsp;&nbsp;RCC_Configuration
</UL>

<P><STRONG><a name="[76]"></a>RCC_HCLKConfig</STRONG> (Thumb, 18 bytes, Stack size 0 bytes, stm32f10x_rcc.o(.text))
<BR><BR>[Called By]<UL><LI><a href="#[70]">&gt;&gt;</a>&nbsp;&nbsp;&nbsp;RCC_Configuration
</UL>

<P><STRONG><a name="[78]"></a>RCC_PCLK1Config</STRONG> (Thumb, 18 bytes, Stack size 0 bytes, stm32f10x_rcc.o(.text))
<BR><BR>[Called By]<UL><LI><a href="#[70]">&gt;&gt;</a>&nbsp;&nbsp;&nbsp;RCC_Configuration
</UL>

<P><STRONG><a name="[77]"></a>RCC_PCLK2Config</STRONG> (Thumb, 20 bytes, Stack size 0 bytes, stm32f10x_rcc.o(.text))
<BR><BR>[Called By]<UL><LI><a href="#[70]">&gt;&gt;</a>&nbsp;&nbsp;&nbsp;RCC_Configuration
</UL>

<P><STRONG><a name="[134]"></a>RCC_ITConfig</STRONG> (Thumb, 30 bytes, Stack size 0 bytes, stm32f10x_rcc.o(.text), UNUSED)

<P><STRONG><a name="[135]"></a>RCC_USBCLKConfig</STRONG> (Thumb, 6 bytes, Stack size 0 bytes, stm32f10x_rcc.o(.text), UNUSED)

<P><STRONG><a name="[136]"></a>RCC_ADCCLKConfig</STRONG> (Thumb, 18 bytes, Stack size 0 bytes, stm32f10x_rcc.o(.text), UNUSED)

<P><STRONG><a name="[137]"></a>RCC_LSEConfig</STRONG> (Thumb, 44 bytes, Stack size 0 bytes, stm32f10x_rcc.o(.text), UNUSED)

<P><STRONG><a name="[138]"></a>RCC_LSICmd</STRONG> (Thumb, 6 bytes, Stack size 0 bytes, stm32f10x_rcc.o(.text), UNUSED)

<P><STRONG><a name="[139]"></a>RCC_RTCCLKConfig</STRONG> (Thumb, 12 bytes, Stack size 0 bytes, stm32f10x_rcc.o(.text), UNUSED)

<P><STRONG><a name="[13a]"></a>RCC_RTCCLKCmd</STRONG> (Thumb, 6 bytes, Stack size 0 bytes, stm32f10x_rcc.o(.text), UNUSED)

<P><STRONG><a name="[be]"></a>RCC_GetClocksFreq</STRONG> (Thumb, 192 bytes, Stack size 12 bytes, stm32f10x_rcc.o(.text), UNUSED)
<BR><BR>[Called By]<UL><LI><a href="#[90]">&gt;&gt;</a>&nbsp;&nbsp;&nbsp;USART_Init
</UL>

<P><STRONG><a name="[cb]"></a>RCC_AHBPeriphClockCmd</STRONG> (Thumb, 26 bytes, Stack size 0 bytes, stm32f10x_rcc.o(.text))
<BR><BR>[Called By]<UL><LI><a href="#[60]">&gt;&gt;</a>&nbsp;&nbsp;&nbsp;SD_Init
</UL>

<P><STRONG><a name="[66]"></a>RCC_APB2PeriphClockCmd</STRONG> (Thumb, 26 bytes, Stack size 0 bytes, stm32f10x_rcc.o(.text))
<BR><BR>[Called By]<UL><LI><a href="#[99]">&gt;&gt;</a>&nbsp;&nbsp;&nbsp;LCD_CtrlLinesConfig
<LI><a href="#[60]">&gt;&gt;</a>&nbsp;&nbsp;&nbsp;SD_Init
<LI><a href="#[70]">&gt;&gt;</a>&nbsp;&nbsp;&nbsp;RCC_Configuration
<LI><a href="#[65]">&gt;&gt;</a>&nbsp;&nbsp;&nbsp;KEYGPIO_Init
</UL>

<P><STRONG><a name="[13b]"></a>RCC_APB1PeriphClockCmd</STRONG> (Thumb, 26 bytes, Stack size 0 bytes, stm32f10x_rcc.o(.text), UNUSED)

<P><STRONG><a name="[ae]"></a>RCC_APB2PeriphResetCmd</STRONG> (Thumb, 26 bytes, Stack size 0 bytes, stm32f10x_rcc.o(.text), UNUSED)
<BR><BR>[Called By]<UL><LI><a href="#[af]">&gt;&gt;</a>&nbsp;&nbsp;&nbsp;GPIO_AFIODeInit
<LI><a href="#[ad]">&gt;&gt;</a>&nbsp;&nbsp;&nbsp;GPIO_DeInit
<LI><a href="#[bc]">&gt;&gt;</a>&nbsp;&nbsp;&nbsp;USART_DeInit
</UL>

<P><STRONG><a name="[bd]"></a>RCC_APB1PeriphResetCmd</STRONG> (Thumb, 26 bytes, Stack size 0 bytes, stm32f10x_rcc.o(.text), UNUSED)
<BR><BR>[Called By]<UL><LI><a href="#[bc]">&gt;&gt;</a>&nbsp;&nbsp;&nbsp;USART_DeInit
</UL>

<P><STRONG><a name="[13c]"></a>RCC_BackupResetCmd</STRONG> (Thumb, 6 bytes, Stack size 0 bytes, stm32f10x_rcc.o(.text), UNUSED)

<P><STRONG><a name="[13d]"></a>RCC_ClockSecuritySystemCmd</STRONG> (Thumb, 6 bytes, Stack size 0 bytes, stm32f10x_rcc.o(.text), UNUSED)

<P><STRONG><a name="[13e]"></a>RCC_MCOConfig</STRONG> (Thumb, 6 bytes, Stack size 0 bytes, stm32f10x_rcc.o(.text), UNUSED)

<P><STRONG><a name="[13f]"></a>RCC_ClearFlag</STRONG> (Thumb, 14 bytes, Stack size 0 bytes, stm32f10x_rcc.o(.text), UNUSED)

<P><STRONG><a name="[140]"></a>RCC_GetITStatus</STRONG> (Thumb, 20 bytes, Stack size 0 bytes, stm32f10x_rcc.o(.text), UNUSED)

<P><STRONG><a name="[141]"></a>RCC_ClearITPendingBit</STRONG> (Thumb, 6 bytes, Stack size 0 bytes, stm32f10x_rcc.o(.text), UNUSED)

<P><STRONG><a name="[cc]"></a>SDIO_DeInit</STRONG> (Thumb, 28 bytes, Stack size 0 bytes, stm32f10x_sdio.o(.text))
<BR><BR>[Called By]<UL><LI><a href="#[60]">&gt;&gt;</a>&nbsp;&nbsp;&nbsp;SD_Init
</UL>

<P><STRONG><a name="[c7]"></a>SDIO_Init</STRONG> (Thumb, 42 bytes, Stack size 0 bytes, stm32f10x_sdio.o(.text))
<BR><BR>[Called By]<UL><LI><a href="#[60]">&gt;&gt;</a>&nbsp;&nbsp;&nbsp;SD_Init
<LI><a href="#[63]">&gt;&gt;</a>&nbsp;&nbsp;&nbsp;SD_EnableWideBusOperation
<LI><a href="#[c6]">&gt;&gt;</a>&nbsp;&nbsp;&nbsp;SD_PowerON
</UL>

<P><STRONG><a name="[142]"></a>SDIO_StructInit</STRONG> (Thumb, 16 bytes, Stack size 0 bytes, stm32f10x_sdio.o(.text), UNUSED)

<P><STRONG><a name="[c9]"></a>SDIO_ClockCmd</STRONG> (Thumb, 6 bytes, Stack size 0 bytes, stm32f10x_sdio.o(.text))
<BR><BR>[Called By]<UL><LI><a href="#[c6]">&gt;&gt;</a>&nbsp;&nbsp;&nbsp;SD_PowerON
</UL>

<P><STRONG><a name="[c8]"></a>SDIO_SetPowerState</STRONG> (Thumb, 22 bytes, Stack size 0 bytes, stm32f10x_sdio.o(.text))
<BR><BR>[Called By]<UL><LI><a href="#[cd]">&gt;&gt;</a>&nbsp;&nbsp;&nbsp;SD_PowerOFF
<LI><a href="#[c6]">&gt;&gt;</a>&nbsp;&nbsp;&nbsp;SD_PowerON
</UL>

<P><STRONG><a name="[c0]"></a>SDIO_GetPowerState</STRONG> (Thumb, 10 bytes, Stack size 0 bytes, stm32f10x_sdio.o(.text))
<BR><BR>[Called By]<UL><LI><a href="#[bf]">&gt;&gt;</a>&nbsp;&nbsp;&nbsp;SD_InitializeCards
</UL>

<P><STRONG><a name="[d3]"></a>SDIO_ITConfig</STRONG> (Thumb, 26 bytes, Stack size 0 bytes, stm32f10x_sdio.o(.text))
<BR><BR>[Called By]<UL><LI><a href="#[4b]">&gt;&gt;</a>&nbsp;&nbsp;&nbsp;SD_ProcessIRQSrc
<LI><a href="#[dc]">&gt;&gt;</a>&nbsp;&nbsp;&nbsp;SD_WriteMultiBlocks
<LI><a href="#[da]">&gt;&gt;</a>&nbsp;&nbsp;&nbsp;SD_WriteBlock
<LI><a href="#[d8]">&gt;&gt;</a>&nbsp;&nbsp;&nbsp;SD_ReadMultiBlocks
<LI><a href="#[d1]">&gt;&gt;</a>&nbsp;&nbsp;&nbsp;SD_ReadBlock
</UL>

<P><STRONG><a name="[d2]"></a>SDIO_DMACmd</STRONG> (Thumb, 6 bytes, Stack size 0 bytes, stm32f10x_sdio.o(.text))
<BR><BR>[Called By]<UL><LI><a href="#[dc]">&gt;&gt;</a>&nbsp;&nbsp;&nbsp;SD_WriteMultiBlocks
<LI><a href="#[da]">&gt;&gt;</a>&nbsp;&nbsp;&nbsp;SD_WriteBlock
<LI><a href="#[d8]">&gt;&gt;</a>&nbsp;&nbsp;&nbsp;SD_ReadMultiBlocks
<LI><a href="#[d1]">&gt;&gt;</a>&nbsp;&nbsp;&nbsp;SD_ReadBlock
</UL>

<P><STRONG><a name="[c1]"></a>SDIO_SendCommand</STRONG> (Thumb, 38 bytes, Stack size 0 bytes, stm32f10x_sdio.o(.text))
<BR><BR>[Called By]<UL><LI><a href="#[62]">&gt;&gt;</a>&nbsp;&nbsp;&nbsp;SD_SelectDeselect
<LI><a href="#[4b]">&gt;&gt;</a>&nbsp;&nbsp;&nbsp;SD_ProcessIRQSrc
<LI><a href="#[e0]">&gt;&gt;</a>&nbsp;&nbsp;&nbsp;SD_SendSDStatus
<LI><a href="#[df]">&gt;&gt;</a>&nbsp;&nbsp;&nbsp;SD_SendStatus
<LI><a href="#[de]">&gt;&gt;</a>&nbsp;&nbsp;&nbsp;SD_Erase
<LI><a href="#[dd]">&gt;&gt;</a>&nbsp;&nbsp;&nbsp;SD_StopTransfer
<LI><a href="#[dc]">&gt;&gt;</a>&nbsp;&nbsp;&nbsp;SD_WriteMultiBlocks
<LI><a href="#[da]">&gt;&gt;</a>&nbsp;&nbsp;&nbsp;SD_WriteBlock
<LI><a href="#[d8]">&gt;&gt;</a>&nbsp;&nbsp;&nbsp;SD_ReadMultiBlocks
<LI><a href="#[d1]">&gt;&gt;</a>&nbsp;&nbsp;&nbsp;SD_ReadBlock
<LI><a href="#[c6]">&gt;&gt;</a>&nbsp;&nbsp;&nbsp;SD_PowerON
<LI><a href="#[bf]">&gt;&gt;</a>&nbsp;&nbsp;&nbsp;SD_InitializeCards
<LI><a href="#[d9]">&gt;&gt;</a>&nbsp;&nbsp;&nbsp;IsCardProgramming
<LI><a href="#[ce]">&gt;&gt;</a>&nbsp;&nbsp;&nbsp;SDEnWideBus
</UL>

<P><STRONG><a name="[143]"></a>SDIO_CmdStructInit</STRONG> (Thumb, 14 bytes, Stack size 0 bytes, stm32f10x_sdio.o(.text), UNUSED)

<P><STRONG><a name="[c4]"></a>SDIO_GetCommandResponse</STRONG> (Thumb, 8 bytes, Stack size 0 bytes, stm32f10x_sdio.o(.text))
<BR><BR>[Called By]<UL><LI><a href="#[bf]">&gt;&gt;</a>&nbsp;&nbsp;&nbsp;SD_InitializeCards
<LI><a href="#[d9]">&gt;&gt;</a>&nbsp;&nbsp;&nbsp;IsCardProgramming
<LI><a href="#[c5]">&gt;&gt;</a>&nbsp;&nbsp;&nbsp;CmdResp1Error
</UL>

[...]
<BR><BR>[Calls]<UL><LI><a href="#[e7]">&gt;&gt;</a>&nbsp;&nbsp;&nbsp;malloc
<LI><a href="#[e8]">&gt;&gt;</a>&nbsp;&nbsp;&nbsp;free
<LI><a href="#[ed]">&gt;&gt;</a>&nbsp;&nbsp;&nbsp;__ARM_common_memset4_12
<LI><a href="#[e9]">&gt;&gt;</a>&nbsp;&nbsp;&nbsp;FAT_FindItem
<LI><a href="#[da]">&gt;&gt;</a>&nbsp;&nbsp;&nbsp;SD_WriteBlock
<LI><a href="#[d1]">&gt;&gt;</a>&nbsp;&nbsp;&nbsp;SD_ReadBlock
</UL>

<P><STRONG><a name="[f9]"></a>CopyDirentruyItem</STRONG> (Thumb, 172 bytes, Stack size 0 bytes, fat.o(.text))
<BR><BR>[Called By]<UL><LI><a href="#[fa]">&gt;&gt;</a>&nbsp;&nbsp;&nbsp;Search_man
<LI><a href="#[f8]">&gt;&gt;</a>&nbsp;&nbsp;&nbsp;Search
</UL>

<P><STRONG><a name="[17b]"></a>WriteFolderCluster</STRONG> (Thumb, 6 bytes, Stack size 0 bytes, fat.o(.text), UNUSED)

<P><STRONG><a name="[17c]"></a>GetFolderCluster</STRONG> (Thumb, 6 bytes, Stack size 0 bytes, fat.o(.text), UNUSED)

<P><STRONG><a name="[f7]"></a>SearchFolder</STRONG> (Thumb, 438 bytes, Stack size 552 bytes, fat.o(.text))
<BR><BR>[Stack]<UL><LI>Max Depth = 648<LI>Call Chain = SearchFolder &rArr; SD_ReadBlock &rArr; CmdResp1Error
</UL>
<BR>[Calls]<UL><LI><a href="#[e7]">&gt;&gt;</a>&nbsp;&nbsp;&nbsp;malloc
<LI><a href="#[e8]">&gt;&gt;</a>&nbsp;&nbsp;&nbsp;free
<LI><a href="#[d1]">&gt;&gt;</a>&nbsp;&nbsp;&nbsp;SD_ReadBlock
</UL>
<BR>[Called By]<UL><LI><a href="#[82]">&gt;&gt;</a>&nbsp;&nbsp;&nbsp;SearchInit
</UL>

<P><STRONG><a name="[82]"></a>SearchInit</STRONG> (Thumb, 74 bytes, Stack size 24 bytes, fat.o(.text))
<BR><BR>[Stack]<UL><LI>Max Depth = 672<LI>Call Chain = SearchInit &rArr; SearchFolder &rArr; SD_ReadBlock &rArr; CmdResp1Error
</UL>
<BR>[Calls]<UL><LI><a href="#[f7]">&gt;&gt;</a>&nbsp;&nbsp;&nbsp;SearchFolder
</UL>
<BR>[Called By]<UL><LI><a href="#[46]">&gt;&gt;</a>&nbsp;&nbsp;&nbsp;main
</UL>

<P><STRONG><a name="[f8]"></a>Search</STRONG> (Thumb, 1202 bytes, Stack size 576 bytes, fat.o(.text), UNUSED)
<BR><BR>[Calls]<UL><LI><a href="#[e7]">&gt;&gt;</a>&nbsp;&nbsp;&nbsp;malloc
<LI><a href="#[e8]">&gt;&gt;</a>&nbsp;&nbsp;&nbsp;free
<LI><a href="#[f9]">&gt;&gt;</a>&nbsp;&nbsp;&nbsp;CopyDirentruyItem
<LI><a href="#[d1]">&gt;&gt;</a>&nbsp;&nbsp;&nbsp;SD_ReadBlock
</UL>

<P><STRONG><a name="[fa]"></a>Search_man</STRONG> (Thumb, 488 bytes, Stack size 568 bytes, fat.o(.text))
<BR><BR>[Stack]<UL><LI>Max Depth = 664<LI>Call Chain = Search_man &rArr; SD_ReadBlock &rArr; CmdResp1Error
</UL>
<BR>[Calls]<UL><LI><a href="#[e7]">&gt;&gt;</a>&nbsp;&nbsp;&nbsp;malloc
<LI><a href="#[e8]">&gt;&gt;</a>&nbsp;&nbsp;&nbsp;free
<LI><a href="#[f9]">&gt;&gt;</a>&nbsp;&nbsp;&nbsp;CopyDirentruyItem
<LI><a href="#[d1]">&gt;&gt;</a>&nbsp;&nbsp;&nbsp;SD_ReadBlock
</UL>
<BR>[Called By]<UL><LI><a href="#[50]">&gt;&gt;</a>&nbsp;&nbsp;&nbsp;Disp_BMP
</UL>

<P><STRONG><a name="[50]"></a>Disp_BMP</STRONG> (Thumb, 656 bytes, Stack size 120 bytes, disp.o(.text))
<BR><BR>[Stack]<UL><LI>Max Depth = 784<LI>Call Chain = Disp_BMP &rArr; Search_man &rArr; SD_ReadBlock &rArr; CmdResp1Error
</UL>
<BR>[Calls]<UL><LI><a href="#[a5]">&gt;&gt;</a>&nbsp;&nbsp;&nbsp;LCD_DrawPoint
<LI><a href="#[a4]">&gt;&gt;</a>&nbsp;&nbsp;&nbsp;LCD_WriteRAM_Prepare
<LI><a href="#[a3]">&gt;&gt;</a>&nbsp;&nbsp;&nbsp;LCD_SetDisplayWindow
<LI><a href="#[57]">&gt;&gt;</a>&nbsp;&nbsp;&nbsp;LCD_DisplayStringLine
<LI><a href="#[e7]">&gt;&gt;</a>&nbsp;&nbsp;&nbsp;malloc
<LI><a href="#[e8]">&gt;&gt;</a>&nbsp;&nbsp;&nbsp;free
<LI><a href="#[fa]">&gt;&gt;</a>&nbsp;&nbsp;&nbsp;Search_man
<LI><a href="#[e4]">&gt;&gt;</a>&nbsp;&nbsp;&nbsp;FAT_NextCluster
<LI><a href="#[e3]">&gt;&gt;</a>&nbsp;&nbsp;&nbsp;FAT_LoadPartCluster
</UL>
<BR>[Called By]<UL><LI><a href="#[46]">&gt;&gt;</a>&nbsp;&nbsp;&nbsp;main
<LI><a href="#[4f]">&gt;&gt;</a>&nbsp;&nbsp;&nbsp;SDPicShow
</UL>

<P><STRONG><a name="[fb]"></a>I2CSDASetInput</STRONG> (Thumb, 24 bytes, Stack size 8 bytes, tsl2583.o(.text))
<BR><BR>[Stack]<UL><LI>Max Depth = 32<LI>Call Chain = I2CSDASetInput &rArr; GPIO_Init
</UL>
<BR>[Calls]<UL><LI><a href="#[67]">&gt;&gt;</a>&nbsp;&nbsp;&nbsp;GPIO_Init
</UL>
<BR>[Called By]<UL><LI><a href="#[104]">&gt;&gt;</a>&nbsp;&nbsp;&nbsp;I2CReciveByte
<LI><a href="#[103]">&gt;&gt;</a>&nbsp;&nbsp;&nbsp;I2CSendByte1
<LI><a href="#[102]">&gt;&gt;</a>&nbsp;&nbsp;&nbsp;I2CSendByte
</UL>

<P><STRONG><a name="[fc]"></a>I2CSDASetOutput</STRONG> (Thumb, 30 bytes, Stack size 8 bytes, tsl2583.o(.text))
<BR><BR>[Stack]<UL><LI>Max Depth = 32<LI>Call Chain = I2CSDASetOutput &rArr; GPIO_Init
</UL>
<BR>[Calls]<UL><LI><a href="#[67]">&gt;&gt;</a>&nbsp;&nbsp;&nbsp;GPIO_Init
</UL>
<BR>[Called By]<UL><LI><a href="#[104]">&gt;&gt;</a>&nbsp;&nbsp;&nbsp;I2CReciveByte
<LI><a href="#[103]">&gt;&gt;</a>&nbsp;&nbsp;&nbsp;I2CSendByte1
<LI><a href="#[102]">&gt;&gt;</a>&nbsp;&nbsp;&nbsp;I2CSendByte
</UL>

<P><STRONG><a name="[ff]"></a>Dly_10ns</STRONG> (Thumb, 22 bytes, Stack size 0 bytes, tsl2583.o(.text))
<BR><BR>[Called By]<UL><LI><a href="#[104]">&gt;&gt;</a>&nbsp;&nbsp;&nbsp;I2CReciveByte
<LI><a href="#[103]">&gt;&gt;</a>&nbsp;&nbsp;&nbsp;I2CSendByte1
<LI><a href="#[102]">&gt;&gt;</a>&nbsp;&nbsp;&nbsp;I2CSendByte
<LI><a href="#[101]">&gt;&gt;</a>&nbsp;&nbsp;&nbsp;I2CStop
<LI><a href="#[fd]">&gt;&gt;</a>&nbsp;&nbsp;&nbsp;I2CStart
</UL>

<P><STRONG><a name="[fd]"></a>I2CStart</STRONG> (Thumb, 46 bytes, Stack size 8 bytes, tsl2583.o(.text))
<BR><BR>[Stack]<UL><LI>Max Depth = 8<LI>Call Chain = I2CStart
</UL>
<BR>[Calls]<UL><LI><a href="#[100]">&gt;&gt;</a>&nbsp;&nbsp;&nbsp;GPIO_ResetBits
<LI><a href="#[fe]">&gt;&gt;</a>&nbsp;&nbsp;&nbsp;GPIO_SetBits
<LI><a href="#[ff]">&gt;&gt;</a>&nbsp;&nbsp;&nbsp;Dly_10ns
</UL>
<BR>[Called By]<UL><LI><a href="#[5a]">&gt;&gt;</a>&nbsp;&nbsp;&nbsp;I2C_READ_BYTE
<LI><a href="#[105]">&gt;&gt;</a>&nbsp;&nbsp;&nbsp;I2C_WRITE_BYTE
</UL>

<P><STRONG><a name="[101]"></a>I2CStop</STRONG> (Thumb, 46 bytes, Stack size 8 bytes, tsl2583.o(.text))
<BR><BR>[Stack]<UL><LI>Max Depth = 8<LI>Call Chain = I2CStop
</UL>
<BR>[Calls]<UL><LI><a href="#[100]">&gt;&gt;</a>&nbsp;&nbsp;&nbsp;GPIO_ResetBits
<LI><a href="#[fe]">&gt;&gt;</a>&nbsp;&nbsp;&nbsp;GPIO_SetBits
<LI><a href="#[ff]">&gt;&gt;</a>&nbsp;&nbsp;&nbsp;Dly_10ns
</UL>
<BR>[Called By]<UL><LI><a href="#[5a]">&gt;&gt;</a>&nbsp;&nbsp;&nbsp;I2C_READ_BYTE
<LI><a href="#[105]">&gt;&gt;</a>&nbsp;&nbsp;&nbsp;I2C_WRITE_BYTE
</UL>

<P><STRONG><a name="[102]"></a>I2CSendByte</STRONG> (Thumb, 150 bytes, Stack size 16 bytes, tsl2583.o(.text))
<BR><BR>[Stack]<UL><LI>Max Depth = 48<LI>Call Chain = I2CSendByte &rArr; I2CSDASetOutput &rArr; GPIO_Init
</UL>
<BR>[Calls]<UL><LI><a href="#[100]">&gt;&gt;</a>&nbsp;&nbsp;&nbsp;GPIO_ResetBits
<LI><a href="#[fe]">&gt;&gt;</a>&nbsp;&nbsp;&nbsp;GPIO_SetBits
<LI><a href="#[ff]">&gt;&gt;</a>&nbsp;&nbsp;&nbsp;Dly_10ns
<LI><a href="#[fc]">&gt;&gt;</a>&nbsp;&nbsp;&nbsp;I2CSDASetOutput
<LI><a href="#[fb]">&gt;&gt;</a>&nbsp;&nbsp;&nbsp;I2CSDASetInput
</UL>
<BR>[Called By]<UL><LI><a href="#[5a]">&gt;&gt;</a>&nbsp;&nbsp;&nbsp;I2C_READ_BYTE
<LI><a href="#[105]">&gt;&gt;</a>&nbsp;&nbsp;&nbsp;I2C_WRITE_BYTE
</UL>

<P><STRONG><a name="[103]"></a>I2CSendByte1</STRONG> (Thumb, 150 bytes, Stack size 16 bytes, tsl2583.o(.text))
<BR><BR>[Stack]<UL><LI>Max Depth = 48<LI>Call Chain = I2CSendByte1 &rArr; I2CSDASetOutput &rArr; GPIO_Init
</UL>
<BR>[Calls]<UL><LI><a href="#[100]">&gt;&gt;</a>&nbsp;&nbsp;&nbsp;GPIO_ResetBits
<LI><a href="#[fe]">&gt;&gt;</a>&nbsp;&nbsp;&nbsp;GPIO_SetBits
<LI><a href="#[ff]">&gt;&gt;</a>&nbsp;&nbsp;&nbsp;Dly_10ns
<LI><a href="#[fc]">&gt;&gt;</a>&nbsp;&nbsp;&nbsp;I2CSDASetOutput
<LI><a href="#[fb]">&gt;&gt;</a>&nbsp;&nbsp;&nbsp;I2CSDASetInput
</UL>
<BR>[Called By]<UL><LI><a href="#[5a]">&gt;&gt;</a>&nbsp;&nbsp;&nbsp;I2C_READ_BYTE
</UL>

<P><STRONG><a name="[104]"></a>I2CReciveByte</STRONG> (Thumb, 136 bytes, Stack size 16 bytes, tsl2583.o(.text))
<BR><BR>[Stack]<UL><LI>Max Depth = 48<LI>Call Chain = I2CReciveByte &rArr; I2CSDASetOutput &rArr; GPIO_Init
</UL>
<BR>[Calls]<UL><LI><a href="#[100]">&gt;&gt;</a>&nbsp;&nbsp;&nbsp;GPIO_ResetBits
<LI><a href="#[fe]">&gt;&gt;</a>&nbsp;&nbsp;&nbsp;GPIO_SetBits
<LI><a href="#[a1]">&gt;&gt;</a>&nbsp;&nbsp;&nbsp;GPIO_ReadInputDataBit
<LI><a href="#[ff]">&gt;&gt;</a>&nbsp;&nbsp;&nbsp;Dly_10ns
<LI><a href="#[fc]">&gt;&gt;</a>&nbsp;&nbsp;&nbsp;I2CSDASetOutput
<LI><a href="#[fb]">&gt;&gt;</a>&nbsp;&nbsp;&nbsp;I2CSDASetInput
</UL>
<BR>[Called By]<UL><LI><a href="#[5a]">&gt;&gt;</a>&nbsp;&nbsp;&nbsp;I2C_READ_BYTE
</UL>

<P><STRONG><a name="[105]"></a>I2C_WRITE_BYTE</STRONG> (Thumb, 56 bytes, Stack size 24 bytes, tsl2583.o(.text))
<BR><BR>[Stack]<UL><LI>Max Depth = 72<LI>Call Chain = I2C_WRITE_BYTE &rArr; I2CSendByte &rArr; I2CSDASetOutput &rArr; GPIO_Init
</UL>
<BR>[Calls]<UL><LI><a href="#[102]">&gt;&gt;</a>&nbsp;&nbsp;&nbsp;I2CSendByte
<LI><a href="#[101]">&gt;&gt;</a>&nbsp;&nbsp;&nbsp;I2CStop
<LI><a href="#[fd]">&gt;&gt;</a>&nbsp;&nbsp;&nbsp;I2CStart
</UL>
<BR>[Called By]<UL><LI><a href="#[5d]">&gt;&gt;</a>&nbsp;&nbsp;&nbsp;TSL2583_init
<LI><a href="#[5b]">&gt;&gt;</a>&nbsp;&nbsp;&nbsp;GET_FLICKER
<LI><a href="#[106]">&gt;&gt;</a>&nbsp;&nbsp;&nbsp;GET_LIGHT
</UL>

<P><STRONG><a name="[5a]"></a>I2C_READ_BYTE</STRONG> (Thumb, 76 bytes, Stack size 24 bytes, tsl2583.o(.text))
<BR><BR>[Stack]<UL><LI>Max Depth = 72<LI>Call Chain = I2C_READ_BYTE &rArr; I2CReciveByte &rArr; I2CSDASetOutput &rArr; GPIO_Init
</UL>
<BR>[Calls]<UL><LI><a href="#[104]">&gt;&gt;</a>&nbsp;&nbsp;&nbsp;I2CReciveByte
<LI><a href="#[103]">&gt;&gt;</a>&nbsp;&nbsp;&nbsp;I2CSendByte1
<LI><a href="#[102]">&gt;&gt;</a>&nbsp;&nbsp;&nbsp;I2CSendByte
<LI><a href="#[101]">&gt;&gt;</a>&nbsp;&nbsp;&nbsp;I2CStop
<LI><a href="#[fd]">&gt;&gt;</a>&nbsp;&nbsp;&nbsp;I2CStart
</UL>
<BR>[Called By]<UL><LI><a href="#[58]">&gt;&gt;</a>&nbsp;&nbsp;&nbsp;I2C_MEMSURE1
<LI><a href="#[106]">&gt;&gt;</a>&nbsp;&nbsp;&nbsp;GET_LIGHT
</UL>

<P><STRONG><a name="[106]"></a>GET_LIGHT</STRONG> (Thumb, 66 bytes, Stack size 16 bytes, tsl2583.o(.text))
<BR><BR>[Stack]<UL><LI>Max Depth = 88<LI>Call Chain = GET_LIGHT &rArr; I2C_READ_BYTE &rArr; I2CReciveByte &rArr; I2CSDASetOutput &rArr; GPIO_Init
</UL>
<BR>[Calls]<UL><LI><a href="#[5a]">&gt;&gt;</a>&nbsp;&nbsp;&nbsp;I2C_READ_BYTE
<LI><a href="#[51]">&gt;&gt;</a>&nbsp;&nbsp;&nbsp;MDelay
<LI><a href="#[105]">&gt;&gt;</a>&nbsp;&nbsp;&nbsp;I2C_WRITE_BYTE
</UL>
<BR>[Called By]<UL><LI><a href="#[5b]">&gt;&gt;</a>&nbsp;&nbsp;&nbsp;GET_FLICKER
</UL>

<P><STRONG><a name="[107]"></a>TSL2583_address_set</STRONG> (Thumb, 8 bytes, Stack size 0 bytes, tsl2583.o(.text))
<BR><BR>[Called By]<UL><LI><a href="#[5d]">&gt;&gt;</a>&nbsp;&nbsp;&nbsp;TSL2583_init
<LI><a href="#[5b]">&gt;&gt;</a>&nbsp;&nbsp;&nbsp;GET_FLICKER
</UL>

<P><STRONG><a name="[5d]"></a>TSL2583_init</STRONG> (Thumb, 50 bytes, Stack size 8 bytes, tsl2583.o(.text))
<BR><BR>[Stack]<UL><LI>Max Depth = 80<LI>Call Chain = TSL2583_init &rArr; I2C_WRITE_BYTE &rArr; I2CSendByte &rArr; I2CSDASetOutput &rArr; GPIO_Init
</UL>
<BR>[Calls]<UL><LI><a href="#[107]">&gt;&gt;</a>&nbsp;&nbsp;&nbsp;TSL2583_address_set
<LI><a href="#[105]">&gt;&gt;</a>&nbsp;&nbsp;&nbsp;I2C_WRITE_BYTE
</UL>
<BR>[Called By]<UL><LI><a href="#[46]">&gt;&gt;</a>&nbsp;&nbsp;&nbsp;main
<LI><a href="#[5c]">&gt;&gt;</a>&nbsp;&nbsp;&nbsp;I2C_DATAL_COMPAREX
</UL>

<P><STRONG><a name="[5b]"></a>GET_FLICKER</STRONG> (Thumb, 206 bytes, Stack size 40 bytes, tsl2583.o(.text))
<BR><BR>[Stack]<UL><LI>Max Depth = 128<LI>Call Chain = GET_FLICKER &rArr; GET_LIGHT &rArr; I2C_READ_BYTE &rArr; I2CReciveByte &rArr; I2CSDASetOutput &rArr; GPIO_Init
</UL>
<BR>[Calls]<UL><LI><a href="#[107]">&gt;&gt;</a>&nbsp;&nbsp;&nbsp;TSL2583_address_set
<LI><a href="#[106]">&gt;&gt;</a>&nbsp;&nbsp;&nbsp;GET_LIGHT
<LI><a href="#[105]">&gt;&gt;</a>&nbsp;&nbsp;&nbsp;I2C_WRITE_BYTE
</UL>
<BR>[Called By]<UL><LI><a href="#[58]">&gt;&gt;</a>&nbsp;&nbsp;&nbsp;I2C_MEMSURE1
</UL>

<P><STRONG><a name="[108]"></a>__aeabi_memset</STRONG> (Thumb, 14 bytes, Stack size 0 bytes, memseta.o(.text), UNUSED)
<BR><BR>[Called By]<UL><LI><a href="#[109]">&gt;&gt;</a>&nbsp;&nbsp;&nbsp;_memset$wrapper
<LI><a href="#[ee]">&gt;&gt;</a>&nbsp;&nbsp;&nbsp;__aeabi_memclr
</UL>

<P><STRONG><a name="[17d]"></a>__aeabi_memset4</STRONG> (Thumb, 0 bytes, Stack size 0 bytes, memseta.o(.text), UNUSED)

<P><STRONG><a name="[17e]"></a>__aeabi_memset8</STRONG> (Thumb, 0 bytes, Stack size 0 bytes, memseta.o(.text), UNUSED)

<P><STRONG><a name="[ee]"></a>__aeabi_memclr</STRONG> (Thumb, 4 bytes, Stack size 0 bytes, memseta.o(.text), UNUSED)
<BR><BR>[Calls]<UL><LI><a href="#[108]">&gt;&gt;</a>&nbsp;&nbsp;&nbsp;__aeabi_memset
</UL>
<BR>[Called By]<UL><LI><a href="#[ec]">&gt;&gt;</a>&nbsp;&nbsp;&nbsp;FAT_MkDir
</UL>

<P><STRONG><a name="[17f]"></a>__aeabi_memclr4</STRONG> (Thumb, 0 bytes, Stack size 0 bytes, memseta.o(.text), UNUSED)

<P><STRONG><a name="[180]"></a>__aeabi_memclr8</STRONG> (Thumb, 0 bytes, Stack size 0 bytes, memseta.o(.text), UNUSED)

<P><STRONG><a name="[109]"></a>_memset$wrapper</STRONG> (Thumb, 20 bytes, Stack size 8 bytes, memseta.o(.text), UNUSED)
<BR><BR>[Calls]<UL><LI><a href="#[108]">&gt;&gt;</a>&nbsp;&nbsp;&nbsp;__aeabi_memset
</UL>

<P><STRONG><a name="[9b]"></a>__aeabi_i2f</STRONG> (Thumb, 18 bytes, Stack size 0 bytes, fflti.o(.text))
<BR><BR>[Stack]<UL><LI>Max Depth = 4<LI>Call Chain = __aeabi_i2f &rArr; _float_epilogue
</UL>
<BR>[Calls]<UL><LI><a href="#[10a]">&gt;&gt;</a>&nbsp;&nbsp;&nbsp;_float_epilogue
</UL>
<BR>[Called By]<UL><LI><a href="#[7e]">&gt;&gt;</a>&nbsp;&nbsp;&nbsp;STM32_SSD1963_Init
</UL>

<P><STRONG><a name="[9c]"></a>__aeabi_f2uiz</STRONG> (Thumb, 40 bytes, Stack size 0 bytes, ffixui.o(.text))
<BR><BR>[Called By]<UL><LI><a href="#[7e]">&gt;&gt;</a>&nbsp;&nbsp;&nbsp;STM32_SSD1963_Init
</UL>

<P><STRONG><a name="[181]"></a>__I$use$fp</STRONG> (Thumb, 0 bytes, Stack size 0 bytes, iusefp.o(.text), UNUSED)

<P><STRONG><a name="[182]"></a>_float_round</STRONG> (Thumb, 18 bytes, Stack size 0 bytes, fepilogue.o(.text), UNUSED)

<P><STRONG><a name="[10a]"></a>_float_epilogue</STRONG> (Thumb, 94 bytes, Stack size 4 bytes, fepilogue.o(.text))
<BR><BR>[Stack]<UL><LI>Max Depth = 4<LI>Call Chain = _float_epilogue
</UL>
<BR>[Called By]<UL><LI><a href="#[9b]">&gt;&gt;</a>&nbsp;&nbsp;&nbsp;__aeabi_i2f
</UL>

<P><STRONG><a name="[49]"></a>__scatterload</STRONG> (Thumb, 28 bytes, Stack size 0 bytes, init.o(.text))
<BR><BR>[Calls]<UL><LI><a href="#[10b]">&gt;&gt;</a>&nbsp;&nbsp;&nbsp;__main_after_scatterload
</UL>
<BR>[Called By]<UL><LI><a href="#[48]">&gt;&gt;</a>&nbsp;&nbsp;&nbsp;_main_scatterload
</UL>

<P><STRONG><a name="[183]"></a>__scatterload_rt2</STRONG> (Thumb, 0 bytes, Stack size 0 bytes, init.o(.text), UNUSED)

<P><STRONG><a name="[ed]"></a>__ARM_common_memset4_12</STRONG> (Thumb, 18 bytes, Stack size 0 bytes, fat.o(i.__ARM_common_memset4_12), UNUSED)
<BR><BR>[Called By]<UL><LI><a href="#[f6]">&gt;&gt;</a>&nbsp;&nbsp;&nbsp;FAT_Rename
<LI><a href="#[f3]">&gt;&gt;</a>&nbsp;&nbsp;&nbsp;FAT_Open
<LI><a href="#[f2]">&gt;&gt;</a>&nbsp;&nbsp;&nbsp;FAT_Create
<LI><a href="#[f0]">&gt;&gt;</a>&nbsp;&nbsp;&nbsp;FAT_OpenDir
<LI><a href="#[ec]">&gt;&gt;</a>&nbsp;&nbsp;&nbsp;FAT_MkDir
</UL>

<P><STRONG><a name="[184]"></a>__scatterload_copy</STRONG> (Thumb, 14 bytes, Stack size unknown bytes, handlers.o(i.__scatterload_copy), UNUSED)

<P><STRONG><a name="[185]"></a>__scatterload_null</STRONG> (Thumb, 2 bytes, Stack size unknown bytes, handlers.o(i.__scatterload_null), UNUSED)

<P><STRONG><a name="[186]"></a>__scatterload_zeroinit</STRONG> (Thumb, 14 bytes, Stack size unknown bytes, handlers.o(i.__scatterload_zeroinit), UNUSED)

<P><STRONG><a name="[e8]"></a>free</STRONG> (Thumb, 76 bytes, Stack size 8 bytes, malloc.o(i.free))
<BR><BR>[Stack]<UL><LI>Max Depth = 8<LI>Call Chain = free
</UL>
<BR>[Called By]<UL><LI><a href="#[50]">&gt;&gt;</a>&nbsp;&nbsp;&nbsp;Disp_BMP
<LI><a href="#[fa]">&gt;&gt;</a>&nbsp;&nbsp;&nbsp;Search_man
<LI><a href="#[f8]">&gt;&gt;</a>&nbsp;&nbsp;&nbsp;Search
<LI><a href="#[f7]">&gt;&gt;</a>&nbsp;&nbsp;&nbsp;SearchFolder
<LI><a href="#[f6]">&gt;&gt;</a>&nbsp;&nbsp;&nbsp;FAT_Rename
<LI><a href="#[f2]">&gt;&gt;</a>&nbsp;&nbsp;&nbsp;FAT_Create
<LI><a href="#[ef]">&gt;&gt;</a>&nbsp;&nbsp;&nbsp;FAT_DelItem
<LI><a href="#[ec]">&gt;&gt;</a>&nbsp;&nbsp;&nbsp;FAT_MkDir
<LI><a href="#[ea]">&gt;&gt;</a>&nbsp;&nbsp;&nbsp;FAT_SelectOneItem
<LI><a href="#[e9]">&gt;&gt;</a>&nbsp;&nbsp;&nbsp;FAT_FindItem
<LI><a href="#[e6]">&gt;&gt;</a>&nbsp;&nbsp;&nbsp;FAT_FindFreeItem
</UL>

<P><STRONG><a name="[e7]"></a>malloc</STRONG> (Thumb, 92 bytes, Stack size 20 bytes, malloc.o(i.malloc))
<BR><BR>[Stack]<UL><LI>Max Depth = 20<LI>Call Chain = malloc
</UL>
<BR>[Called By]<UL><LI><a href="#[50]">&gt;&gt;</a>&nbsp;&nbsp;&nbsp;Disp_BMP
<LI><a href="#[fa]">&gt;&gt;</a>&nbsp;&nbsp;&nbsp;Search_man
<LI><a href="#[f8]">&gt;&gt;</a>&nbsp;&nbsp;&nbsp;Search
<LI><a href="#[f7]">&gt;&gt;</a>&nbsp;&nbsp;&nbsp;SearchFolder
<LI><a href="#[f6]">&gt;&gt;</a>&nbsp;&nbsp;&nbsp;FAT_Rename
<LI><a href="#[f2]">&gt;&gt;</a>&nbsp;&nbsp;&nbsp;FAT_Create
<LI><a href="#[ef]">&gt;&gt;</a>&nbsp;&nbsp;&nbsp;FAT_DelItem
<LI><a href="#[ec]">&gt;&gt;</a>&nbsp;&nbsp;&nbsp;FAT_MkDir
<LI><a href="#[ea]">&gt;&gt;</a>&nbsp;&nbsp;&nbsp;FAT_SelectOneItem
<LI><a href="#[e9]">&gt;&gt;</a>&nbsp;&nbsp;&nbsp;FAT_FindItem
<LI><a href="#[e6]">&gt;&gt;</a>&nbsp;&nbsp;&nbsp;FAT_FindFreeItem
</UL>
<P>
<H3>
Local Symbols
</H3>
<P><STRONG><a name="[c5]"></a>CmdResp1Error</STRONG> (Thumb, 296 bytes, Stack size 16 bytes, sdcard.o(.text))
<BR><BR>[Stack]<UL><LI>Max Depth = 16<LI>Call Chain = CmdResp1Error
</UL>
<BR>[Calls]<UL><LI><a href="#[c2]">&gt;&gt;</a>&nbsp;&nbsp;&nbsp;SDIO_ClearFlag
<LI><a href="#[c3]">&gt;&gt;</a>&nbsp;&nbsp;&nbsp;SDIO_GetResponse
<LI><a href="#[c4]">&gt;&gt;</a>&nbsp;&nbsp;&nbsp;SDIO_GetCommandResponse
</UL>
<BR>[Called By]<UL><LI><a href="#[62]">&gt;&gt;</a>&nbsp;&nbsp;&nbsp;SD_SelectDeselect
<LI><a href="#[4b]">&gt;&gt;</a>&nbsp;&nbsp;&nbsp;SD_ProcessIRQSrc
<LI><a href="#[e0]">&gt;&gt;</a>&nbsp;&nbsp;&nbsp;SD_SendSDStatus
<LI><a href="#[df]">&gt;&gt;</a>&nbsp;&nbsp;&nbsp;SD_SendStatus
<LI><a href="#[de]">&gt;&gt;</a>&nbsp;&nbsp;&nbsp;SD_Erase
<LI><a href="#[dd]">&gt;&gt;</a>&nbsp;&nbsp;&nbsp;SD_StopTransfer
<LI><a href="#[dc]">&gt;&gt;</a>&nbsp;&nbsp;&nbsp;SD_WriteMultiBlocks
<LI><a href="#[da]">&gt;&gt;</a>&nbsp;&nbsp;&nbsp;SD_WriteBlock
<LI><a href="#[d8]">&gt;&gt;</a>&nbsp;&nbsp;&nbsp;SD_ReadMultiBlocks
<LI><a href="#[d1]">&gt;&gt;</a>&nbsp;&nbsp;&nbsp;SD_ReadBlock
<LI><a href="#[c6]">&gt;&gt;</a>&nbsp;&nbsp;&nbsp;SD_PowerON
<LI><a href="#[ce]">&gt;&gt;</a>&nbsp;&nbsp;&nbsp;SDEnWideBus
</UL>

<P><STRONG><a name="[ce]"></a>SDEnWideBus</STRONG> (Thumb, 548 bytes, Stack size 48 bytes, sdcard.o(.text))
<BR><BR>[Stack]<UL><LI>Max Depth = 64<LI>Call Chain = SDEnWideBus &rArr; CmdResp1Error
</UL>
<BR>[Calls]<UL><LI><a href="#[c5]">&gt;&gt;</a>&nbsp;&nbsp;&nbsp;CmdResp1Error
<LI><a href="#[c2]">&gt;&gt;</a>&nbsp;&nbsp;&nbsp;SDIO_ClearFlag
<LI><a href="#[ca]">&gt;&gt;</a>&nbsp;&nbsp;&nbsp;SDIO_GetFlagStatus
<LI><a href="#[d0]">&gt;&gt;</a>&nbsp;&nbsp;&nbsp;SDIO_ReadData
<LI><a href="#[cf]">&gt;&gt;</a>&nbsp;&nbsp;&nbsp;SDIO_DataConfig
<LI><a href="#[c3]">&gt;&gt;</a>&nbsp;&nbsp;&nbsp;SDIO_GetResponse
<LI><a href="#[c1]">&gt;&gt;</a>&nbsp;&nbsp;&nbsp;SDIO_SendCommand
</UL>
<BR>[Called By]<UL><LI><a href="#[63]">&gt;&gt;</a>&nbsp;&nbsp;&nbsp;SD_EnableWideBusOperation
</UL>

<P><STRONG><a name="[d9]"></a>IsCardProgramming</STRONG> (Thumb, 364 bytes, Stack size 16 bytes, sdcard.o(.text), UNUSED)
<BR><BR>[Calls]<UL><LI><a href="#[c2]">&gt;&gt;</a>&nbsp;&nbsp;&nbsp;SDIO_ClearFlag
<LI><a href="#[c3]">&gt;&gt;</a>&nbsp;&nbsp;&nbsp;SDIO_GetResponse
<LI><a href="#[c4]">&gt;&gt;</a>&nbsp;&nbsp;&nbsp;SDIO_GetCommandResponse
<LI><a href="#[c1]">&gt;&gt;</a>&nbsp;&nbsp;&nbsp;SDIO_SendCommand
</UL>
<BR>[Called By]<UL><LI><a href="#[de]">&gt;&gt;</a>&nbsp;&nbsp;&nbsp;SD_Erase
<LI><a href="#[dc]">&gt;&gt;</a>&nbsp;&nbsp;&nbsp;SD_WriteMultiBlocks
<LI><a href="#[da]">&gt;&gt;</a>&nbsp;&nbsp;&nbsp;SD_WriteBlock
</UL>
<P>
<H3>
Undefined Global Symbols
</H3><HR></body></html>
